Component: ARM Compiler 5.06 update 5 (build 528) Tool: armlink [4d35e2]

==============================================================================

Section Cross References

    stm32f1xx_hal_pwr.o(i.HAL_PWR_EnterSTOPMode) refers to stm32f1xx_hal_pwr.o(i.PWR_OverloadWfe) for PWR_OverloadWfe
    stm32f1xx_hal_pwr.o(i.HAL_PWR_PVD_IRQHandler) refers to stm32f1xx_hal_pwr.o(i.HAL_PWR_PVDCallback) for HAL_PWR_PVDCallback
    stm32f1xx_hal_dma.o(i.HAL_DMA_PollForTransfer) refers to stm32f1xx_hal.o(i.HAL_GetTick) for HAL_GetTick
    stm32f1xx_hal_dma.o(i.HAL_DMA_Start) refers to stm32f1xx_hal_dma.o(i.DMA_SetConfig) for DMA_SetConfig
    stm32f1xx_hal_dma.o(i.HAL_DMA_Start_IT) refers to stm32f1xx_hal_dma.o(i.DMA_SetConfig) for DMA_SetConfig
    stm32f1xx_hal_uart.o(i.HAL_HalfDuplex_Init) refers to stm32f1xx_hal_msp.o(i.HAL_UART_MspInit) for HAL_UART_MspInit
    stm32f1xx_hal_uart.o(i.HAL_HalfDuplex_Init) refers to stm32f1xx_hal_uart.o(i.UART_SetConfig) for UART_SetConfig
    stm32f1xx_hal_uart.o(i.HAL_LIN_Init) refers to stm32f1xx_hal_msp.o(i.HAL_UART_MspInit) for HAL_UART_MspInit
    stm32f1xx_hal_uart.o(i.HAL_LIN_Init) refers to stm32f1xx_hal_uart.o(i.UART_SetConfig) for UART_SetConfig
    stm32f1xx_hal_uart.o(i.HAL_MultiProcessor_Init) refers to stm32f1xx_hal_msp.o(i.HAL_UART_MspInit) for HAL_UART_MspInit
    stm32f1xx_hal_uart.o(i.HAL_MultiProcessor_Init) refers to stm32f1xx_hal_uart.o(i.UART_SetConfig) for UART_SetConfig
    stm32f1xx_hal_uart.o(i.HAL_UART_Abort) refers to stm32f1xx_hal_dma.o(i.HAL_DMA_Abort) for HAL_DMA_Abort
    stm32f1xx_hal_uart.o(i.HAL_UART_AbortReceive) refers to stm32f1xx_hal_dma.o(i.HAL_DMA_Abort) for HAL_DMA_Abort
    stm32f1xx_hal_uart.o(i.HAL_UART_AbortReceive_IT) refers to stm32f1xx_hal_dma.o(i.HAL_DMA_Abort_IT) for HAL_DMA_Abort_IT
    stm32f1xx_hal_uart.o(i.HAL_UART_AbortReceive_IT) refers to stm32f1xx_hal_uart.o(i.HAL_UART_AbortReceiveCpltCallback) for HAL_UART_AbortReceiveCpltCallback
    stm32f1xx_hal_uart.o(i.HAL_UART_AbortReceive_IT) refers to stm32f1xx_hal_uart.o(i.UART_DMARxOnlyAbortCallback) for UART_DMARxOnlyAbortCallback
    stm32f1xx_hal_uart.o(i.HAL_UART_AbortTransmit) refers to stm32f1xx_hal_dma.o(i.HAL_DMA_Abort) for HAL_DMA_Abort
    stm32f1xx_hal_uart.o(i.HAL_UART_AbortTransmit_IT) refers to stm32f1xx_hal_dma.o(i.HAL_DMA_Abort_IT) for HAL_DMA_Abort_IT
    stm32f1xx_hal_uart.o(i.HAL_UART_AbortTransmit_IT) refers to stm32f1xx_hal_uart.o(i.HAL_UART_AbortTransmitCpltCallback) for HAL_UART_AbortTransmitCpltCallback
    stm32f1xx_hal_uart.o(i.HAL_UART_AbortTransmit_IT) refers to stm32f1xx_hal_uart.o(i.UART_DMATxOnlyAbortCallback) for UART_DMATxOnlyAbortCallback
    stm32f1xx_hal_uart.o(i.HAL_UART_Abort_IT) refers to stm32f1xx_hal_dma.o(i.HAL_DMA_Abort_IT) for HAL_DMA_Abort_IT
    stm32f1xx_hal_uart.o(i.HAL_UART_Abort_IT) refers to stm32f1xx_hal_uart.o(i.HAL_UART_AbortCpltCallback) for HAL_UART_AbortCpltCallback
    stm32f1xx_hal_uart.o(i.HAL_UART_Abort_IT) refers to stm32f1xx_hal_uart.o(i.UART_DMATxAbortCallback) for UART_DMATxAbortCallback
    stm32f1xx_hal_uart.o(i.HAL_UART_Abort_IT) refers to stm32f1xx_hal_uart.o(i.UART_DMARxAbortCallback) for UART_DMARxAbortCallback
    stm32f1xx_hal_uart.o(i.HAL_UART_DMAStop) refers to stm32f1xx_hal_dma.o(i.HAL_DMA_Abort) for HAL_DMA_Abort
    stm32f1xx_hal_uart.o(i.HAL_UART_DMAStop) refers to stm32f1xx_hal_uart.o(i.UART_EndTxTransfer) for UART_EndTxTransfer
    stm32f1xx_hal_uart.o(i.HAL_UART_DMAStop) refers to stm32f1xx_hal_uart.o(i.UART_EndRxTransfer) for UART_EndRxTransfer
    stm32f1xx_hal_uart.o(i.HAL_UART_DeInit) refers to stm32f1xx_hal_msp.o(i.HAL_UART_MspDeInit) for HAL_UART_MspDeInit
    stm32f1xx_hal_uart.o(i.HAL_UART_IRQHandler) refers to stm32f1xx_hal_uart.o(i.UART_Receive_IT) for UART_Receive_IT
    stm32f1xx_hal_uart.o(i.HAL_UART_IRQHandler) refers to stm32f1xx_hal_uart.o(i.UART_EndRxTransfer) for UART_EndRxTransfer
    stm32f1xx_hal_uart.o(i.HAL_UART_IRQHandler) refers to stm32f1xx_hal_dma.o(i.HAL_DMA_Abort_IT) for HAL_DMA_Abort_IT
    stm32f1xx_hal_uart.o(i.HAL_UART_IRQHandler) refers to stm32f1xx_hal_uart.o(i.HAL_UART_ErrorCallback) for HAL_UART_ErrorCallback
    stm32f1xx_hal_uart.o(i.HAL_UART_IRQHandler) refers to stm32f1xx_hal_uart.o(i.UART_Transmit_IT) for UART_Transmit_IT
    stm32f1xx_hal_uart.o(i.HAL_UART_IRQHandler) refers to stm32f1xx_hal_uart.o(i.HAL_UART_TxCpltCallback) for HAL_UART_TxCpltCallback
    stm32f1xx_hal_uart.o(i.HAL_UART_IRQHandler) refers to stm32f1xx_hal_uart.o(i.UART_DMAAbortOnError) for UART_DMAAbortOnError
    stm32f1xx_hal_uart.o(i.HAL_UART_Init) refers to stm32f1xx_hal_msp.o(i.HAL_UART_MspInit) for HAL_UART_MspInit
    stm32f1xx_hal_uart.o(i.HAL_UART_Init) refers to stm32f1xx_hal_uart.o(i.UART_SetConfig) for UART_SetConfig
    stm32f1xx_hal_uart.o(i.HAL_UART_Receive) refers to stm32f1xx_hal.o(i.HAL_GetTick) for HAL_GetTick
[...]
    Removing stm32f1xx_hal_cortex.o(i.HAL_NVIC_SetPendingIRQ), (22 bytes).
    Removing stm32f1xx_hal_cortex.o(i.HAL_NVIC_SystemReset), (36 bytes).
    Removing stm32f1xx_hal_gpio_ex.o(.rev16_text), (4 bytes).
    Removing stm32f1xx_hal_gpio_ex.o(.revsh_text), (4 bytes).
    Removing stm32f1xx_hal_gpio_ex.o(.rrx_text), (6 bytes).
    Removing stm32f1xx_hal_gpio_ex.o(i.HAL_GPIOEx_ConfigEventout), (20 bytes).
    Removing stm32f1xx_hal_gpio_ex.o(i.HAL_GPIOEx_DisableEventout), (16 bytes).
    Removing stm32f1xx_hal_gpio_ex.o(i.HAL_GPIOEx_EnableEventout), (16 bytes).
    Removing stm32f1xx_hal_rcc_ex.o(.rev16_text), (4 bytes).
    Removing stm32f1xx_hal_rcc_ex.o(.revsh_text), (4 bytes).
    Removing stm32f1xx_hal_rcc_ex.o(.rrx_text), (6 bytes).
    Removing stm32f1xx_hal_rcc_ex.o(i.HAL_RCCEx_GetPeriphCLKConfig), (44 bytes).
    Removing stm32f1xx_hal_rcc_ex.o(i.HAL_RCCEx_GetPeriphCLKFreq), (200 bytes).
    Removing stm32f1xx_hal_rcc_ex.o(i.HAL_RCCEx_PeriphCLKConfig), (236 bytes).
    Removing stm32f1xx_hal_rcc.o(.rev16_text), (4 bytes).
    Removing stm32f1xx_hal_rcc.o(.revsh_text), (4 bytes).
    Removing stm32f1xx_hal_rcc.o(.rrx_text), (6 bytes).
    Removing stm32f1xx_hal_rcc.o(i.HAL_RCC_CSSCallback), (2 bytes).
    Removing stm32f1xx_hal_rcc.o(i.HAL_RCC_DeInit), (68 bytes).
    Removing stm32f1xx_hal_rcc.o(i.HAL_RCC_DisableCSS), (12 bytes).
    Removing stm32f1xx_hal_rcc.o(i.HAL_RCC_EnableCSS), (12 bytes).
    Removing stm32f1xx_hal_rcc.o(i.HAL_RCC_GetClockConfig), (64 bytes).
    Removing stm32f1xx_hal_rcc.o(i.HAL_RCC_GetOscConfig), (144 bytes).
    Removing stm32f1xx_hal_rcc.o(i.HAL_RCC_MCOConfig), (72 bytes).
    Removing stm32f1xx_hal_rcc.o(i.HAL_RCC_NMI_IRQHandler), (24 bytes).
    Removing stm32f1xx_hal_flash_ex.o(.rev16_text), (4 bytes).
    Removing stm32f1xx_hal_flash_ex.o(.revsh_text), (4 bytes).
    Removing stm32f1xx_hal_flash_ex.o(.rrx_text), (6 bytes).
    Removing stm32f1xx_hal_flash_ex.o(i.FLASH_MassErase), (36 bytes).
    Removing stm32f1xx_hal_flash_ex.o(i.FLASH_OB_DisableWRP), (176 bytes).
    Removing stm32f1xx_hal_flash_ex.o(i.FLASH_OB_EnableWRP), (176 bytes).
    Removing stm32f1xx_hal_flash_ex.o(i.FLASH_OB_GetRDP), (24 bytes).
    Removing stm32f1xx_hal_flash_ex.o(i.FLASH_OB_RDP_LevelConfig), (100 bytes).
    Removing stm32f1xx_hal_flash_ex.o(i.FLASH_PageErase), (36 bytes).
    Removing stm32f1xx_hal_flash_ex.o(i.HAL_FLASHEx_Erase), (168 bytes).
    Removing stm32f1xx_hal_flash_ex.o(i.HAL_FLASHEx_Erase_IT), (84 bytes).
    Removing stm32f1xx_hal_flash_ex.o(i.HAL_FLASHEx_OBErase), (84 bytes).
    Removing stm32f1xx_hal_flash_ex.o(i.HAL_FLASHEx_OBGetConfig), (36 bytes).
    Removing stm32f1xx_hal_flash_ex.o(i.HAL_FLASHEx_OBGetUserData), (32 bytes).
    Removing stm32f1xx_hal_flash_ex.o(i.HAL_FLASHEx_OBProgram), (200 bytes).
    Removing stm32f1xx_hal.o(.rev16_text), (4 bytes).
    Removing stm32f1xx_hal.o(.revsh_text), (4 bytes).
    Removing stm32f1xx_hal.o(.rrx_text), (6 bytes).
    Removing stm32f1xx_hal.o(i.HAL_DBGMCU_DisableDBGSleepMode), (16 bytes).
    Removing stm32f1xx_hal.o(i.HAL_DBGMCU_DisableDBGStandbyMode), (16 bytes).
    Removing stm32f1xx_hal.o(i.HAL_DBGMCU_DisableDBGStopMode), (16 bytes).
    Removing stm32f1xx_hal.o(i.HAL_DBGMCU_EnableDBGSleepMode), (16 bytes).
    Removing stm32f1xx_hal.o(i.HAL_DBGMCU_EnableDBGStandbyMode), (16 bytes).
    Removing stm32f1xx_hal.o(i.HAL_DBGMCU_EnableDBGStopMode), (16 bytes).
    Removing stm32f1xx_hal.o(i.HAL_DeInit), (32 bytes).
    Removing stm32f1xx_hal.o(i.HAL_GetDEVID), (16 bytes).
    Removing stm32f1xx_hal.o(i.HAL_GetHalVersion), (8 bytes).
    Removing stm32f1xx_hal.o(i.HAL_GetREVID), (12 bytes).
    Removing stm32f1xx_hal.o(i.HAL_GetUID), (28 bytes).
    Removing stm32f1xx_hal.o(i.HAL_MspDeInit), (2 bytes).
    Removing stm32f1xx_hal.o(i.HAL_MspInit), (2 bytes).
    Removing stm32f1xx_hal.o(i.HAL_ResumeTick), (14 bytes).
    Removing stm32f1xx_hal.o(i.HAL_SuspendTick), (14 bytes).
    Removing stm32f1xx_hal_gpio.o(.rev16_text), (4 bytes).
    Removing stm32f1xx_hal_gpio.o(.revsh_text), (4 bytes).
    Removing stm32f1xx_hal_gpio.o(.rrx_text), (6 bytes).
    Removing stm32f1xx_hal_gpio.o(i.HAL_GPIO_DeInit), (228 bytes).
    Removing stm32f1xx_hal_gpio.o(i.HAL_GPIO_EXTI_Callback), (2 bytes).
    Removing stm32f1xx_hal_gpio.o(i.HAL_GPIO_EXTI_IRQHandler), (24 bytes).
    Removing stm32f1xx_hal_gpio.o(i.HAL_GPIO_LockPin), (34 bytes).
    Removing stm32f1xx_hal_gpio.o(i.HAL_GPIO_ReadPin), (10 bytes).
    Removing stm32f1xx_hal_gpio.o(i.HAL_GPIO_TogglePin), (8 bytes).
    Removing stm32f1xx_hal_gpio.o(i.HAL_GPIO_WritePin), (10 bytes).
    Removing stm32f1xx_hal_tim_ex.o(.rev16_text), (4 bytes).
    Removing stm32f1xx_hal_tim_ex.o(.revsh_text), (4 bytes).
    Removing stm32f1xx_hal_tim_ex.o(.rrx_text), (6 bytes).
    Removing stm32f1xx_hal_flash.o(.rev16_text), (4 bytes).
    Removing stm32f1xx_hal_flash.o(.revsh_text), (4 bytes).
    Removing stm32f1xx_hal_flash.o(.rrx_text), (6 bytes).
    Removing stm32f1xx_hal_flash.o(i.FLASH_Program_HalfWord), (28 bytes).
    Removing stm32f1xx_hal_flash.o(i.FLASH_SetErrorCode), (92 bytes).
    Removing stm32f1xx_hal_flash.o(i.FLASH_WaitForLastOperation), (84 bytes).
    Removing stm32f1xx_hal_flash.o(i.HAL_FLASH_EndOfOperationCallback), (2 bytes).
    Removing stm32f1xx_hal_flash.o(i.HAL_FLASH_GetError), (12 bytes).
    Removing stm32f1xx_hal_flash.o(i.HAL_FLASH_IRQHandler), (264 bytes).
    Removing stm32f1xx_hal_flash.o(i.HAL_FLASH_Lock), (20 bytes).
    Removing stm32f1xx_hal_flash.o(i.HAL_FLASH_OB_Launch), (4 bytes).
    Removing stm32f1xx_hal_flash.o(i.HAL_FLASH_OB_Lock), (20 bytes).
    Removing stm32f1xx_hal_flash.o(i.HAL_FLASH_OB_Unlock), (36 bytes).
    Removing stm32f1xx_hal_flash.o(i.HAL_FLASH_OperationErrorCallback), (2 bytes).
    Removing stm32f1xx_hal_flash.o(i.HAL_FLASH_Program), (128 bytes).
    Removing stm32f1xx_hal_flash.o(i.HAL_FLASH_Program_IT), (100 bytes).
    Removing stm32f1xx_hal_flash.o(i.HAL_FLASH_Unlock), (36 bytes).
    Removing stm32f1xx_hal_flash.o(.bss), (32 bytes).
    Removing system_stm32f1xx.o(.rev16_text), (4 bytes).
    Removing system_stm32f1xx.o(.revsh_text), (4 bytes).
    Removing system_stm32f1xx.o(.rrx_text), (6 bytes).
    Removing system_stm32f1xx.o(i.SystemCoreClockUpdate), (104 bytes).
    Removing stm32f1xx_it.o(.rev16_text), (4 bytes).
    Removing stm32f1xx_it.o(.revsh_text), (4 bytes).
    Removing stm32f1xx_it.o(.rrx_text), (6 bytes).
    Removing stm32f1xx_it.o(i.USART1_IRQHandler), (12 bytes).
    Removing main.o(.rev16_text), (4 bytes).
    Removing main.o(.revsh_text), (4 bytes).
    Removing main.o(.rrx_text), (6 bytes).
    Removing main.o(i._Error_Handler), (2 bytes).
    Removing stm32f1xx_hal_msp.o(.rev16_text), (4 bytes).
    Removing stm32f1xx_hal_msp.o(.revsh_text), (4 bytes).
    Removing stm32f1xx_hal_msp.o(.rrx_text), (6 bytes).
    Removing stm32f1xx_hal_msp.o(i.HAL_UART_MspDeInit), (56 bytes).
    Removing hil_lib.o(.rev16_text), (4 bytes).
    Removing hil_lib.o(.revsh_text), (4 bytes).
    Removing hil_lib.o(.rrx_text), (6 bytes).
    Removing hil_lib.o(.bss), (256 bytes).
    Removing hil_lib.o(.bss), (64 bytes).
    Removing hil_lib.o(.data), (4 bytes).
    Removing sistema.o(i.sistema_initialize), (48 bytes).
    Removing sistema.o(i.sistema_terminate), (2 bytes).
    Removing startup_stm32f103xb.o(HEAP), (512 bytes).
    Removing retarget_io.o(i.ITM_ReceiveChar), (28 bytes).
    Removing retarget_io.o(i.__aeabi_assert), (144 bytes).
    Removing retarget_io.o(i.__backspace), (40 bytes).
    Removing retarget_io.o(i.abort), (2 bytes).
    Removing retarget_io.o(i.fgetc), (52 bytes).
    Removing retarget_io.o(.data), (12 bytes).
    Removing cdcmple.o(.text), (48 bytes).

213 unused section(s) (total 9666 bytes) removed from the image.

==============================================================================

Image Symbol Table

    Local Symbols

    Symbol Name                              Value     Ov Type        Size  Object(Section)

    ../Drivers/STM32F1xx_HAL_Driver/Src/stm32f1xx_hal.c 0x00000000   Number         0  stm32f1xx_hal.o ABSOLUTE
    ../Drivers/STM32F1xx_HAL_Driver/Src/stm32f1xx_hal_cortex.c 0x00000000   Number         0  stm32f1xx_hal_cortex.o ABSOLUTE
    ../Drivers/STM32F1xx_HAL_Driver/Src/stm32f1xx_hal_dma.c 0x00000000   Number         0  stm32f1xx_hal_dma.o ABSOLUTE
    ../Drivers/STM32F1xx_HAL_Driver/Src/stm32f1xx_hal_flash.c 0x00000000   Number         0  stm32f1xx_hal_flash.o ABSOLUTE
    ../Drivers/STM32F1xx_HAL_Driver/Src/stm32f1xx_hal_flash_ex.c 0x00000000   Number         0  stm32f1xx_hal_flash_ex.o ABSOLUTE
    ../Drivers/STM32F1xx_HAL_Driver/Src/stm32f1xx_hal_gpio.c 0x00000000   Number         0  stm32f1xx_hal_gpio.o ABSOLUTE
    ../Drivers/STM32F1xx_HAL_Driver/Src/stm32f1xx_hal_gpio_ex.c 0x00000000   Number         0  stm32f1xx_hal_gpio_ex.o ABSOLUTE
    ../Drivers/STM32F1xx_HAL_Driver/Src/stm32f1xx_hal_pwr.c 0x00000000   Number         0  stm32f1xx_hal_pwr.o ABSOLUTE
    ../Drivers/STM32F1xx_HAL_Driver/Src/stm32f1xx_hal_rcc.c 0x00000000   Number         0  stm32f1xx_hal_rcc.o ABSOLUTE
    ../Drivers/STM32F1xx_HAL_Driver/Src/stm32f1xx_hal_rcc_ex.c 0x00000000   Number         0  stm32f1xx_hal_rcc_ex.o ABSOLUTE
    ../Drivers/STM32F1xx_HAL_Driver/Src/stm32f1xx_hal_tim.c 0x00000000   Number         0  stm32f1xx_hal_tim.o ABSOLUTE
    ../Drivers/STM32F1xx_HAL_Driver/Src/stm32f1xx_hal_tim_ex.c 0x00000000   Number         0  stm32f1xx_hal_tim_ex.o ABSOLUTE
    ../Drivers/STM32F1xx_HAL_Driver/Src/stm32f1xx_hal_uart.c 0x00000000   Number         0  stm32f1xx_hal_uart.o ABSOLUTE
    ../Src/main.c                            0x00000000   Number         0  main.o ABSOLUTE
    ../Src/stm32f1xx_hal_msp.c               0x00000000   Number         0  stm32f1xx_hal_msp.o ABSOLUTE
    ../Src/stm32f1xx_it.c                    0x00000000   Number         0  stm32f1xx_it.o ABSOLUTE
    ../Src/system_stm32f1xx.c                0x00000000   Number         0  system_stm32f1xx.o ABSOLUTE
    ../clib/microlib/ctype/ctype.c           0x00000000   Number         0  ctype_c.o ABSOLUTE
    ../clib/microlib/ctype/ctype.c           0x00000000   Number         0  isspace_c.o ABSOLUTE
    ../clib/microlib/division.c              0x00000000   Number         0  uldiv.o ABSOLUTE
    ../clib/microlib/division.c              0x00000000   Number         0  uidiv.o ABSOLUTE
    ../clib/microlib/errno.c                 0x00000000   Number         0  errno.o ABSOLUTE
    ../clib/microlib/init/entry.s            0x00000000   Number         0  entry11a.o ABSOLUTE
    ../clib/microlib/init/entry.s            0x00000000   Number         0  entry11b.o ABSOLUTE
    ../clib/microlib/init/entry.s            0x00000000   Number         0  entry7b.o ABSOLUTE
    ../clib/microlib/init/entry.s            0x00000000   Number         0  entry8a.o ABSOLUTE
    ../clib/microlib/init/entry.s            0x00000000   Number         0  entry9a.o ABSOLUTE
    ../clib/microlib/init/entry.s            0x00000000   Number         0  entry9b.o ABSOLUTE
    ../clib/microlib/init/entry.s            0x00000000   Number         0  entry10a.o ABSOLUTE
    ../clib/microlib/init/entry.s            0x00000000   Number         0  entry.o ABSOLUTE
    ../clib/microlib/init/entry.s            0x00000000   Number         0  entry8b.o ABSOLUTE
    ../clib/microlib/init/entry.s            0x00000000   Number         0  entry2.o ABSOLUTE
    ../clib/microlib/init/entry.s            0x00000000   Number         0  entry5.o ABSOLUTE
    ../clib/microlib/init/entry.s            0x00000000   Number         0  entry10b.o ABSOLUTE
    ../clib/microlib/init/entry.s            0x00000000   Number         0  entry7a.o ABSOLUTE
    ../clib/microlib/longlong.c              0x00000000   Number         0  llushr.o ABSOLUTE
    ../clib/microlib/longlong.c              0x00000000   Number         0  llsshr.o ABSOLUTE
    ../clib/microlib/longlong.c              0x00000000   Number         0  llshl.o ABSOLUTE
    ../clib/microlib/printf/printf.c         0x00000000   Number         0  printf8.o ABSOLUTE
    ../clib/microlib/printf/printf.c         0x00000000   Number         0  printfb.o ABSOLUTE
    ../clib/microlib/printf/printf.c         0x00000000   Number         0  printf1.o ABSOLUTE
    ../clib/microlib/printf/printf.c         0x00000000   Number         0  printf2.o ABSOLUTE
    ../clib/microlib/printf/printf.c         0x00000000   Number         0  printf0.o ABSOLUTE
    ../clib/microlib/printf/printf.c         0x00000000   Number         0  printf3.o ABSOLUTE
    ../clib/microlib/printf/printf.c         0x00000000   Number         0  printf4.o ABSOLUTE
    ../clib/microlib/printf/printf.c         0x00000000   Number         0  printf5.o ABSOLUTE
    ../clib/microlib/printf/printf.c         0x00000000   Number         0  printf6.o ABSOLUTE
    ../clib/microlib/printf/printf.c         0x00000000   Number         0  printf7.o ABSOLUTE
    ../clib/microlib/printf/printf.c         0x00000000   Number         0  printfa.o ABSOLUTE
    ../clib/microlib/printf/stubs.s          0x00000000   Number         0  stubs.o ABSOLUTE
    ../clib/microlib/stdio/fputs.c           0x00000000   Number         0  fputs_e.o ABSOLUTE
    ../clib/microlib/stdio/fputs.c           0x00000000   Number         0  fputs.o ABSOLUTE
    ../clib/microlib/stdio/streams.c         0x00000000   Number         0  stdin.o ABSOLUTE
    ../clib/microlib/stdio/streams.c         0x00000000   Number         0  stdout.o ABSOLUTE
    ../clib/microlib/stdio/streams.c         0x00000000   Number         0  stderr.o ABSOLUTE
    ../clib/microlib/string/memcpy.c         0x00000000   Number         0  memcpya.o ABSOLUTE
    ../clib/microlib/string/memcpy.c         0x00000000   Number         0  memcpyb.o ABSOLUTE
    ../clib/microlib/string/memset.c         0x00000000   Number         0  memseta.o ABSOLUTE
    ../clib/microlib/string/strcat.c         0x00000000   Number         0  strcat.o ABSOLUTE
    ../clib/microlib/string/strlen.c         0x00000000   Number         0  strlen.o ABSOLUTE
    ../clib/microlib/stubs.s                 0x00000000   Number         0  iusefp.o ABSOLUTE
    ../clib/scanf.c                          0x00000000   Number         0  scanf_char.o ABSOLUTE
    ../clib/scanf.c                          0x00000000   Number         0  _chval.o ABSOLUTE
    ../clib/scanf.c                          0x00000000   Number         0  _sgetc.o ABSOLUTE
    ../clib/scanf.c                          0x00000000   Number         0  __0sscanf.o ABSOLUTE
    ../clib/scanf.c                          0x00000000   Number         0  _scanf.o ABSOLUTE
    ../clib/scanf.c                          0x00000000   Number         0  _scanf_int.o ABSOLUTE
    ../fplib/microlib/d2f.c                  0x00000000   Number         0  d2f.o ABSOLUTE
    ../fplib/microlib/f2d.c                  0x00000000   Number         0  f2d.o ABSOLUTE
    ../fplib/microlib/fpadd.c                0x00000000   Number         0  fadd.o ABSOLUTE
    ../fplib/microlib/fpadd.c                0x00000000   Number         0  dadd.o ABSOLUTE
    ../fplib/microlib/fpdiv.c                0x00000000   Number         0  fdiv.o ABSOLUTE
    ../fplib/microlib/fpdiv.c                0x00000000   Number         0  ddiv.o ABSOLUTE
    ../fplib/microlib/fpepilogue.c           0x00000000   Number         0  depilogue.o ABSOLUTE
    ../fplib/microlib/fpepilogue.c           0x00000000   Number         0  fepilogue.o ABSOLUTE
    ../fplib/microlib/fpfix.c                0x00000000   Number         0  dfixul.o ABSOLUTE
    ../fplib/microlib/fpfix.c                0x00000000   Number         0  dfixi.o ABSOLUTE
    ../fplib/microlib/fpflt.c                0x00000000   Number         0  dfltui.o ABSOLUTE
    ../fplib/microlib/fpflt.c                0x00000000   Number         0  dflti.o ABSOLUTE
    ../fplib/microlib/fpmul.c                0x00000000   Number         0  fmul.o ABSOLUTE
    ../fplib/microlib/fpmul.c                0x00000000   Number         0  dmul.o ABSOLUTE
    ../fplib/microlib/fpscalb.c              0x00000000   Number         0  fscalb.o ABSOLUTE
    ../fplib/microlib/fpscalb.c              0x00000000   Number         0  dscalb.o ABSOLUTE
    ../fplib/microlib/fpsqrt.c               0x00000000   Number         0  dsqrt.o ABSOLUTE
    ../mathlib/asin.c                        0x00000000   Number         0  asin.o ABSOLUTE
    ../mathlib/asin.c                        0x00000000   Number         0  asin_x.o ABSOLUTE
    ../mathlib/cos.c                         0x00000000   Number         0  cos_x.o ABSOLUTE
    ../mathlib/cos.c                         0x00000000   Number         0  cos.o ABSOLUTE
    ../mathlib/cos_i.c                       0x00000000   Number         0  cos_i.o ABSOLUTE
    ../mathlib/dunder.c                      0x00000000   Number         0  dunder.o ABSOLUTE
    ../mathlib/fpclassify.c                  0x00000000   Number         0  fpclassify.o ABSOLUTE
    ../mathlib/poly.c                        0x00000000   Number         0  poly.o ABSOLUTE
    ../mathlib/rred.c                        0x00000000   Number         0  rred.o ABSOLUTE
    ../mathlib/sin.c                         0x00000000   Number         0  sin_x.o ABSOLUTE
    ../mathlib/sin.c                         0x00000000   Number         0  sin.o ABSOLUTE
    ../mathlib/sin_i.c                       0x00000000   Number         0  sin_i_x.o ABSOLUTE
    ../mathlib/sin_i.c                       0x00000000   Number         0  sin_i.o ABSOLUTE
    ../mathlib/sqrt.c                        0x00000000   Number         0  sqrt.o ABSOLUTE
    ../mathlib/sqrt.c                        0x00000000   Number         0  sqrt_x.o ABSOLUTE
    ../mathlib/tan.c                         0x00000000   Number         0  tan.o ABSOLUTE
    ../mathlib/tan.c                         0x00000000   Number         0  tan_x.o ABSOLUTE
    ../mathlib/tan_i.c                       0x00000000   Number         0  tan_i_x.o ABSOLUTE
    ../mathlib/tan_i.c                       0x00000000   Number         0  tan_i.o ABSOLUTE
    ..\Drivers\STM32F1xx_HAL_Driver\Src\stm32f1xx_hal.c 0x00000000   Number         0  stm32f1xx_hal.o ABSOLUTE
    ..\Drivers\STM32F1xx_HAL_Driver\Src\stm32f1xx_hal_cortex.c 0x00000000   Number         0  stm32f1xx_hal_cortex.o ABSOLUTE
    ..\Drivers\STM32F1xx_HAL_Driver\Src\stm32f1xx_hal_dma.c 0x00000000   Number         0  stm32f1xx_hal_dma.o ABSOLUTE
    ..\Drivers\STM32F1xx_HAL_Driver\Src\stm32f1xx_hal_flash.c 0x00000000   Number         0  stm32f1xx_hal_flash.o ABSOLUTE
    ..\Drivers\STM32F1xx_HAL_Driver\Src\stm32f1xx_hal_flash_ex.c 0x00000000   Number         0  stm32f1xx_hal_flash_ex.o ABSOLUTE
    ..\Drivers\STM32F1xx_HAL_Driver\Src\stm32f1xx_hal_gpio.c 0x00000000   Number         0  stm32f1xx_hal_gpio.o ABSOLUTE
    ..\Drivers\STM32F1xx_HAL_Driver\Src\stm32f1xx_hal_gpio_ex.c 0x00000000   Number         0  stm32f1xx_hal_gpio_ex.o ABSOLUTE
    ..\Drivers\STM32F1xx_HAL_Driver\Src\stm32f1xx_hal_pwr.c 0x00000000   Number         0  stm32f1xx_hal_pwr.o ABSOLUTE
    ..\Drivers\STM32F1xx_HAL_Driver\Src\stm32f1xx_hal_rcc.c 0x00000000   Number         0  stm32f1xx_hal_rcc.o ABSOLUTE
    ..\Drivers\STM32F1xx_HAL_Driver\Src\stm32f1xx_hal_rcc_ex.c 0x00000000   Number         0  stm32f1xx_hal_rcc_ex.o ABSOLUTE
    ..\Drivers\STM32F1xx_HAL_Driver\Src\stm32f1xx_hal_tim.c 0x00000000   Number         0  stm32f1xx_hal_tim.o ABSOLUTE
    ..\Drivers\STM32F1xx_HAL_Driver\Src\stm32f1xx_hal_tim_ex.c 0x00000000   Number         0  stm32f1xx_hal_tim_ex.o ABSOLUTE
    ..\Drivers\STM32F1xx_HAL_Driver\Src\stm32f1xx_hal_uart.c 0x00000000   Number         0  stm32f1xx_hal_uart.o ABSOLUTE
    ..\Src\library\hil_lib.c                 0x00000000   Number         0  hil_lib.o ABSOLUTE
    ..\Src\main.c                            0x00000000   Number         0  main.o ABSOLUTE
    ..\Src\matlab_code\ert_main.c            0x00000000   Number         0  ert_main.o ABSOLUTE
    ..\Src\matlab_code\sistema.c             0x00000000   Number         0  sistema.o ABSOLUTE
    ..\Src\matlab_code\sistema_data.c        0x00000000   Number         0  sistema_data.o ABSOLUTE
    ..\Src\stm32f1xx_hal_msp.c               0x00000000   Number         0  stm32f1xx_hal_msp.o ABSOLUTE
    ..\Src\stm32f1xx_it.c                    0x00000000   Number         0  stm32f1xx_it.o ABSOLUTE
    ..\Src\system_stm32f1xx.c                0x00000000   Number         0  system_stm32f1xx.o ABSOLUTE
    ..\\Src\\library\\hil_lib.c              0x00000000   Number         0  hil_lib.o ABSOLUTE
    D:\Keil_v5\ARM\PACK\Keil\ARM_Compiler\1.3.2\Source\retarget_io.c 0x00000000   Number         0  retarget_io.o ABSOLUTE
    cdcmple.s                                0x00000000   Number         0  cdcmple.o ABSOLUTE
    cdrcmple.s                               0x00000000   Number         0  cdrcmple.o ABSOLUTE
    cfcmple.s                                0x00000000   Number         0  cfcmple.o ABSOLUTE
    dc.s                                     0x00000000   Number         0  dc.o ABSOLUTE
    handlers.s                               0x00000000   Number         0  handlers.o ABSOLUTE
    init.s                                   0x00000000   Number         0  init.o ABSOLUTE
    startup_stm32f103xb.s                    0x00000000   Number         0  startup_stm32f103xb.o ABSOLUTE
    RESET                                    0x08000000   Section      236  startup_stm32f103xb.o(RESET)
    .ARM.Collect$$$$00000000                 0x080000ec   Section        0  entry.o(.ARM.Collect$$$$00000000)
    .ARM.Collect$$$$00000001                 0x080000ec   Section        4  entry2.o(.ARM.Collect$$$$00000001)
    .ARM.Collect$$$$00000004                 0x080000f0   Section        4  entry5.o(.ARM.Collect$$$$00000004)
    .ARM.Collect$$$$00000008                 0x080000f4   Section        0  entry7b.o(.ARM.Collect$$$$00000008)
    .ARM.Collect$$$$0000000A                 0x080000f4   Section        0  entry8b.o(.ARM.Collect$$$$0000000A)
    .ARM.Collect$$$$0000000B                 0x080000f4   Section        8  entry9a.o(.ARM.Collect$$$$0000000B)
    .ARM.Collect$$$$0000000D                 0x080000fc   Section        0  entry10a.o(.ARM.Collect$$$$0000000D)
    .ARM.Collect$$$$0000000F                 0x080000fc   Section        0  entry11a.o(.ARM.Collect$$$$0000000F)
    .ARM.Collect$$$$00002712                 0x080000fc   Section        4  entry2.o(.ARM.Collect$$$$00002712)
    __lit__00000000                          0x080000fc   Data           4  entry2.o(.ARM.Collect$$$$00002712)
    .text                                    0x08000100   Section       36  startup_stm32f103xb.o(.text)
    .text                                    0x08000124   Section        0  llushr.o(.text)
    .text                                    0x08000144   Section        0  memcpya.o(.text)
    .text                                    0x08000168   Section        0  memseta.o(.text)
    .text                                    0x0800018c   Section        0  strcat.o(.text)
    .text                                    0x080001a4   Section        0  strlen.o(.text)
    .text                                    0x080001b4   Section        0  __0sscanf.o(.text)
    .text                                    0x080001ec   Section        0  _scanf_int.o(.text)
    .text                                    0x08000338   Section        0  fadd.o(.text)
    .text                                    0x080003e8   Section        0  fmul.o(.text)
    .text                                    0x0800044c   Section        0  fdiv.o(.text)
    .text                                    0x080004c8   Section        0  fscalb.o(.text)
    .text                                    0x080004e0   Section        0  f2d.o(.text)
    .text                                    0x08000506   Section        0  d2f.o(.text)
    .text                                    0x08000540   Section       20  cfcmple.o(.text)
    .text                                    0x08000554   Section        0  uidiv.o(.text)
    .text                                    0x08000580   Section        0  uldiv.o(.text)
    .text                                    0x080005e2   Section        0  _chval.o(.text)
    .text                                    0x08000600   Section        0  scanf_char.o(.text)
    _scanf_char_input                        0x08000601   Thumb Code    12  scanf_char.o(.text)
    .text                                    0x08000628   Section        0  _sgetc.o(.text)
    .text                                    0x08000668   Section        0  iusefp.o(.text)
    .text                                    0x08000668   Section        0  fepilogue.o(.text)
    .text                                    0x080006d6   Section        0  dadd.o(.text)
    .text                                    0x08000824   Section        0  dmul.o(.text)
    .text                                    0x08000908   Section        0  ddiv.o(.text)
    .text                                    0x080009e6   Section        0  dscalb.o(.text)
    .text                                    0x08000a14   Section        0  dsqrt.o(.text)
    .text                                    0x08000ab6   Section        0  dfixul.o(.text)
    .text                                    0x08000ae8   Section       48  cdrcmple.o(.text)
    .text                                    0x08000b18   Section       36  init.o(.text)
    .text                                    0x08000b3c   Section        0  llshl.o(.text)
    .text                                    0x08000b5a   Section        0  llsshr.o(.text)
    .text                                    0x08000b7e   Section        0  isspace_c.o(.text)
    .text                                    0x08000b88   Section        0  _scanf.o(.text)
    .text                                    0x08000eb4   Section        0  depilogue.o(.text)
    .text                                    0x08000f6e   Section        0  dflti.o(.text)
    .text                                    0x08000f90   Section        0  dfltui.o(.text)
    .text                                    0x08000faa   Section        0  dfixi.o(.text)
    .text                                    0x08000fe8   Section        0  ctype_c.o(.text)
    i.BusFault_Handler                       0x08001010   Section        0  stm32f1xx_it.o(i.BusFault_Handler)
    i.DebugMon_Handler                       0x08001012   Section        0  stm32f1xx_it.o(i.DebugMon_Handler)
    i.HAL_DMA_Abort_IT                       0x08001014   Section        0  stm32f1xx_hal_dma.o(i.HAL_DMA_Abort_IT)
    i.HAL_Delay                              0x080010ac   Section        0  stm32f1xx_hal.o(i.HAL_Delay)
    i.HAL_GPIO_Init                          0x080010c8   Section        0  stm32f1xx_hal_gpio.o(i.HAL_GPIO_Init)
    i.HAL_GetTick                            0x08001284   Section        0  stm32f1xx_hal.o(i.HAL_GetTick)
    i.HAL_IncTick                            0x08001290   Section        0  stm32f1xx_hal.o(i.HAL_IncTick)
    i.HAL_Init                               0x080012a0   Section        0  stm32f1xx_hal.o(i.HAL_Init)
    i.HAL_InitTick                           0x080012c4   Section        0  stm32f1xx_hal.o(i.HAL_InitTick)
    i.HAL_MspInit                            0x080012ec   Section        0  stm32f1xx_hal_msp.o(i.HAL_MspInit)
    i.HAL_NVIC_EnableIRQ                     0x08001370   Section        0  stm32f1xx_hal_cortex.o(i.HAL_NVIC_EnableIRQ)
    i.HAL_NVIC_SetPriority                   0x08001388   Section        0  stm32f1xx_hal_cortex.o(i.HAL_NVIC_SetPriority)
    i.HAL_NVIC_SetPriorityGrouping           0x080013c8   Section        0  stm32f1xx_hal_cortex.o(i.HAL_NVIC_SetPriorityGrouping)
    i.HAL_RCC_ClockConfig                    0x080013ec   Section        0  stm32f1xx_hal_rcc.o(i.HAL_RCC_ClockConfig)
    i.HAL_RCC_GetHCLKFreq                    0x08001540   Section        0  stm32f1xx_hal_rcc.o(i.HAL_RCC_GetHCLKFreq)
    i.HAL_RCC_GetPCLK1Freq                   0x0800154c   Section        0  stm32f1xx_hal_rcc.o(i.HAL_RCC_GetPCLK1Freq)
    i.HAL_RCC_GetPCLK2Freq                   0x0800156c   Section        0  stm32f1xx_hal_rcc.o(i.HAL_RCC_GetPCLK2Freq)
    i.HAL_RCC_GetSysClockFreq                0x0800158c   Section        0  stm32f1xx_hal_rcc.o(i.HAL_RCC_GetSysClockFreq)
    i.HAL_RCC_OscConfig                      0x080015f8   Section        0  stm32f1xx_hal_rcc.o(i.HAL_RCC_OscConfig)
    i.HAL_SYSTICK_CLKSourceConfig            0x080018fc   Section        0  stm32f1xx_hal_cortex.o(i.HAL_SYSTICK_CLKSourceConfig)
    i.HAL_SYSTICK_Callback                   0x08001914   Section        0  stm32f1xx_hal_cortex.o(i.HAL_SYSTICK_Callback)
    i.HAL_SYSTICK_Config                     0x08001916   Section        0  stm32f1xx_hal_cortex.o(i.HAL_SYSTICK_Config)
    i.HAL_SYSTICK_IRQHandler                 0x0800193e   Section        0  stm32f1xx_hal_cortex.o(i.HAL_SYSTICK_IRQHandler)
    i.HAL_UART_ErrorCallback                 0x08001946   Section        0  stm32f1xx_hal_uart.o(i.HAL_UART_ErrorCallback)
    i.HAL_UART_IRQHandler                    0x08001948   Section        0  stm32f1xx_hal_uart.o(i.HAL_UART_IRQHandler)
    i.HAL_UART_Init                          0x08001a58   Section        0  stm32f1xx_hal_uart.o(i.HAL_UART_Init)
    i.HAL_UART_MspInit                       0x08001abc   Section        0  stm32f1xx_hal_msp.o(i.HAL_UART_MspInit)
    i.HAL_UART_Receive                       0x08001b24   Section        0  stm32f1xx_hal_uart.o(i.HAL_UART_Receive)
    i.HAL_UART_RxCpltCallback                0x08001bdc   Section        0  stm32f1xx_hal_uart.o(i.HAL_UART_RxCpltCallback)
    i.HAL_UART_Transmit                      0x08001bde   Section        0  stm32f1xx_hal_uart.o(i.HAL_UART_Transmit)
    i.HAL_UART_TxCpltCallback                0x08001c98   Section        0  stm32f1xx_hal_uart.o(i.HAL_UART_TxCpltCallback)
    i.HIL_BreakString                        0x08001c9c   Section        0  hil_lib.o(i.HIL_BreakString)
    i.HIL_Calculate                          0x08001d58   Section        0  hil_lib.o(i.HIL_Calculate)
    i.HIL_CheckString                        0x08001e1c   Section        0  hil_lib.o(i.HIL_CheckString)
    i.HIL_Double2String                      0x08001e34   Section        0  hil_lib.o(i.HIL_Double2String)
    i.HIL_Int2Hex                            0x08001e90   Section        0  hil_lib.o(i.HIL_Int2Hex)
    i.HardFault_Handler                      0x08001e9e   Section        0  stm32f1xx_it.o(i.HardFault_Handler)
    i.ITM_SendChar                           0x08001ea0   Section        0  retarget_io.o(i.ITM_SendChar)
    i.MemManage_Handler                      0x08001ec4   Section        0  stm32f1xx_it.o(i.MemManage_Handler)
    i.NMI_Handler                            0x08001ec6   Section        0  stm32f1xx_it.o(i.NMI_Handler)
    i.NVIC_SetPriority                       0x08001ec8   Section        0  stm32f1xx_hal_cortex.o(i.NVIC_SetPriority)
    NVIC_SetPriority                         0x08001ec9   Thumb Code    32  stm32f1xx_hal_cortex.o(i.NVIC_SetPriority)
    i.PendSV_Handler                         0x08001ee8   Section        0  stm32f1xx_it.o(i.PendSV_Handler)
    i.SVC_Handler                            0x08001eea   Section        0  stm32f1xx_it.o(i.SVC_Handler)
    i.SysTick_Handler                        0x08001eec   Section        0  stm32f1xx_it.o(i.SysTick_Handler)
    i.SystemClock_Config                     0x08001efa   Section        0  main.o(i.SystemClock_Config)
    i.SystemInit                             0x08001f64   Section        0  system_stm32f1xx.o(i.SystemInit)
    i.UART_DMAAbortOnError                   0x08001fac   Section        0  stm32f1xx_hal_uart.o(i.UART_DMAAbortOnError)
    UART_DMAAbortOnError                     0x08001fad   Thumb Code    16  stm32f1xx_hal_uart.o(i.UART_DMAAbortOnError)
    i.UART_EndRxTransfer                     0x08001fbc   Section        0  stm32f1xx_hal_uart.o(i.UART_EndRxTransfer)
    UART_EndRxTransfer                       0x08001fbd   Thumb Code    28  stm32f1xx_hal_uart.o(i.UART_EndRxTransfer)
    i.UART_Receive_IT                        0x08001fd8   Section        0  stm32f1xx_hal_uart.o(i.UART_Receive_IT)
    UART_Receive_IT                          0x08001fd9   Thumb Code   150  stm32f1xx_hal_uart.o(i.UART_Receive_IT)
    i.UART_SetConfig                         0x08002070   Section        0  stm32f1xx_hal_uart.o(i.UART_SetConfig)
    UART_SetConfig                           0x08002071   Thumb Code   364  stm32f1xx_hal_uart.o(i.UART_SetConfig)
    i.UART_Transmit_IT                       0x080021e0   Section        0  stm32f1xx_hal_uart.o(i.UART_Transmit_IT)
    UART_Transmit_IT                         0x080021e1   Thumb Code    98  stm32f1xx_hal_uart.o(i.UART_Transmit_IT)
    i.UART_WaitOnFlagUntilTimeout            0x08002242   Section        0  stm32f1xx_hal_uart.o(i.UART_WaitOnFlagUntilTimeout)
    UART_WaitOnFlagUntilTimeout              0x08002243   Thumb Code   100  stm32f1xx_hal_uart.o(i.UART_WaitOnFlagUntilTimeout)
    i.USART1_IRQHandler                      0x080022a8   Section        0  main.o(i.USART1_IRQHandler)
    i.UsageFault_Handler                     0x08002300   Section        0  stm32f1xx_it.o(i.UsageFault_Handler)
    i.__0printf                              0x08002304   Section        0  printfa.o(i.__0printf)
    i.__0snprintf                            0x08002324   Section        0  printfa.o(i.__0snprintf)
    i.__ARM_fpclassify                       0x08002354   Section        0  fpclassify.o(i.__ARM_fpclassify)
    i.__ieee754_rem_pio2                     0x0800237c   Section        0  rred.o(i.__ieee754_rem_pio2)
    i.__kernel_cos                           0x08002704   Section        0  cos_i.o(i.__kernel_cos)
    i.__kernel_poly                          0x08002800   Section        0  poly.o(i.__kernel_poly)
    i.__kernel_sin                           0x080028ac   Section        0  sin_i.o(i.__kernel_sin)
    i.__kernel_tan                           0x08002998   Section        0  tan_i.o(i.__kernel_tan)
    i.__mathlib_dbl_infnan                   0x08002c14   Section        0  dunder.o(i.__mathlib_dbl_infnan)
    i.__mathlib_dbl_invalid                  0x08002c1a   Section        0  dunder.o(i.__mathlib_dbl_invalid)
    i.__mathlib_dbl_underflow                0x08002c28   Section        0  dunder.o(i.__mathlib_dbl_underflow)
    i.__scatterload_copy                     0x08002c38   Section       14  handlers.o(i.__scatterload_copy)
    i.__scatterload_null                     0x08002c46   Section        2  handlers.o(i.__scatterload_null)
    i.__scatterload_zeroinit                 0x08002c48   Section       14  handlers.o(i.__scatterload_zeroinit)
    i.__set_errno                            0x08002c58   Section        0  errno.o(i.__set_errno)
    i._fp_digits                             0x08002c64   Section        0  printfa.o(i._fp_digits)
    _fp_digits                               0x08002c65   Thumb Code   366  printfa.o(i._fp_digits)
    i._printf_core                           0x08002de8   Section        0  printfa.o(i._printf_core)
    _printf_core                             0x08002de9   Thumb Code  1744  printfa.o(i._printf_core)
    i._printf_post_padding                   0x080034c4   Section        0  printfa.o(i._printf_post_padding)
    _printf_post_padding                     0x080034c5   Thumb Code    36  printfa.o(i._printf_post_padding)
    i._printf_pre_padding                    0x080034e8   Section        0  printfa.o(i._printf_pre_padding)
    _printf_pre_padding                      0x080034e9   Thumb Code    46  printfa.o(i._printf_pre_padding)
    i._snputc                                0x08003516   Section        0  printfa.o(i._snputc)
    _snputc                                  0x08003517   Thumb Code    22  printfa.o(i._snputc)
    i.asin                                   0x0800352c   Section        0  asin.o(i.asin)
    i.cos                                    0x0800379c   Section        0  cos.o(i.cos)
    i.fputc                                  0x08003838   Section        0  retarget_io.o(i.fputc)
    i.main                                   0x0800384c   Section        0  main.o(i.main)
    i.rt_OneStep                             0x08003914   Section        0  hil_lib.o(i.rt_OneStep)
    i.sin                                    0x08003944   Section        0  sin.o(i.sin)
    i.sistema_step                           0x080039e4   Section        0  sistema.o(i.sistema_step)
    i.sqrt                                   0x08004960   Section        0  sqrt.o(i.sqrt)
    i.tan                                    0x080049ac   Section        0  tan.o(i.tan)
    .constdata                               0x08004a10   Section       16  system_stm32f1xx.o(.constdata)
    .constdata                               0x08004a20   Section        8  system_stm32f1xx.o(.constdata)
    .constdata                               0x08004a28   Section        4  sistema.o(.constdata)
    .constdata                               0x08004a30   Section       80  asin.o(.constdata)
    pS                                       0x08004a30   Data          48  asin.o(.constdata)
    qS                                       0x08004a60   Data          32  asin.o(.constdata)
    .constdata                               0x08004a80   Section       48  cos_i.o(.constdata)
    C                                        0x08004a80   Data          48  cos_i.o(.constdata)
    .constdata                               0x08004ab0   Section      200  rred.o(.constdata)
    pio2s                                    0x08004ab0   Data          48  rred.o(.constdata)
    twooverpi                                0x08004ae0   Data         152  rred.o(.constdata)
    .constdata                               0x08004b78   Section       40  sin_i.o(.constdata)
    S                                        0x08004b78   Data          40  sin_i.o(.constdata)
    .constdata                               0x08004ba0   Section       96  tan_i.o(.constdata)
    Todd                                     0x08004ba0   Data          48  tan_i.o(.constdata)
    Teven                                    0x08004bd0   Data          48  tan_i.o(.constdata)
    .constdata                               0x08004c00   Section       64  ctype_c.o(.constdata)
    .data                                    0x20000000   Section        4  stm32f1xx_hal.o(.data)
    .data                                    0x20000004   Section        4  system_stm32f1xx.o(.data)
    .data                                    0x20000008   Section       12  main.o(.data)
    .data                                    0x20000014   Section       23  hil_lib.o(.data)
    OverrunFlag                              0x20000014   Data           1  hil_lib.o(.data)
    .data                                    0x2000002c   Section        4  sistema.o(.data)
    .data                                    0x20000030   Section        4  sistema.o(.data)
    .data                                    0x20000034   Section       60  sistema_data.o(.data)
    .data                                    0x20000070   Section        4  stdout.o(.data)
    .data                                    0x20000074   Section        4  errno.o(.data)
    _errno                                   0x20000074   Data           4  errno.o(.data)
    .bss                                     0x20000078   Section      320  main.o(.bss)
    .bss                                     0x200001b8   Section      336  hil_lib.o(.bss)
    strHilIn                                 0x20000208   Data         256  hil_lib.o(.bss)
    .bss                                     0x20000308   Section       80  sistema.o(.bss)
    STACK                                    0x20000358   Section     1024  startup_stm32f103xb.o(STACK)

    Global Symbols

    Symbol Name                              Value     Ov Type        Size  Object(Section)

    BuildAttributes$$THM_ISAv4$P$D$K$B$S$PE$A:L22UL41UL21$X:L11$S22US41US21$IEEE1$IW$USESV6$~STKCKD$USESV7$~SHL$OTIME$ROPI$IEEEX$EBA8$MICROLIB$REQ8$PRES8$EABIv2 0x00000000   Number         0  anon$$obj.o ABSOLUTE
    __ARM_use_no_argv                        0x00000000   Number         0  main.o ABSOLUTE
    _printf_a                                0x00000000   Number         0  stubs.o ABSOLUTE
    _printf_c                                0x00000000   Number         0  stubs.o ABSOLUTE
    _printf_charcount                        0x00000000   Number         0  stubs.o ABSOLUTE
    _printf_d                                0x00000000   Number         0  stubs.o ABSOLUTE
    _printf_e                                0x00000000   Number         0  stubs.o ABSOLUTE
    _printf_f                                0x00000000   Number         0  stubs.o ABSOLUTE
    _printf_flags                            0x00000000   Number         0  stubs.o ABSOLUTE
    _printf_fp_dec                           0x00000000   Number         0  stubs.o ABSOLUTE
    _printf_fp_hex                           0x00000000   Number         0  stubs.o ABSOLUTE
    _printf_g                                0x00000000   Number         0  stubs.o ABSOLUTE
    _printf_i                                0x00000000   Number         0  stubs.o ABSOLUTE
    _printf_int_dec                          0x00000000   Number         0  stubs.o ABSOLUTE
    _printf_l                                0x00000000   Number         0  stubs.o ABSOLUTE
    _printf_lc                               0x00000000   Number         0  stubs.o ABSOLUTE
    _printf_ll                               0x00000000   Number         0  stubs.o ABSOLUTE
    _printf_lld                              0x00000000   Number         0  stubs.o ABSOLUTE
    _printf_lli                              0x00000000   Number         0  stubs.o ABSOLUTE
    _printf_llo                              0x00000000   Number         0  stubs.o ABSOLUTE
    _printf_llu                              0x00000000   Number         0  stubs.o ABSOLUTE
    _printf_llx                              0x00000000   Number         0  stubs.o ABSOLUTE
    _printf_longlong_dec                     0x00000000   Number         0  stubs.o ABSOLUTE
    _printf_longlong_hex                     0x00000000   Number         0  stubs.o ABSOLUTE
    _printf_longlong_oct                     0x00000000   Number         0  stubs.o ABSOLUTE
    _printf_ls                               0x00000000   Number         0  stubs.o ABSOLUTE
    _printf_mbtowc                           0x00000000   Number         0  stubs.o ABSOLUTE
    _printf_n                                0x00000000   Number         0  stubs.o ABSOLUTE
    _printf_o                                0x00000000   Number         0  stubs.o ABSOLUTE
    _printf_p                                0x00000000   Number         0  stubs.o ABSOLUTE
    _printf_percent                          0x00000000   Number         0  stubs.o ABSOLUTE
    _printf_pre_padding                      0x00000000   Number         0  stubs.o ABSOLUTE
    _printf_return_value                     0x00000000   Number         0  stubs.o ABSOLUTE
    _printf_s                                0x00000000   Number         0  stubs.o ABSOLUTE
    _printf_sizespec                         0x00000000   Number         0  stubs.o ABSOLUTE
    _printf_str                              0x00000000   Number         0  stubs.o ABSOLUTE
    _printf_truncate_signed                  0x00000000   Number         0  stubs.o ABSOLUTE
    _printf_truncate_unsigned                0x00000000   Number         0  stubs.o ABSOLUTE
    _printf_u                                0x00000000   Number         0  stubs.o ABSOLUTE
    _printf_wc                               0x00000000   Number         0  stubs.o ABSOLUTE
    _printf_wctomb                           0x00000000   Number         0  stubs.o ABSOLUTE
    _printf_widthprec                        0x00000000   Number         0  stubs.o ABSOLUTE
    _printf_x                                0x00000000   Number         0  stubs.o ABSOLUTE
    __cpp_initialize__aeabi_                  - Undefined Weak Reference
    __cxa_finalize                            - Undefined Weak Reference
    __decompress                              - Undefined Weak Reference
    _clock_init                               - Undefined Weak Reference
    _microlib_exit                            - Undefined Weak Reference
    _scanf_longlong                           - Undefined Weak Reference
    _scanf_real                               - Undefined Weak Reference
    _scanf_string                             - Undefined Weak Reference
    __Vectors_Size                           0x000000ec   Number         0  startup_stm32f103xb.o ABSOLUTE
    __Vectors                                0x08000000   Data           4  startup_stm32f103xb.o(RESET)
    __Vectors_End                            0x080000ec   Data           0  startup_stm32f103xb.o(RESET)
    __main                                   0x080000ed   Thumb Code     0  entry.o(.ARM.Collect$$$$00000000)
    _main_stk                                0x080000ed   Thumb Code     0  entry2.o(.ARM.Collect$$$$00000001)
    _main_scatterload                        0x080000f1   Thumb Code     0  entry5.o(.ARM.Collect$$$$00000004)
    __main_after_scatterload                 0x080000f5   Thumb Code     0  entry5.o(.ARM.Collect$$$$00000004)
    _main_clock                              0x080000f5   Thumb Code     0  entry7b.o(.ARM.Collect$$$$00000008)
    _main_cpp_init                           0x080000f5   Thumb Code     0  entry8b.o(.ARM.Collect$$$$0000000A)
    _main_init                               0x080000f5   Thumb Code     0  entry9a.o(.ARM.Collect$$$$0000000B)
    __rt_final_cpp                           0x080000fd   Thumb Code     0  entry10a.o(.ARM.Collect$$$$0000000D)
    __rt_final_exit                          0x080000fd   Thumb Code     0  entry11a.o(.ARM.Collect$$$$0000000F)
    Reset_Handler                            0x08000101   Thumb Code     8  startup_stm32f103xb.o(.text)
    ADC1_2_IRQHandler                        0x0800011b   Thumb Code     0  startup_stm32f103xb.o(.text)
    CAN1_RX1_IRQHandler                      0x0800011b   Thumb Code     0  startup_stm32f103xb.o(.text)
    CAN1_SCE_IRQHandler                      0x0800011b   Thumb Code     0  startup_stm32f103xb.o(.text)
    DMA1_Channel1_IRQHandler                 0x0800011b   Thumb Code     0  startup_stm32f103xb.o(.text)
    DMA1_Channel2_IRQHandler                 0x0800011b   Thumb Code     0  startup_stm32f103xb.o(.text)
    DMA1_Channel3_IRQHandler                 0x0800011b   Thumb Code     0  startup_stm32f103xb.o(.text)
    DMA1_Channel4_IRQHandler                 0x0800011b   Thumb Code     0  startup_stm32f103xb.o(.text)
    DMA1_Channel5_IRQHandler                 0x0800011b   Thumb Code     0  startup_stm32f103xb.o(.text)
    DMA1_Channel6_IRQHandler                 0x0800011b   Thumb Code     0  startup_stm32f103xb.o(.text)
    DMA1_Channel7_IRQHandler                 0x0800011b   Thumb Code     0  startup_stm32f103xb.o(.text)
    EXTI0_IRQHandler                         0x0800011b   Thumb Code     0  startup_stm32f103xb.o(.text)
    EXTI15_10_IRQHandler                     0x0800011b   Thumb Code     0  startup_stm32f103xb.o(.text)
    EXTI1_IRQHandler                         0x0800011b   Thumb Code     0  startup_stm32f103xb.o(.text)
    EXTI2_IRQHandler                         0x0800011b   Thumb Code     0  startup_stm32f103xb.o(.text)
    EXTI3_IRQHandler                         0x0800011b   Thumb Code     0  startup_stm32f103xb.o(.text)
    EXTI4_IRQHandler                         0x0800011b   Thumb Code     0  startup_stm32f103xb.o(.text)
    EXTI9_5_IRQHandler                       0x0800011b   Thumb Code     0  startup_stm32f103xb.o(.text)
    FLASH_IRQHandler                         0x0800011b   Thumb Code     0  startup_stm32f103xb.o(.text)
    I2C1_ER_IRQHandler                       0x0800011b   Thumb Code     0  startup_stm32f103xb.o(.text)
    I2C1_EV_IRQHandler                       0x0800011b   Thumb Code     0  startup_stm32f103xb.o(.text)
    I2C2_ER_IRQHandler                       0x0800011b   Thumb Code     0  startup_stm32f103xb.o(.text)
    I2C2_EV_IRQHandler                       0x0800011b   Thumb Code     0  startup_stm32f103xb.o(.text)
    PVD_IRQHandler                           0x0800011b   Thumb Code     0  startup_stm32f103xb.o(.text)
    RCC_IRQHandler                           0x0800011b   Thumb Code     0  startup_stm32f103xb.o(.text)
    RTC_Alarm_IRQHandler                     0x0800011b   Thumb Code     0  startup_stm32f103xb.o(.text)
    RTC_IRQHandler                           0x0800011b   Thumb Code     0  startup_stm32f103xb.o(.text)
    SPI1_IRQHandler                          0x0800011b   Thumb Code     0  startup_stm32f103xb.o(.text)
    SPI2_IRQHandler                          0x0800011b   Thumb Code     0  startup_stm32f103xb.o(.text)
    TAMPER_IRQHandler                        0x0800011b   Thumb Code     0  startup_stm32f103xb.o(.text)
    TIM1_BRK_IRQHandler                      0x0800011b   Thumb Code     0  startup_stm32f103xb.o(.text)
    TIM1_CC_IRQHandler                       0x0800011b   Thumb Code     0  startup_stm32f103xb.o(.text)
    TIM1_TRG_COM_IRQHandler                  0x0800011b   Thumb Code     0  startup_stm32f103xb.o(.text)
    TIM1_UP_IRQHandler                       0x0800011b   Thumb Code     0  startup_stm32f103xb.o(.text)
    TIM2_IRQHandler                          0x0800011b   Thumb Code     0  startup_stm32f103xb.o(.text)
    TIM3_IRQHandler                          0x0800011b   Thumb Code     0  startup_stm32f103xb.o(.text)
    TIM4_IRQHandler                          0x0800011b   Thumb Code     0  startup_stm32f103xb.o(.text)
    USART2_IRQHandler                        0x0800011b   Thumb Code     0  startup_stm32f103xb.o(.text)
    USART3_IRQHandler                        0x0800011b   Thumb Code     0  startup_stm32f103xb.o(.text)
    USBWakeUp_IRQHandler                     0x0800011b   Thumb Code     0  startup_stm32f103xb.o(.text)
    USB_HP_CAN1_TX_IRQHandler                0x0800011b   Thumb Code     0  startup_stm32f103xb.o(.text)
    USB_LP_CAN1_RX0_IRQHandler               0x0800011b   Thumb Code     0  startup_stm32f103xb.o(.text)
    WWDG_IRQHandler                          0x0800011b   Thumb Code     0  startup_stm32f103xb.o(.text)
    __aeabi_llsr                             0x08000125   Thumb Code    32  llushr.o(.text)
    _ll_ushift_r                             0x08000125   Thumb Code     0  llushr.o(.text)
    __aeabi_memcpy                           0x08000145   Thumb Code    36  memcpya.o(.text)
    __aeabi_memcpy4                          0x08000145   Thumb Code     0  memcpya.o(.text)
    __aeabi_memcpy8                          0x08000145   Thumb Code     0  memcpya.o(.text)
    __aeabi_memset                           0x08000169   Thumb Code    14  memseta.o(.text)
    __aeabi_memset4                          0x08000169   Thumb Code     0  memseta.o(.text)
    __aeabi_memset8                          0x08000169   Thumb Code     0  memseta.o(.text)
    __aeabi_memclr                           0x08000177   Thumb Code     4  memseta.o(.text)
    __aeabi_memclr4                          0x08000177   Thumb Code     0  memseta.o(.text)
    __aeabi_memclr8                          0x08000177   Thumb Code     0  memseta.o(.text)
    _memset$wrapper                          0x0800017b   Thumb Code    18  memseta.o(.text)
    strcat                                   0x0800018d   Thumb Code    24  strcat.o(.text)
    strlen                                   0x080001a5   Thumb Code    14  strlen.o(.text)
    __0sscanf                                0x080001b5   Thumb Code    48  __0sscanf.o(.text)
    _scanf_int                               0x080001ed   Thumb Code   332  _scanf_int.o(.text)
    __aeabi_fadd                             0x08000339   Thumb Code   164  fadd.o(.text)
    __aeabi_fsub                             0x080003dd   Thumb Code     6  fadd.o(.text)
    __aeabi_frsub                            0x080003e3   Thumb Code     6  fadd.o(.text)
    __aeabi_fmul                             0x080003e9   Thumb Code   100  fmul.o(.text)
    __aeabi_fdiv                             0x0800044d   Thumb Code   124  fdiv.o(.text)
    __ARM_scalbnf                            0x080004c9   Thumb Code    24  fscalb.o(.text)
    scalbnf                                  0x080004c9   Thumb Code     0  fscalb.o(.text)
    __aeabi_f2d                              0x080004e1   Thumb Code    38  f2d.o(.text)
    __aeabi_d2f                              0x08000507   Thumb Code    56  d2f.o(.text)
    __aeabi_cfcmpeq                          0x08000541   Thumb Code     0  cfcmple.o(.text)
    __aeabi_cfcmple                          0x08000541   Thumb Code    20  cfcmple.o(.text)
    __aeabi_uidiv                            0x08000555   Thumb Code     0  uidiv.o(.text)
    __aeabi_uidivmod                         0x08000555   Thumb Code    44  uidiv.o(.text)
    __aeabi_uldivmod                         0x08000581   Thumb Code    98  uldiv.o(.text)
    _chval                                   0x080005e3   Thumb Code    28  _chval.o(.text)
    __vfscanf_char                           0x0800060d   Thumb Code    20  scanf_char.o(.text)
    _sgetc                                   0x08000629   Thumb Code    30  _sgetc.o(.text)
    _sbackspace                              0x08000647   Thumb Code    34  _sgetc.o(.text)
    __I$use$fp                               0x08000669   Thumb Code     0  iusefp.o(.text)
    _float_round                             0x08000669   Thumb Code    18  fepilogue.o(.text)
    _float_epilogue                          0x0800067b   Thumb Code    92  fepilogue.o(.text)
    __aeabi_dadd                             0x080006d7   Thumb Code   322  dadd.o(.text)
    __aeabi_dsub                             0x08000819   Thumb Code     6  dadd.o(.text)
    __aeabi_drsub                            0x0800081f   Thumb Code     6  dadd.o(.text)
    __aeabi_dmul                             0x08000825   Thumb Code   228  dmul.o(.text)
    __aeabi_ddiv                             0x08000909   Thumb Code   222  ddiv.o(.text)
    __ARM_scalbn                             0x080009e7   Thumb Code    46  dscalb.o(.text)
    scalbn                                   0x080009e7   Thumb Code     0  dscalb.o(.text)
    _dsqrt                                   0x08000a15   Thumb Code   162  dsqrt.o(.text)
    __aeabi_d2ulz                            0x08000ab7   Thumb Code    48  dfixul.o(.text)
    __aeabi_cdrcmple                         0x08000ae9   Thumb Code    48  cdrcmple.o(.text)
    __scatterload                            0x08000b19   Thumb Code    28  init.o(.text)
    __scatterload_rt2                        0x08000b19   Thumb Code     0  init.o(.text)
    __aeabi_llsl                             0x08000b3d   Thumb Code    30  llshl.o(.text)
    _ll_shift_l                              0x08000b3d   Thumb Code     0  llshl.o(.text)
    __aeabi_lasr                             0x08000b5b   Thumb Code    36  llsshr.o(.text)
    _ll_sshift_r                             0x08000b5b   Thumb Code     0  llsshr.o(.text)
    isspace                                  0x08000b7f   Thumb Code    10  isspace_c.o(.text)
    __vfscanf                                0x08000b89   Thumb Code   808  _scanf.o(.text)
    _double_round                            0x08000eb5   Thumb Code    30  depilogue.o(.text)
    _double_epilogue                         0x08000ed3   Thumb Code   156  depilogue.o(.text)
    __aeabi_i2d                              0x08000f6f   Thumb Code    34  dflti.o(.text)
    __aeabi_ui2d                             0x08000f91   Thumb Code    26  dfltui.o(.text)
    __aeabi_d2iz                             0x08000fab   Thumb Code    62  dfixi.o(.text)
    __ctype_lookup                           0x08000fe9   Thumb Code    34  ctype_c.o(.text)
    BusFault_Handler                         0x08001011   Thumb Code     2  stm32f1xx_it.o(i.BusFault_Handler)
    DebugMon_Handler                         0x08001013   Thumb Code     2  stm32f1xx_it.o(i.DebugMon_Handler)
    HAL_DMA_Abort_IT                         0x08001015   Thumb Code   148  stm32f1xx_hal_dma.o(i.HAL_DMA_Abort_IT)
    HAL_Delay                                0x080010ad   Thumb Code    28  stm32f1xx_hal.o(i.HAL_Delay)
    HAL_GPIO_Init                            0x080010c9   Thumb Code   408  stm32f1xx_hal_gpio.o(i.HAL_GPIO_Init)
    HAL_GetTick                              0x08001285   Thumb Code     6  stm32f1xx_hal.o(i.HAL_GetTick)
    HAL_IncTick                              0x08001291   Thumb Code    10  stm32f1xx_hal.o(i.HAL_IncTick)
    HAL_Init                                 0x080012a1   Thumb Code    32  stm32f1xx_hal.o(i.HAL_Init)
    HAL_InitTick                             0x080012c5   Thumb Code    34  stm32f1xx_hal.o(i.HAL_InitTick)
    HAL_MspInit                              0x080012ed   Thumb Code   122  stm32f1xx_hal_msp.o(i.HAL_MspInit)
    HAL_NVIC_EnableIRQ                       0x08001371   Thumb Code    22  stm32f1xx_hal_cortex.o(i.HAL_NVIC_EnableIRQ)
    HAL_NVIC_SetPriority                     0x08001389   Thumb Code    60  stm32f1xx_hal_cortex.o(i.HAL_NVIC_SetPriority)
    HAL_NVIC_SetPriorityGrouping             0x080013c9   Thumb Code    26  stm32f1xx_hal_cortex.o(i.HAL_NVIC_SetPriorityGrouping)
    HAL_RCC_ClockConfig                      0x080013ed   Thumb Code   322  stm32f1xx_hal_rcc.o(i.HAL_RCC_ClockConfig)
    HAL_RCC_GetHCLKFreq                      0x08001541   Thumb Code     6  stm32f1xx_hal_rcc.o(i.HAL_RCC_GetHCLKFreq)
    HAL_RCC_GetPCLK1Freq                     0x0800154d   Thumb Code    20  stm32f1xx_hal_rcc.o(i.HAL_RCC_GetPCLK1Freq)
    HAL_RCC_GetPCLK2Freq                     0x0800156d   Thumb Code    20  stm32f1xx_hal_rcc.o(i.HAL_RCC_GetPCLK2Freq)
    HAL_RCC_GetSysClockFreq                  0x0800158d   Thumb Code    74  stm32f1xx_hal_rcc.o(i.HAL_RCC_GetSysClockFreq)
    HAL_RCC_OscConfig                        0x080015f9   Thumb Code   750  stm32f1xx_hal_rcc.o(i.HAL_RCC_OscConfig)
    HAL_SYSTICK_CLKSourceConfig              0x080018fd   Thumb Code    24  stm32f1xx_hal_cortex.o(i.HAL_SYSTICK_CLKSourceConfig)
    HAL_SYSTICK_Callback                     0x08001915   Thumb Code     2  stm32f1xx_hal_cortex.o(i.HAL_SYSTICK_Callback)
    HAL_SYSTICK_Config                       0x08001917   Thumb Code    40  stm32f1xx_hal_cortex.o(i.HAL_SYSTICK_Config)
    HAL_SYSTICK_IRQHandler                   0x0800193f   Thumb Code     8  stm32f1xx_hal_cortex.o(i.HAL_SYSTICK_IRQHandler)
    HAL_UART_ErrorCallback                   0x08001947   Thumb Code     2  stm32f1xx_hal_uart.o(i.HAL_UART_ErrorCallback)
    HAL_UART_IRQHandler                      0x08001949   Thumb Code   266  stm32f1xx_hal_uart.o(i.HAL_UART_IRQHandler)
    HAL_UART_Init                            0x08001a59   Thumb Code    98  stm32f1xx_hal_uart.o(i.HAL_UART_Init)
    HAL_UART_MspInit                         0x08001abd   Thumb Code    92  stm32f1xx_hal_msp.o(i.HAL_UART_MspInit)
    HAL_UART_Receive                         0x08001b25   Thumb Code   184  stm32f1xx_hal_uart.o(i.HAL_UART_Receive)
    HAL_UART_RxCpltCallback                  0x08001bdd   Thumb Code     2  stm32f1xx_hal_uart.o(i.HAL_UART_RxCpltCallback)
    HAL_UART_Transmit                        0x08001bdf   Thumb Code   186  stm32f1xx_hal_uart.o(i.HAL_UART_Transmit)
    HAL_UART_TxCpltCallback                  0x08001c99   Thumb Code     2  stm32f1xx_hal_uart.o(i.HAL_UART_TxCpltCallback)
    HIL_BreakString                          0x08001c9d   Thumb Code   176  hil_lib.o(i.HIL_BreakString)
    HIL_Calculate                            0x08001d59   Thumb Code   172  hil_lib.o(i.HIL_Calculate)
    HIL_CheckString                          0x08001e1d   Thumb Code    22  hil_lib.o(i.HIL_CheckString)
    HIL_Double2String                        0x08001e35   Thumb Code    72  hil_lib.o(i.HIL_Double2String)
    HIL_Int2Hex                              0x08001e91   Thumb Code    14  hil_lib.o(i.HIL_Int2Hex)
    HardFault_Handler                        0x08001e9f   Thumb Code     2  stm32f1xx_it.o(i.HardFault_Handler)
    ITM_SendChar                             0x08001ea1   Thumb Code    32  retarget_io.o(i.ITM_SendChar)
    MemManage_Handler                        0x08001ec5   Thumb Code     2  stm32f1xx_it.o(i.MemManage_Handler)
    NMI_Handler                              0x08001ec7   Thumb Code     2  stm32f1xx_it.o(i.NMI_Handler)
    PendSV_Handler                           0x08001ee9   Thumb Code     2  stm32f1xx_it.o(i.PendSV_Handler)
    SVC_Handler                              0x08001eeb   Thumb Code     2  stm32f1xx_it.o(i.SVC_Handler)
    SysTick_Handler                          0x08001eed   Thumb Code    14  stm32f1xx_it.o(i.SysTick_Handler)
    SystemClock_Config                       0x08001efb   Thumb Code   104  main.o(i.SystemClock_Config)
    SystemInit                               0x08001f65   Thumb Code    56  system_stm32f1xx.o(i.SystemInit)
    USART1_IRQHandler                        0x080022a9   Thumb Code    78  main.o(i.USART1_IRQHandler)
    UsageFault_Handler                       0x08002301   Thumb Code     2  stm32f1xx_it.o(i.UsageFault_Handler)
    __0printf                                0x08002305   Thumb Code    22  printfa.o(i.__0printf)
    __1printf                                0x08002305   Thumb Code     0  printfa.o(i.__0printf)
    __2printf                                0x08002305   Thumb Code     0  printfa.o(i.__0printf)
    __c89printf                              0x08002305   Thumb Code     0  printfa.o(i.__0printf)
    printf                                   0x08002305   Thumb Code     0  printfa.o(i.__0printf)
    __0snprintf                              0x08002325   Thumb Code    44  printfa.o(i.__0snprintf)
    __1snprintf                              0x08002325   Thumb Code     0  printfa.o(i.__0snprintf)
    __2snprintf                              0x08002325   Thumb Code     0  printfa.o(i.__0snprintf)
    __c89snprintf                            0x08002325   Thumb Code     0  printfa.o(i.__0snprintf)
    snprintf                                 0x08002325   Thumb Code     0  printfa.o(i.__0snprintf)
    __ARM_fpclassify                         0x08002355   Thumb Code    40  fpclassify.o(i.__ARM_fpclassify)
    __ieee754_rem_pio2                       0x0800237d   Thumb Code   828  rred.o(i.__ieee754_rem_pio2)
    __kernel_cos                             0x08002705   Thumb Code   230  cos_i.o(i.__kernel_cos)
    __kernel_poly                            0x08002801   Thumb Code   170  poly.o(i.__kernel_poly)
    __kernel_sin                             0x080028ad   Thumb Code   224  sin_i.o(i.__kernel_sin)
    __kernel_tan                             0x08002999   Thumb Code   586  tan_i.o(i.__kernel_tan)
    __mathlib_dbl_infnan                     0x08002c15   Thumb Code     6  dunder.o(i.__mathlib_dbl_infnan)
    __mathlib_dbl_invalid                    0x08002c1b   Thumb Code    12  dunder.o(i.__mathlib_dbl_invalid)
    __mathlib_dbl_underflow                  0x08002c29   Thumb Code    10  dunder.o(i.__mathlib_dbl_underflow)
    __scatterload_copy                       0x08002c39   Thumb Code    14  handlers.o(i.__scatterload_copy)
    __scatterload_null                       0x08002c47   Thumb Code     2  handlers.o(i.__scatterload_null)
    __scatterload_zeroinit                   0x08002c49   Thumb Code    14  handlers.o(i.__scatterload_zeroinit)
    __set_errno                              0x08002c59   Thumb Code     6  errno.o(i.__set_errno)
    asin                                     0x0800352d   Thumb Code   572  asin.o(i.asin)
    cos                                      0x0800379d   Thumb Code   148  cos.o(i.cos)
    fputc                                    0x08003839   Thumb Code    16  retarget_io.o(i.fputc)
    main                                     0x0800384d   Thumb Code   180  main.o(i.main)
    rt_OneStep                               0x08003915   Thumb Code    32  hil_lib.o(i.rt_OneStep)
    sin                                      0x08003945   Thumb Code   150  sin.o(i.sin)
    sistema_step                             0x080039e5   Thumb Code  3944  sistema.o(i.sistema_step)
    sqrt                                     0x08004961   Thumb Code    76  sqrt.o(i.sqrt)
    tan                                      0x080049ad   Thumb Code    90  tan.o(i.tan)
    AHBPrescTable                            0x08004a10   Data          16  system_stm32f1xx.o(.constdata)
    APBPrescTable                            0x08004a20   Data           8  system_stm32f1xx.o(.constdata)
    sistema_M                                0x08004a28   Data           4  sistema.o(.constdata)
    __ctype_categories                       0x08004c00   Data          64  ctype_c.o(.constdata)
    Region$$Table$$Base                      0x08004c40   Number         0  anon$$obj.o(Region$$Table)
    Region$$Table$$Limit                     0x08004c60   Number         0  anon$$obj.o(Region$$Table)
    uwTick                                   0x20000000   Data           4  stm32f1xx_hal.o(.data)
    SystemCoreClock                          0x20000004   Data           4  system_stm32f1xx.o(.data)
    newSentenceReady                         0x20000008   Data           1  main.o(.data)
    num_comma                                0x20000009   Data           1  main.o(.data)
    checksum                                 0x2000000a   Data           1  main.o(.data)
    correct_msg                              0x2000000b   Data           1  main.o(.data)
    input_state                              0x2000000c   Data           1  main.o(.data)
    ind_buffer_in                            0x20000010   Data           4  main.o(.data)
    indexCampo                               0x20000018   Data           4  hil_lib.o(.data)
    indexTemp                                0x2000001c   Data           4  hil_lib.o(.data)
    tempCampoBytes                           0x20000020   Data          11  hil_lib.o(.data)
    sistema_DW                               0x2000002c   Data           4  sistema.o(.data)
    sistema_M_                               0x20000030   Data           4  sistema.o(.data)
    sistema_P                                0x20000034   Data          60  sistema_data.o(.data)
    __stdout                                 0x20000070   Data           4  stdout.o(.data)
    huart1                                   0x20000078   Data          64  main.o(.bss)
    buffer_in                                0x200000b8   Data         256  main.o(.bss)
    dataFieldIn                              0x200001b8   Data          64  hil_lib.o(.bss)
    dataFieldOut                             0x200001f8   Data          16  hil_lib.o(.bss)
    sistema_U                                0x20000308   Data          64  sistema.o(.bss)
    sistema_Y                                0x20000348   Data          16  sistema.o(.bss)
    __initial_sp                             0x20000758   Data           0  startup_stm32f103xb.o(STACK)



==============================================================================

Memory Map of the image

  Image Entry point : 0x080000ed

  Load Region LR_IROM1 (Base: 0x08000000, Size: 0x00004cd8, Max: 0x00010000, ABSOLUTE)

    Execution Region ER_IROM1 (Exec base: 0x08000000, Load base: 0x08000000, Size: 0x00004c60, Max: 0x00010000, ABSOLUTE)

    Exec Addr    Load Addr    Size         Type   Attr      Idx    E Section Name        Object

    0x08000000   0x08000000   0x000000ec   Data   RO         1704    RESET               startup_stm32f103xb.o
    0x080000ec   0x080000ec   0x00000000   Code   RO         1821  * .ARM.Collect$$$$00000000  mc_w.l(entry.o)
    0x080000ec   0x080000ec   0x00000004   Code   RO         2160    .ARM.Collect$$$$00000001  mc_w.l(entry2.o)
    0x080000f0   0x080000f0   0x00000004   Code   RO         2163    .ARM.Collect$$$$00000004  mc_w.l(entry5.o)
    0x080000f4   0x080000f4   0x00000000   Code   RO         2165    .ARM.Collect$$$$00000008  mc_w.l(entry7b.o)
    0x080000f4   0x080000f4   0x00000000   Code   RO         2167    .ARM.Collect$$$$0000000A  mc_w.l(entry8b.o)
    0x080000f4   0x080000f4   0x00000008   Code   RO         2168    .ARM.Collect$$$$0000000B  mc_w.l(entry9a.o)
    0x080000fc   0x080000fc   0x00000000   Code   RO         2170    .ARM.Collect$$$$0000000D  mc_w.l(entry10a.o)
    0x080000fc   0x080000fc   0x00000000   Code   RO         2172    .ARM.Collect$$$$0000000F  mc_w.l(entry11a.o)
    0x080000fc   0x080000fc   0x00000004   Code   RO         2161    .ARM.Collect$$$$00002712  mc_w.l(entry2.o)
    0x08000100   0x08000100   0x00000024   Code   RO         1705    .text               startup_stm32f103xb.o
    0x08000124   0x08000124   0x00000020   Code   RO         1831    .text               mc_w.l(llushr.o)
    0x08000144   0x08000144   0x00000024   Code   RO         1833    .text               mc_w.l(memcpya.o)
    0x08000168   0x08000168   0x00000024   Code   RO         1835    .text               mc_w.l(memseta.o)
    0x0800018c   0x0800018c   0x00000018   Code   RO         1837    .text               mc_w.l(strcat.o)
    0x080001a4   0x080001a4   0x0000000e   Code   RO         1839    .text               mc_w.l(strlen.o)
    0x080001b2   0x080001b2   0x00000002   PAD
    0x080001b4   0x080001b4   0x00000038   Code   RO         2104    .text               mc_w.l(__0sscanf.o)
    0x080001ec   0x080001ec   0x0000014c   Code   RO         2106    .text               mc_w.l(_scanf_int.o)
    0x08000338   0x08000338   0x000000b0   Code   RO         2108    .text               mf_w.l(fadd.o)
    0x080003e8   0x080003e8   0x00000064   Code   RO         2110    .text               mf_w.l(fmul.o)
    0x0800044c   0x0800044c   0x0000007c   Code   RO         2112    .text               mf_w.l(fdiv.o)
    0x080004c8   0x080004c8   0x00000018   Code   RO         2114    .text               mf_w.l(fscalb.o)
    0x080004e0   0x080004e0   0x00000026   Code   RO         2116    .text               mf_w.l(f2d.o)
    0x08000506   0x08000506   0x00000038   Code   RO         2118    .text               mf_w.l(d2f.o)
    0x0800053e   0x0800053e   0x00000002   PAD
    0x08000540   0x08000540   0x00000014   Code   RO         2120    .text               mf_w.l(cfcmple.o)
    0x08000554   0x08000554   0x0000002c   Code   RO         2174    .text               mc_w.l(uidiv.o)
    0x08000580   0x08000580   0x00000062   Code   RO         2176    .text               mc_w.l(uldiv.o)
    0x080005e2   0x080005e2   0x0000001c   Code   RO         2185    .text               mc_w.l(_chval.o)
    0x080005fe   0x080005fe   0x00000002   PAD
    0x08000600   0x08000600   0x00000028   Code   RO         2187    .text               mc_w.l(scanf_char.o)
    0x08000628   0x08000628   0x00000040   Code   RO         2189    .text               mc_w.l(_sgetc.o)
    0x08000668   0x08000668   0x00000000   Code   RO         2191    .text               mc_w.l(iusefp.o)
    0x08000668   0x08000668   0x0000006e   Code   RO         2192    .text               mf_w.l(fepilogue.o)
    0x080006d6   0x080006d6   0x0000014e   Code   RO         2194    .text               mf_w.l(dadd.o)
    0x08000824   0x08000824   0x000000e4   Code   RO         2196    .text               mf_w.l(dmul.o)
    0x08000908   0x08000908   0x000000de   Code   RO         2198    .text               mf_w.l(ddiv.o)
    0x080009e6   0x080009e6   0x0000002e   Code   RO         2200    .text               mf_w.l(dscalb.o)
    0x08000a14   0x08000a14   0x000000a2   Code   RO         2202    .text               mf_w.l(dsqrt.o)
    0x08000ab6   0x08000ab6   0x00000030   Code   RO         2204    .text               mf_w.l(dfixul.o)
    0x08000ae6   0x08000ae6   0x00000002   PAD
    0x08000ae8   0x08000ae8   0x00000030   Code   RO         2208    .text               mf_w.l(cdrcmple.o)
    0x08000b18   0x08000b18   0x00000024   Code   RO         2210    .text               mc_w.l(init.o)
    0x08000b3c   0x08000b3c   0x0000001e   Code   RO         2212    .text               mc_w.l(llshl.o)
    0x08000b5a   0x08000b5a   0x00000024   Code   RO         2214    .text               mc_w.l(llsshr.o)
    0x08000b7e   0x08000b7e   0x0000000a   Code   RO         2216    .text               mc_w.l(isspace_c.o)
    0x08000b88   0x08000b88   0x0000032c   Code   RO         2218    .text               mc_w.l(_scanf.o)
    0x08000eb4   0x08000eb4   0x000000ba   Code   RO         2220    .text               mf_w.l(depilogue.o)
    0x08000f6e   0x08000f6e   0x00000022   Code   RO         2222    .text               mf_w.l(dflti.o)
    0x08000f90   0x08000f90   0x0000001a   Code   RO         2224    .text               mf_w.l(dfltui.o)
    0x08000faa   0x08000faa   0x0000003e   Code   RO         2226    .text               mf_w.l(dfixi.o)
    0x08000fe8   0x08000fe8   0x00000028   Code   RO         2228    .text               mc_w.l(ctype_c.o)
    0x08001010   0x08001010   0x00000002   Code   RO         1388    i.BusFault_Handler  stm32f1xx_it.o
    0x08001012   0x08001012   0x00000002   Code   RO         1389    i.DebugMon_Handler  stm32f1xx_it.o
    0x08001014   0x08001014   0x00000098   Code   RO          227    i.HAL_DMA_Abort_IT  stm32f1xx_hal_dma.o
    0x080010ac   0x080010ac   0x0000001c   Code   RO         1029    i.HAL_Delay         stm32f1xx_hal.o
    0x080010c8   0x080010c8   0x000001bc   Code   RO         1166    i.HAL_GPIO_Init     stm32f1xx_hal_gpio.o
    0x08001284   0x08001284   0x0000000c   Code   RO         1033    i.HAL_GetTick       stm32f1xx_hal.o
    0x08001290   0x08001290   0x00000010   Code   RO         1035    i.HAL_IncTick       stm32f1xx_hal.o
    0x080012a0   0x080012a0   0x00000024   Code   RO         1036    i.HAL_Init          stm32f1xx_hal.o
    0x080012c4   0x080012c4   0x00000028   Code   RO         1037    i.HAL_InitTick      stm32f1xx_hal.o
    0x080012ec   0x080012ec   0x00000084   Code   RO         1539    i.HAL_MspInit       stm32f1xx_hal_msp.o
    0x08001370   0x08001370   0x00000016   Code   RO          648    i.HAL_NVIC_EnableIRQ  stm32f1xx_hal_cortex.o
    0x08001386   0x08001386   0x00000002   PAD
    0x08001388   0x08001388   0x00000040   Code   RO          654    i.HAL_NVIC_SetPriority  stm32f1xx_hal_cortex.o
    0x080013c8   0x080013c8   0x00000024   Code   RO          655    i.HAL_NVIC_SetPriorityGrouping  stm32f1xx_hal_cortex.o
    0x080013ec   0x080013ec   0x00000154   Code   RO          836    i.HAL_RCC_ClockConfig  stm32f1xx_hal_rcc.o
    0x08001540   0x08001540   0x0000000c   Code   RO          841    i.HAL_RCC_GetHCLKFreq  stm32f1xx_hal_rcc.o
    0x0800154c   0x0800154c   0x00000020   Code   RO          843    i.HAL_RCC_GetPCLK1Freq  stm32f1xx_hal_rcc.o
    0x0800156c   0x0800156c   0x00000020   Code   RO          844    i.HAL_RCC_GetPCLK2Freq  stm32f1xx_hal_rcc.o
    0x0800158c   0x0800158c   0x0000006c   Code   RO          845    i.HAL_RCC_GetSysClockFreq  stm32f1xx_hal_rcc.o
    0x080015f8   0x080015f8   0x00000304   Code   RO          848    i.HAL_RCC_OscConfig  stm32f1xx_hal_rcc.o
    0x080018fc   0x080018fc   0x00000018   Code   RO          657    i.HAL_SYSTICK_CLKSourceConfig  stm32f1xx_hal_cortex.o
    0x08001914   0x08001914   0x00000002   Code   RO          658    i.HAL_SYSTICK_Callback  stm32f1xx_hal_cortex.o
    0x08001916   0x08001916   0x00000028   Code   RO          659    i.HAL_SYSTICK_Config  stm32f1xx_hal_cortex.o
    0x0800193e   0x0800193e   0x00000008   Code   RO          660    i.HAL_SYSTICK_IRQHandler  stm32f1xx_hal_cortex.o
    0x08001946   0x08001946   0x00000002   Code   RO          341    i.HAL_UART_ErrorCallback  stm32f1xx_hal_uart.o
    0x08001948   0x08001948   0x00000110   Code   RO          344    i.HAL_UART_IRQHandler  stm32f1xx_hal_uart.o
    0x08001a58   0x08001a58   0x00000062   Code   RO          345    i.HAL_UART_Init     stm32f1xx_hal_uart.o
    0x08001aba   0x08001aba   0x00000002   PAD
    0x08001abc   0x08001abc   0x00000068   Code   RO         1541    i.HAL_UART_MspInit  stm32f1xx_hal_msp.o
    0x08001b24   0x08001b24   0x000000b8   Code   RO          348    i.HAL_UART_Receive  stm32f1xx_hal_uart.o
    0x08001bdc   0x08001bdc   0x00000002   Code   RO          351    i.HAL_UART_RxCpltCallback  stm32f1xx_hal_uart.o
    0x08001bde   0x08001bde   0x000000ba   Code   RO          353    i.HAL_UART_Transmit  stm32f1xx_hal_uart.o
    0x08001c98   0x08001c98   0x00000002   Code   RO          356    i.HAL_UART_TxCpltCallback  stm32f1xx_hal_uart.o
    0x08001c9a   0x08001c9a   0x00000002   PAD
    0x08001c9c   0x08001c9c   0x000000bc   Code   RO         1575    i.HIL_BreakString   hil_lib.o
    0x08001d58   0x08001d58   0x000000c4   Code   RO         1576    i.HIL_Calculate     hil_lib.o
    0x08001e1c   0x08001e1c   0x00000016   Code   RO         1577    i.HIL_CheckString   hil_lib.o
    0x08001e32   0x08001e32   0x00000002   PAD
    0x08001e34   0x08001e34   0x0000005c   Code   RO         1578    i.HIL_Double2String  hil_lib.o
    0x08001e90   0x08001e90   0x0000000e   Code   RO         1579    i.HIL_Int2Hex       hil_lib.o
    0x08001e9e   0x08001e9e   0x00000002   Code   RO         1390    i.HardFault_Handler  stm32f1xx_it.o
    0x08001ea0   0x08001ea0   0x00000024   Code   RO         1710    i.ITM_SendChar      retarget_io.o
    0x08001ec4   0x08001ec4   0x00000002   Code   RO         1391    i.MemManage_Handler  stm32f1xx_it.o
    0x08001ec6   0x08001ec6   0x00000002   Code   RO         1392    i.NMI_Handler       stm32f1xx_it.o
    0x08001ec8   0x08001ec8   0x00000020   Code   RO          661    i.NVIC_SetPriority  stm32f1xx_hal_cortex.o
    0x08001ee8   0x08001ee8   0x00000002   Code   RO         1393    i.PendSV_Handler    stm32f1xx_it.o
    0x08001eea   0x08001eea   0x00000002   Code   RO         1394    i.SVC_Handler       stm32f1xx_it.o
    0x08001eec   0x08001eec   0x0000000e   Code   RO         1395    i.SysTick_Handler   stm32f1xx_it.o
    0x08001efa   0x08001efa   0x00000068   Code   RO         1470    i.SystemClock_Config  main.o
    0x08001f62   0x08001f62   0x00000002   PAD
    0x08001f64   0x08001f64   0x00000048   Code   RO         1351    i.SystemInit        system_stm32f1xx.o
    0x08001fac   0x08001fac   0x00000010   Code   RO          358    i.UART_DMAAbortOnError  stm32f1xx_hal_uart.o
    0x08001fbc   0x08001fbc   0x0000001c   Code   RO          368    i.UART_EndRxTransfer  stm32f1xx_hal_uart.o
    0x08001fd8   0x08001fd8   0x00000096   Code   RO          370    i.UART_Receive_IT   stm32f1xx_hal_uart.o
    0x0800206e   0x0800206e   0x00000002   PAD
    0x08002070   0x08002070   0x00000170   Code   RO          371    i.UART_SetConfig    stm32f1xx_hal_uart.o
    0x080021e0   0x080021e0   0x00000062   Code   RO          372    i.UART_Transmit_IT  stm32f1xx_hal_uart.o
    0x08002242   0x08002242   0x00000064   Code   RO          373    i.UART_WaitOnFlagUntilTimeout  stm32f1xx_hal_uart.o
    0x080022a6   0x080022a6   0x00000002   PAD
    0x080022a8   0x080022a8   0x00000058   Code   RO         1471    i.USART1_IRQHandler  main.o
    0x08002300   0x08002300   0x00000002   Code   RO         1397    i.UsageFault_Handler  stm32f1xx_it.o
    0x08002302   0x08002302   0x00000002   PAD
    0x08002304   0x08002304   0x00000020   Code   RO         2076    i.__0printf         mc_w.l(printfa.o)
    0x08002324   0x08002324   0x00000030   Code   RO         2077    i.__0snprintf       mc_w.l(printfa.o)
    0x08002354   0x08002354   0x00000028   Code   RO         2139    i.__ARM_fpclassify  m_ws.l(fpclassify.o)
    0x0800237c   0x0800237c   0x00000388   Code   RO         2143    i.__ieee754_rem_pio2  m_ws.l(rred.o)
    0x08002704   0x08002704   0x000000fc   Code   RO         2122    i.__kernel_cos      m_ws.l(cos_i.o)
    0x08002800   0x08002800   0x000000aa   Code   RO         2141    i.__kernel_poly     m_ws.l(poly.o)
    0x080028aa   0x080028aa   0x00000002   PAD
    0x080028ac   0x080028ac   0x000000ec   Code   RO         2148    i.__kernel_sin      m_ws.l(sin_i.o)
    0x08002998   0x08002998   0x0000027c   Code   RO         2154    i.__kernel_tan      m_ws.l(tan_i.o)
    0x08002c14   0x08002c14   0x00000006   Code   RO         2126    i.__mathlib_dbl_infnan  m_ws.l(dunder.o)
    0x08002c1a   0x08002c1a   0x0000000c   Code   RO         2128    i.__mathlib_dbl_invalid  m_ws.l(dunder.o)
    0x08002c26   0x08002c26   0x00000002   PAD
    0x08002c28   0x08002c28   0x00000010   Code   RO         2131    i.__mathlib_dbl_underflow  m_ws.l(dunder.o)
    0x08002c38   0x08002c38   0x0000000e   Code   RO         2233    i.__scatterload_copy  mc_w.l(handlers.o)
    0x08002c46   0x08002c46   0x00000002   Code   RO         2234    i.__scatterload_null  mc_w.l(handlers.o)
    0x08002c48   0x08002c48   0x0000000e   Code   RO         2235    i.__scatterload_zeroinit  mc_w.l(handlers.o)
    0x08002c56   0x08002c56   0x00000002   PAD
    0x08002c58   0x08002c58   0x0000000c   Code   RO         2180    i.__set_errno       mc_w.l(errno.o)
    0x08002c64   0x08002c64   0x00000184   Code   RO         2083    i._fp_digits        mc_w.l(printfa.o)
    0x08002de8   0x08002de8   0x000006dc   Code   RO         2084    i._printf_core      mc_w.l(printfa.o)
    0x080034c4   0x080034c4   0x00000024   Code   RO         2085    i._printf_post_padding  mc_w.l(printfa.o)
    0x080034e8   0x080034e8   0x0000002e   Code   RO         2086    i._printf_pre_padding  mc_w.l(printfa.o)
    0x08003516   0x08003516   0x00000016   Code   RO         2087    i._snputc           mc_w.l(printfa.o)
    0x0800352c   0x0800352c   0x00000270   Code   RO         1780    i.asin              m_ws.l(asin.o)
    0x0800379c   0x0800379c   0x0000009c   Code   RO         1790    i.cos               m_ws.l(cos.o)
    0x08003838   0x08003838   0x00000014   Code   RO         1715    i.fputc             retarget_io.o
    0x0800384c   0x0800384c   0x000000c8   Code   RO         1473    i.main              main.o
    0x08003914   0x08003914   0x00000030   Code   RO         1580    i.rt_OneStep        hil_lib.o
    0x08003944   0x08003944   0x000000a0   Code   RO         1798    i.sin               m_ws.l(sin.o)
    0x080039e4   0x080039e4   0x00000f7c   Code   RO         1647    i.sistema_step      sistema.o
    0x08004960   0x08004960   0x0000004c   Code   RO         1806    i.sqrt              m_ws.l(sqrt.o)
    0x080049ac   0x080049ac   0x00000064   Code   RO         1814    i.tan               m_ws.l(tan.o)
    0x08004a10   0x08004a10   0x00000010   Data   RO         1352    .constdata          system_stm32f1xx.o
    0x08004a20   0x08004a20   0x00000008   Data   RO         1353    .constdata          system_stm32f1xx.o
    0x08004a28   0x08004a28   0x00000004   Data   RO         1650    .constdata          sistema.o
    0x08004a2c   0x08004a2c   0x00000004   PAD
    0x08004a30   0x08004a30   0x00000050   Data   RO         1781    .constdata          m_ws.l(asin.o)
    0x08004a80   0x08004a80   0x00000030   Data   RO         2123    .constdata          m_ws.l(cos_i.o)
    0x08004ab0   0x08004ab0   0x000000c8   Data   RO         2145    .constdata          m_ws.l(rred.o)
    0x08004b78   0x08004b78   0x00000028   Data   RO         2149    .constdata          m_ws.l(sin_i.o)
    0x08004ba0   0x08004ba0   0x00000060   Data   RO         2155    .constdata          m_ws.l(tan_i.o)
    0x08004c00   0x08004c00   0x00000040   Data   RO         2229    .constdata          mc_w.l(ctype_c.o)
    0x08004c40   0x08004c40   0x00000020   Data   RO         2231    Region$$Table       anon$$obj.o


    Execution Region RW_IRAM1 (Exec base: 0x20000000, Load base: 0x08004c60, Size: 0x00000758, Max: 0x00005000, ABSOLUTE)

    Exec Addr    Load Addr    Size         Type   Attr      Idx    E Section Name        Object

    0x20000000   0x08004c60   0x00000004   Data   RW         1042    .data               stm32f1xx_hal.o
    0x20000004   0x08004c64   0x00000004   Data   RW         1354    .data               system_stm32f1xx.o
    0x20000008   0x08004c68   0x0000000c   Data   RW         1475    .data               main.o
    0x20000014   0x08004c74   0x00000017   Data   RW         1584    .data               hil_lib.o
    0x2000002b   0x08004c8b   0x00000001   PAD
    0x2000002c   0x08004c8c   0x00000004   Data   RW         1651    .data               sistema.o
    0x20000030   0x08004c90   0x00000004   Data   RW         1652    .data               sistema.o
    0x20000034   0x08004c94   0x0000003c   Data   RW         1686    .data               sistema_data.o
    0x20000070   0x08004cd0   0x00000004   Data   RW         1829    .data               mc_w.l(stdout.o)
    0x20000074   0x08004cd4   0x00000004   Data   RW         2181    .data               mc_w.l(errno.o)
    0x20000078        -       0x00000140   Zero   RW         1474    .bss                main.o
    0x200001b8        -       0x00000150   Zero   RW         1581    .bss                hil_lib.o
    0x20000308        -       0x00000050   Zero   RW         1649    .bss                sistema.o
    0x20000358        -       0x00000400   Zero   RW         1702    STACK               startup_stm32f103xb.o


==============================================================================

Image component sizes


      Code (inc. data)   RO Data    RW Data    ZI Data      Debug   Object Name

       560         72          0         23        336       4623   hil_lib.o
       392         30          0         12        320       4446   main.o
        56          8          0          0          0       3295   retarget_io.o
      3964        104          4          8         80       4677   sistema.o
         0          0          0         60          0       1835   sistema_data.o
        36          8        236          0       1024        744   startup_stm32f103xb.o
       132         22          0          4          0       3479   stm32f1xx_hal.o
       228         14          0          0          0      27157   stm32f1xx_hal_cortex.o
       152          4          0          0          0       1047   stm32f1xx_hal_dma.o
       444         36          0          0          0       2196   stm32f1xx_hal_gpio.o
       236         22          0          0          0       1425   stm32f1xx_hal_msp.o
         0          0          0          0          0     403072   stm32f1xx_hal_pwr.o
      1296        104          0          0          0       5444   stm32f1xx_hal_rcc.o
      1506         10          0          0          0       9790   stm32f1xx_hal_uart.o
        30          0          0          0          0       3594   stm32f1xx_it.o
        72         16         24          4          0       1079   system_stm32f1xx.o

    ----------------------------------------------------------------------
      9120        450        300        112       1760     477903   Object Totals
         0          0         32          0          0          0   (incl. Generated)
        16          0          4          1          0          0   (incl. Padding)

    ----------------------------------------------------------------------

      Code (inc. data)   RO Data    RW Data    ZI Data      Debug   Library Member Name

       624         52         80          0          0        168   asin.o
       156          8          0          0          0        104   cos.o
       252         22         48          0          0        124   cos_i.o
        34          6          0          0          0        204   dunder.o
        40          0          0          0          0         68   fpclassify.o
       170          0          0          0          0         96   poly.o
       904         76        200          0          0        140   rred.o
       160         10          0          0          0        108   sin.o
       236         12         40          0          0        128   sin_i.o
        76          0          0          0          0         84   sqrt.o
       100         10          0          0          0         96   tan.o
       636         50         96          0          0        168   tan_i.o
        56          8          0          0          0         84   __0sscanf.o
        28          0          0          0          0         68   _chval.o
       812          4          0          0          0        112   _scanf.o
       332          0          0          0          0         96   _scanf_int.o
        64          0          0          0          0         84   _sgetc.o
        40          6         64          0          0         68   ctype_c.o
         0          0          0          0          0          0   entry.o
         0          0          0          0          0          0   entry10a.o
         0          0          0          0          0          0   entry11a.o
         8          4          0          0          0          0   entry2.o
         4          0          0          0          0          0   entry5.o
         0          0          0          0          0          0   entry7b.o
         0          0          0          0          0          0   entry8b.o
         8          4          0          0          0          0   entry9a.o
        12          6          0          4          0         68   errno.o
        30          0          0          0          0          0   handlers.o
        36          8          0          0          0         68   init.o
        10          0          0          0          0         68   isspace_c.o
         0          0          0          0          0          0   iusefp.o
        30          0          0          0          0         68   llshl.o
        36          0          0          0          0         68   llsshr.o
        32          0          0          0          0         68   llushr.o
        36          0          0          0          0         68   memcpya.o
        36          0          0          0          0        108   memseta.o
      2328         94          0          0          0        604   printfa.o
        40          8          0          0          0         84   scanf_char.o
         0          0          0          4          0          0   stdout.o
        24          0          0          0          0         68   strcat.o
        14          0          0          0          0         68   strlen.o
        44          0          0          0          0         80   uidiv.o
        98          0          0          0          0         92   uldiv.o
        48          0          0          0          0         68   cdrcmple.o
        20          0          0          0          0         68   cfcmple.o
        56          0          0          0          0         88   d2f.o
       334          0          0          0          0        148   dadd.o
       222          0          0          0          0        100   ddiv.o
       186          0          0          0          0        176   depilogue.o
        62          0          0          0          0         80   dfixi.o
        48          0          0          0          0         68   dfixul.o
        34          0          0          0          0         76   dflti.o
        26          0          0          0          0         76   dfltui.o
       228          0          0          0          0         96   dmul.o
        46          0          0          0          0         80   dscalb.o
       162          0          0          0          0        100   dsqrt.o
        38          0          0          0          0         68   f2d.o
       176          0          0          0          0        140   fadd.o
       124          0          0          0          0         88   fdiv.o
       110          0          0          0          0        168   fepilogue.o
       100          0          0          0          0         76   fmul.o
        24          0          0          0          0         68   fscalb.o

    ----------------------------------------------------------------------
      9604        388        528          8          0       5412   Library Totals
        14          0          0          0          0          0   (incl. Padding)

    ----------------------------------------------------------------------

      Code (inc. data)   RO Data    RW Data    ZI Data      Debug   Library Name

      3388        246        464          0          0       1488   m_ws.l
      4158        142         64          8          0       2092   mc_w.l
      2044          0          0          0          0       1832   mf_w.l

    ----------------------------------------------------------------------
      9604        388        528          8          0       5412   Library Totals

    ----------------------------------------------------------------------

==============================================================================


      Code (inc. data)   RO Data    RW Data    ZI Data      Debug   

     18724        838        828        120       1760     477643   Grand Totals
     18724        838        828        120       1760     477643   ELF Image Totals
     18724        838        828        120          0          0   ROM Totals

==============================================================================

    Total RO  Size (Code + RO Data)                19552 (  19.09kB)
    Total RW  Size (RW Data + ZI Data)              1880 (   1.84kB)
    Total ROM Size (Code + RO Data + RW Data)      19672 (  19.21kB)

==============================================================================

