Component: ARM Compiler 5.06 update 4 (build 422) Tool: armlink [4d35d2]

==============================================================================

Section Cross References

    stm32f1xx_hal_pwr.o(i.HAL_PWR_EnterSTOPMode) refers to stm32f1xx_hal_pwr.o(i.PWR_OverloadWfe) for PWR_OverloadWfe
    stm32f1xx_hal_pwr.o(i.HAL_PWR_PVD_IRQHandler) refers to stm32f1xx_hal_pwr.o(i.HAL_PWR_PVDCallback) for HAL_PWR_PVDCallback
    stm32f1xx_hal.o(i.HAL_DeInit) refers to stm32f1xx_hal.o(i.HAL_MspDeInit) for HAL_MspDeInit
    stm32f1xx_hal.o(i.HAL_Delay) refers to stm32f1xx_hal.o(i.HAL_GetTick) for HAL_GetTick
    stm32f1xx_hal.o(i.HAL_GetTick) refers to stm32f1xx_hal.o(.data) for .data
    stm32f1xx_hal.o(i.HAL_IncTick) refers to stm32f1xx_hal.o(.data) for .data
    stm32f1xx_hal.o(i.HAL_Init) refers to stm32f1xx_hal_cortex.o(i.HAL_NVIC_SetPriorityGrouping) for HAL_NVIC_SetPriorityGrouping
    stm32f1xx_hal.o(i.HAL_Init) refers to stm32f1xx_hal.o(i.HAL_InitTick) for HAL_InitTick
    stm32f1xx_hal.o(i.HAL_Init) refers to stm32f1xx_hal_msp.o(i.HAL_MspInit) for HAL_MspInit
    stm32f1xx_hal.o(i.HAL_InitTick) refers to stm32f1xx_hal_rcc.o(i.HAL_RCC_GetHCLKFreq) for HAL_RCC_GetHCLKFreq
    stm32f1xx_hal.o(i.HAL_InitTick) refers to stm32f1xx_hal_cortex.o(i.HAL_SYSTICK_Config) for HAL_SYSTICK_Config
    stm32f1xx_hal.o(i.HAL_InitTick) refers to stm32f1xx_hal_cortex.o(i.HAL_NVIC_SetPriority) for HAL_NVIC_SetPriority
    stm32f1xx_hal_pcd.o(i.HAL_PCD_ActivateRemoteWakeup) refers to stm32f1xx_ll_usb.o(i.USB_ActivateRemoteWakeup) for USB_ActivateRemoteWakeup
    stm32f1xx_hal_pcd.o(i.HAL_PCD_DeActivateRemoteWakeup) refers to stm32f1xx_ll_usb.o(i.USB_DeActivateRemoteWakeup) for USB_DeActivateRemoteWakeup
    stm32f1xx_hal_pcd.o(i.HAL_PCD_DeInit) refers to stm32f1xx_hal_pcd.o(i.HAL_PCD_Stop) for HAL_PCD_Stop
    stm32f1xx_hal_pcd.o(i.HAL_PCD_DeInit) refers to usbd_conf.o(i.HAL_PCD_MspDeInit) for HAL_PCD_MspDeInit
    stm32f1xx_hal_pcd.o(i.HAL_PCD_DevConnect) refers to usbd_conf.o(i.HAL_PCDEx_SetConnectionState) for HAL_PCDEx_SetConnectionState
    stm32f1xx_hal_pcd.o(i.HAL_PCD_DevConnect) refers to stm32f1xx_ll_usb.o(i.USB_DevConnect) for USB_DevConnect
    stm32f1xx_hal_pcd.o(i.HAL_PCD_DevDisconnect) refers to usbd_conf.o(i.HAL_PCDEx_SetConnectionState) for HAL_PCDEx_SetConnectionState
    stm32f1xx_hal_pcd.o(i.HAL_PCD_DevDisconnect) refers to stm32f1xx_ll_usb.o(i.USB_DevDisconnect) for USB_DevDisconnect
    stm32f1xx_hal_pcd.o(i.HAL_PCD_EP_Close) refers to stm32f1xx_ll_usb.o(i.USB_DeactivateEndpoint) for USB_DeactivateEndpoint
    stm32f1xx_hal_pcd.o(i.HAL_PCD_EP_ClrStall) refers to stm32f1xx_ll_usb.o(i.USB_EPClearStall) for USB_EPClearStall
    stm32f1xx_hal_pcd.o(i.HAL_PCD_EP_Flush) refers to stm32f1xx_ll_usb.o(i.USB_FlushTxFifo) for USB_FlushTxFifo
    stm32f1xx_hal_pcd.o(i.HAL_PCD_EP_Flush) refers to stm32f1xx_ll_usb.o(i.USB_FlushRxFifo) for USB_FlushRxFifo
    stm32f1xx_hal_pcd.o(i.HAL_PCD_EP_Open) refers to stm32f1xx_ll_usb.o(i.USB_ActivateEndpoint) for USB_ActivateEndpoint
    stm32f1xx_hal_pcd.o(i.HAL_PCD_EP_Receive) refers to stm32f1xx_ll_usb.o(i.USB_EPStartXfer) for USB_EPStartXfer
    stm32f1xx_hal_pcd.o(i.HAL_PCD_EP_SetStall) refers to stm32f1xx_ll_usb.o(i.USB_EPSetStall) for USB_EPSetStall
    stm32f1xx_hal_pcd.o(i.HAL_PCD_EP_SetStall) refers to stm32f1xx_ll_usb.o(i.USB_EP0_OutStart) for USB_EP0_OutStart
    stm32f1xx_hal_pcd.o(i.HAL_PCD_EP_Transmit) refers to stm32f1xx_ll_usb.o(i.USB_EPStartXfer) for USB_EPStartXfer
    stm32f1xx_hal_pcd.o(i.HAL_PCD_IRQHandler) refers to stm32f1xx_ll_usb.o(i.USB_ReadInterrupts) for USB_ReadInterrupts
    stm32f1xx_hal_pcd.o(i.HAL_PCD_IRQHandler) refers to stm32f1xx_hal_pcd.o(i.PCD_EP_ISR_Handler) for PCD_EP_ISR_Handler
    stm32f1xx_hal_pcd.o(i.HAL_PCD_IRQHandler) refers to usbd_conf.o(i.HAL_PCD_ResetCallback) for HAL_PCD_ResetCallback
    stm32f1xx_hal_pcd.o(i.HAL_PCD_IRQHandler) refers to stm32f1xx_hal_pcd.o(i.HAL_PCD_SetAddress) for HAL_PCD_SetAddress
    stm32f1xx_hal_pcd.o(i.HAL_PCD_IRQHandler) refers to usbd_conf.o(i.HAL_PCD_ResumeCallback) for HAL_PCD_ResumeCallback
    stm32f1xx_hal_pcd.o(i.HAL_PCD_IRQHandler) refers to usbd_conf.o(i.HAL_PCD_SuspendCallback) for HAL_PCD_SuspendCallback
    stm32f1xx_hal_pcd.o(i.HAL_PCD_IRQHandler) refers to usbd_conf.o(i.HAL_PCD_SOFCallback) for HAL_PCD_SOFCallback
    stm32f1xx_hal_pcd.o(i.HAL_PCD_Init) refers to usbd_conf.o(i.HAL_PCD_MspInit) for HAL_PCD_MspInit
    stm32f1xx_hal_pcd.o(i.HAL_PCD_Init) refers to stm32f1xx_ll_usb.o(i.USB_DisableGlobalInt) for USB_DisableGlobalInt
    stm32f1xx_hal_pcd.o(i.HAL_PCD_Init) refers to memcpya.o(.text) for __aeabi_memcpy4
    stm32f1xx_hal_pcd.o(i.HAL_PCD_Init) refers to stm32f1xx_ll_usb.o(i.USB_CoreInit) for USB_CoreInit
    stm32f1xx_hal_pcd.o(i.HAL_PCD_Init) refers to stm32f1xx_ll_usb.o(i.USB_SetCurrentMode) for USB_SetCurrentMode
    stm32f1xx_hal_pcd.o(i.HAL_PCD_Init) refers to stm32f1xx_ll_usb.o(i.USB_DevInit) for USB_DevInit
[...]
    i.TIM_ITRx_SetConfig                     0x08002ebc   Section        0  stm32f1xx_hal_tim.o(i.TIM_ITRx_SetConfig)
    TIM_ITRx_SetConfig                       0x08002ebd   Thumb Code    16  stm32f1xx_hal_tim.o(i.TIM_ITRx_SetConfig)
    i.TIM_TI1_ConfigInputStage               0x08002ecc   Section        0  stm32f1xx_hal_tim.o(i.TIM_TI1_ConfigInputStage)
    TIM_TI1_ConfigInputStage                 0x08002ecd   Thumb Code    34  stm32f1xx_hal_tim.o(i.TIM_TI1_ConfigInputStage)
    i.TIM_TI2_ConfigInputStage               0x08002eee   Section        0  stm32f1xx_hal_tim.o(i.TIM_TI2_ConfigInputStage)
    TIM_TI2_ConfigInputStage                 0x08002eef   Thumb Code    36  stm32f1xx_hal_tim.o(i.TIM_TI2_ConfigInputStage)
    i.USBD_CDC_DataIn                        0x08002f12   Section        0  usbd_cdc.o(i.USBD_CDC_DataIn)
    USBD_CDC_DataIn                          0x08002f13   Thumb Code    20  usbd_cdc.o(i.USBD_CDC_DataIn)
    i.USBD_CDC_DataOut                       0x08002f26   Section        0  usbd_cdc.o(i.USBD_CDC_DataOut)
    USBD_CDC_DataOut                         0x08002f27   Thumb Code    46  usbd_cdc.o(i.USBD_CDC_DataOut)
    i.USBD_CDC_DeInit                        0x08002f54   Section        0  usbd_cdc.o(i.USBD_CDC_DeInit)
    USBD_CDC_DeInit                          0x08002f55   Thumb Code    60  usbd_cdc.o(i.USBD_CDC_DeInit)
    i.USBD_CDC_EP0_RxReady                   0x08002f90   Section        0  usbd_cdc.o(i.USBD_CDC_EP0_RxReady)
    USBD_CDC_EP0_RxReady                     0x08002f91   Thumb Code    36  usbd_cdc.o(i.USBD_CDC_EP0_RxReady)
    i.USBD_CDC_GetDeviceQualifierDescriptor  0x08002fb4   Section        0  usbd_cdc.o(i.USBD_CDC_GetDeviceQualifierDescriptor)
    i.USBD_CDC_GetFSCfgDesc                  0x08002fc0   Section        0  usbd_cdc.o(i.USBD_CDC_GetFSCfgDesc)
    USBD_CDC_GetFSCfgDesc                    0x08002fc1   Thumb Code     8  usbd_cdc.o(i.USBD_CDC_GetFSCfgDesc)
    i.USBD_CDC_GetHSCfgDesc                  0x08002fcc   Section        0  usbd_cdc.o(i.USBD_CDC_GetHSCfgDesc)
    USBD_CDC_GetHSCfgDesc                    0x08002fcd   Thumb Code     8  usbd_cdc.o(i.USBD_CDC_GetHSCfgDesc)
    i.USBD_CDC_GetOtherSpeedCfgDesc          0x08002fd8   Section        0  usbd_cdc.o(i.USBD_CDC_GetOtherSpeedCfgDesc)
    USBD_CDC_GetOtherSpeedCfgDesc            0x08002fd9   Thumb Code     8  usbd_cdc.o(i.USBD_CDC_GetOtherSpeedCfgDesc)
    i.USBD_CDC_Init                          0x08002fe4   Section        0  usbd_cdc.o(i.USBD_CDC_Init)
    USBD_CDC_Init                            0x08002fe5   Thumb Code   136  usbd_cdc.o(i.USBD_CDC_Init)
    i.USBD_CDC_ReceivePacket                 0x0800306c   Section        0  usbd_cdc.o(i.USBD_CDC_ReceivePacket)
    i.USBD_CDC_RegisterInterface             0x08003094   Section        0  usbd_cdc.o(i.USBD_CDC_RegisterInterface)
    i.USBD_CDC_SetRxBuffer                   0x080030a4   Section        0  usbd_cdc.o(i.USBD_CDC_SetRxBuffer)
    i.USBD_CDC_SetTxBuffer                   0x080030b0   Section        0  usbd_cdc.o(i.USBD_CDC_SetTxBuffer)
    i.USBD_CDC_Setup                         0x080030c0   Section        0  usbd_cdc.o(i.USBD_CDC_Setup)
    USBD_CDC_Setup                           0x080030c1   Thumb Code   106  usbd_cdc.o(i.USBD_CDC_Setup)
    i.USBD_CDC_TransmitPacket                0x08003130   Section        0  usbd_cdc.o(i.USBD_CDC_TransmitPacket)
    i.USBD_ClrClassConfig                    0x08003160   Section        0  usbd_core.o(i.USBD_ClrClassConfig)
    i.USBD_CtlContinueRx                     0x0800316e   Section        0  usbd_ioreq.o(i.USBD_CtlContinueRx)
    i.USBD_CtlContinueSendData               0x0800317e   Section        0  usbd_ioreq.o(i.USBD_CtlContinueSendData)
    i.USBD_CtlError                          0x0800318e   Section        0  usbd_ctlreq.o(i.USBD_CtlError)
    i.USBD_CtlPrepareRx                      0x080031a4   Section        0  usbd_ioreq.o(i.USBD_CtlPrepareRx)
    i.USBD_CtlReceiveStatus                  0x080031c2   Section        0  usbd_ioreq.o(i.USBD_CtlReceiveStatus)
    i.USBD_CtlSendData                       0x080031d8   Section        0  usbd_ioreq.o(i.USBD_CtlSendData)
    i.USBD_CtlSendStatus                     0x080031f2   Section        0  usbd_ioreq.o(i.USBD_CtlSendStatus)
    i.USBD_FS_ConfigStrDescriptor            0x08003208   Section        0  usbd_desc.o(i.USBD_FS_ConfigStrDescriptor)
    i.USBD_FS_DeviceDescriptor               0x08003228   Section        0  usbd_desc.o(i.USBD_FS_DeviceDescriptor)
    i.USBD_FS_InterfaceStrDescriptor         0x08003234   Section        0  usbd_desc.o(i.USBD_FS_InterfaceStrDescriptor)
    i.USBD_FS_LangIDStrDescriptor            0x08003258   Section        0  usbd_desc.o(i.USBD_FS_LangIDStrDescriptor)
    i.USBD_FS_ManufacturerStrDescriptor      0x08003264   Section        0  usbd_desc.o(i.USBD_FS_ManufacturerStrDescriptor)
    i.USBD_FS_ProductStrDescriptor           0x0800328c   Section        0  usbd_desc.o(i.USBD_FS_ProductStrDescriptor)
    i.USBD_FS_SerialStrDescriptor            0x080032b8   Section        0  usbd_desc.o(i.USBD_FS_SerialStrDescriptor)
    i.USBD_GetDescriptor                     0x080032dc   Section        0  usbd_ctlreq.o(i.USBD_GetDescriptor)
    USBD_GetDescriptor                       0x080032dd   Thumb Code   224  usbd_ctlreq.o(i.USBD_GetDescriptor)
    i.USBD_GetString                         0x080033bc   Section        0  usbd_ctlreq.o(i.USBD_GetString)
    i.USBD_Init                              0x08003402   Section        0  usbd_core.o(i.USBD_Init)
    i.USBD_LL_ClearStallEP                   0x0800342c   Section        0  usbd_conf.o(i.USBD_LL_ClearStallEP)
    i.USBD_LL_CloseEP                        0x0800343a   Section        0  usbd_conf.o(i.USBD_LL_CloseEP)
    i.USBD_LL_DataInStage                    0x08003448   Section        0  usbd_core.o(i.USBD_LL_DataInStage)
    i.USBD_LL_DataOutStage                   0x080034f2   Section        0  usbd_core.o(i.USBD_LL_DataOutStage)
    i.USBD_LL_GetRxDataSize                  0x0800355c   Section        0  usbd_conf.o(i.USBD_LL_GetRxDataSize)
    i.USBD_LL_Init                           0x08003564   Section        0  usbd_conf.o(i.USBD_LL_Init)
    i.USBD_LL_IsStallEP                      0x080035e0   Section        0  usbd_conf.o(i.USBD_LL_IsStallEP)
    i.USBD_LL_OpenEP                         0x080035fc   Section        0  usbd_conf.o(i.USBD_LL_OpenEP)
    i.USBD_LL_PrepareReceive                 0x08003610   Section        0  usbd_conf.o(i.USBD_LL_PrepareReceive)
    i.USBD_LL_Reset                          0x0800361e   Section        0  usbd_core.o(i.USBD_LL_Reset)
    i.USBD_LL_Resume                         0x0800365c   Section        0  usbd_core.o(i.USBD_LL_Resume)
    i.USBD_LL_SOF                            0x08003668   Section        0  usbd_core.o(i.USBD_LL_SOF)
    i.USBD_LL_SetSpeed                       0x08003680   Section        0  usbd_core.o(i.USBD_LL_SetSpeed)
    i.USBD_LL_SetUSBAddress                  0x08003686   Section        0  usbd_conf.o(i.USBD_LL_SetUSBAddress)
    i.USBD_LL_SetupStage                     0x08003694   Section        0  usbd_core.o(i.USBD_LL_SetupStage)
    i.USBD_LL_StallEP                        0x080036ee   Section        0  usbd_conf.o(i.USBD_LL_StallEP)
    i.USBD_LL_Start                          0x080036fc   Section        0  usbd_conf.o(i.USBD_LL_Start)
    i.USBD_LL_Suspend                        0x0800370a   Section        0  usbd_core.o(i.USBD_LL_Suspend)
    i.USBD_LL_Transmit                       0x0800371c   Section        0  usbd_conf.o(i.USBD_LL_Transmit)
    i.USBD_ParseSetupRequest                 0x0800372a   Section        0  usbd_ctlreq.o(i.USBD_ParseSetupRequest)
    i.USBD_RegisterClass                     0x08003752   Section        0  usbd_core.o(i.USBD_RegisterClass)
    i.USBD_SetClassConfig                    0x08003762   Section        0  usbd_core.o(i.USBD_SetClassConfig)
    i.USBD_SetConfig                         0x08003778   Section        0  usbd_ctlreq.o(i.USBD_SetConfig)
    USBD_SetConfig                           0x08003779   Thumb Code   110  usbd_ctlreq.o(i.USBD_SetConfig)
    i.USBD_Start                             0x080037ec   Section        0  usbd_core.o(i.USBD_Start)
    i.USBD_StdDevReq                         0x080037f6   Section        0  usbd_ctlreq.o(i.USBD_StdDevReq)
    i.USBD_StdEPReq                          0x080038e8   Section        0  usbd_ctlreq.o(i.USBD_StdEPReq)
    i.USBD_StdItfReq                         0x080039c4   Section        0  usbd_ctlreq.o(i.USBD_StdItfReq)
    i.USBD_static_free                       0x080039f8   Section        0  usbd_conf.o(i.USBD_static_free)
    i.USBD_static_malloc                     0x080039fc   Section        0  usbd_conf.o(i.USBD_static_malloc)
    i.USB_ActivateEndpoint                   0x08003a04   Section        0  stm32f1xx_ll_usb.o(i.USB_ActivateEndpoint)
    i.USB_CoreInit                           0x08003c60   Section        0  stm32f1xx_ll_usb.o(i.USB_CoreInit)
    i.USB_DeactivateEndpoint                 0x08003c64   Section        0  stm32f1xx_ll_usb.o(i.USB_DeactivateEndpoint)
    i.USB_DevConnect                         0x08003d88   Section        0  stm32f1xx_ll_usb.o(i.USB_DevConnect)
    i.USB_DevDisconnect                      0x08003d8c   Section        0  stm32f1xx_ll_usb.o(i.USB_DevDisconnect)
    i.USB_DevInit                            0x08003d90   Section        0  stm32f1xx_ll_usb.o(i.USB_DevInit)
    i.USB_DisableGlobalInt                   0x08003da2   Section        0  stm32f1xx_ll_usb.o(i.USB_DisableGlobalInt)
    i.USB_EP0_OutStart                       0x08003db0   Section        0  stm32f1xx_ll_usb.o(i.USB_EP0_OutStart)
    i.USB_EPClearStall                       0x08003db4   Section        0  stm32f1xx_ll_usb.o(i.USB_EPClearStall)
    i.USB_EPSetStall                         0x08003e1e   Section        0  stm32f1xx_ll_usb.o(i.USB_EPSetStall)
    i.USB_EPStartXfer                        0x08003e68   Section        0  stm32f1xx_ll_usb.o(i.USB_EPStartXfer)
    i.USB_EnableGlobalInt                    0x08004012   Section        0  stm32f1xx_ll_usb.o(i.USB_EnableGlobalInt)
    i.USB_LP_CAN1_RX0_IRQHandler             0x08004020   Section        0  stm32f1xx_it.o(i.USB_LP_CAN1_RX0_IRQHandler)
    i.USB_ReadInterrupts                     0x0800402c   Section        0  stm32f1xx_ll_usb.o(i.USB_ReadInterrupts)
    i.USB_ReadPMA                            0x08004034   Section        0  stm32f1xx_ll_usb.o(i.USB_ReadPMA)
    i.USB_SetCurrentMode                     0x08004052   Section        0  stm32f1xx_ll_usb.o(i.USB_SetCurrentMode)
    i.USB_SetDevAddress                      0x08004056   Section        0  stm32f1xx_ll_usb.o(i.USB_SetDevAddress)
    i.USB_WritePMA                           0x08004062   Section        0  stm32f1xx_ll_usb.o(i.USB_WritePMA)
    i.UsageFault_Handler                     0x08004088   Section        0  stm32f1xx_it.o(i.UsageFault_Handler)
    i.__0snprintf                            0x0800408c   Section        0  printfa.o(i.__0snprintf)
    i.__ARM_fpclassify                       0x080040bc   Section        0  fpclassify.o(i.__ARM_fpclassify)
    i.__ieee754_rem_pio2                     0x080040e4   Section        0  rred.o(i.__ieee754_rem_pio2)
    i.__kernel_cos                           0x0800446c   Section        0  cos_i.o(i.__kernel_cos)
    i.__kernel_poly                          0x08004568   Section        0  poly.o(i.__kernel_poly)
    i.__kernel_sin                           0x08004614   Section        0  sin_i.o(i.__kernel_sin)
    i.__kernel_tan                           0x08004700   Section        0  tan_i.o(i.__kernel_tan)
    i.__mathlib_dbl_infnan                   0x0800497c   Section        0  dunder.o(i.__mathlib_dbl_infnan)
    i.__mathlib_dbl_invalid                  0x08004982   Section        0  dunder.o(i.__mathlib_dbl_invalid)
    i.__mathlib_dbl_underflow                0x08004990   Section        0  dunder.o(i.__mathlib_dbl_underflow)
    i.__scatterload_copy                     0x080049a0   Section       14  handlers.o(i.__scatterload_copy)
    i.__scatterload_null                     0x080049ae   Section        2  handlers.o(i.__scatterload_null)
    i.__scatterload_zeroinit                 0x080049b0   Section       14  handlers.o(i.__scatterload_zeroinit)
    i.__set_errno                            0x080049c0   Section        0  errno.o(i.__set_errno)
    i._fp_digits                             0x080049cc   Section        0  printfa.o(i._fp_digits)
    _fp_digits                               0x080049cd   Thumb Code   366  printfa.o(i._fp_digits)
    i._printf_core                           0x08004b50   Section        0  printfa.o(i._printf_core)
    _printf_core                             0x08004b51   Thumb Code  1744  printfa.o(i._printf_core)
    i._printf_post_padding                   0x0800522c   Section        0  printfa.o(i._printf_post_padding)
    _printf_post_padding                     0x0800522d   Thumb Code    36  printfa.o(i._printf_post_padding)
    i._printf_pre_padding                    0x08005250   Section        0  printfa.o(i._printf_pre_padding)
    _printf_pre_padding                      0x08005251   Thumb Code    46  printfa.o(i._printf_pre_padding)
    i._snputc                                0x0800527e   Section        0  printfa.o(i._snputc)
    _snputc                                  0x0800527f   Thumb Code    22  printfa.o(i._snputc)
    i.asin                                   0x08005294   Section        0  asin.o(i.asin)
    i.cos                                    0x08005504   Section        0  cos.o(i.cos)
    i.free                                   0x080055a0   Section        0  malloc.o(i.free)
    i.main                                   0x080055f0   Section        0  main.o(i.main)
    i.rt_OneStep                             0x0800568c   Section        0  hil_lib.o(i.rt_OneStep)
    i.sin                                    0x080056bc   Section        0  sin.o(i.sin)
    i.sistema_initialize                     0x0800575c   Section        0  sistema.o(i.sistema_initialize)
    i.sistema_step                           0x0800578c   Section        0  sistema.o(i.sistema_step)
    i.sqrt                                   0x08006708   Section        0  sqrt.o(i.sqrt)
    i.tan                                    0x08006754   Section        0  tan.o(i.tan)
    .constdata                               0x080067b8   Section       16  stm32f1xx_hal_rcc.o(.constdata)
    .constdata                               0x080067c8   Section        4  sistema.o(.constdata)
    .constdata                               0x080067d0   Section       80  asin.o(.constdata)
    pS                                       0x080067d0   Data          48  asin.o(.constdata)
    qS                                       0x08006800   Data          32  asin.o(.constdata)
    .constdata                               0x08006820   Section       48  cos_i.o(.constdata)
    C                                        0x08006820   Data          48  cos_i.o(.constdata)
    .constdata                               0x08006850   Section      200  rred.o(.constdata)
    pio2s                                    0x08006850   Data          48  rred.o(.constdata)
    twooverpi                                0x08006880   Data         152  rred.o(.constdata)
    .constdata                               0x08006918   Section       40  sin_i.o(.constdata)
    S                                        0x08006918   Data          40  sin_i.o(.constdata)
    .constdata                               0x08006940   Section       96  tan_i.o(.constdata)
    Todd                                     0x08006940   Data          48  tan_i.o(.constdata)
    Teven                                    0x08006970   Data          48  tan_i.o(.constdata)
    .constdata                               0x080069a0   Section       64  ctype_c.o(.constdata)
    .data                                    0x20000000   Section        4  stm32f1xx_hal.o(.data)
    uwTick                                   0x20000000   Data           4  stm32f1xx_hal.o(.data)
    .data                                    0x20000004   Section        4  system_stm32f1xx.o(.data)
    .data                                    0x20000008   Section      219  usbd_cdc.o(.data)
    ifalt                                    0x20000008   Data           1  usbd_cdc.o(.data)
    USBD_CDC_DeviceQualifierDesc             0x2000000c   Data          10  usbd_cdc.o(.data)
    .data                                    0x200000e4   Section       56  usbd_cdc.o(.data)
    .data                                    0x2000011c   Section        1  usbd_ctlreq.o(.data)
    cfgidx                                   0x2000011c   Data           1  usbd_ctlreq.o(.data)
    .data                                    0x20000120   Section       28  usbd_desc.o(.data)
    .data                                    0x2000013c   Section       22  usbd_desc.o(.data)
    .data                                    0x20000154   Section       20  usbd_cdc_if.o(.data)
    .data                                    0x20000168   Section       16  usbd_cdc_if.o(.data)
    .data                                    0x20000178   Section       31  hil_lib.o(.data)
    OverrunFlag                              0x20000178   Data           1  hil_lib.o(.data)
    buffsize                                 0x20000188   Data           4  hil_lib.o(.data)
    .data                                    0x20000198   Section        4  sistema.o(.data)
    .data                                    0x2000019c   Section        4  sistema.o(.data)
    .data                                    0x200001a0   Section       60  sistema_data.o(.data)
    .data                                    0x200001dc   Section        4  mvars.o(.data)
    .data                                    0x200001e0   Section        4  errno.o(.data)
    _errno                                   0x200001e0   Data           4  errno.o(.data)
    .bss                                     0x200001e4   Section       60  main.o(.bss)
    .bss                                     0x20000220   Section      512  usbd_desc.o(.bss)
    .bss                                     0x20000420   Section      548  usb_device.o(.bss)
    .bss                                     0x20000644   Section     1600  usbd_conf.o(.bss)
    mem                                      0x20000644   Data         544  usbd_conf.o(.bss)
    .bss                                     0x20000c84   Section     2048  usbd_cdc_if.o(.bss)
    .bss                                     0x20001484   Section     2128  hil_lib.o(.bss)
    strHilIn                                 0x200014d4   Data        1024  hil_lib.o(.bss)
    .bss                                     0x20001cd4   Section       80  sistema.o(.bss)
    STACK                                    0x20001d28   Section     1024  startup_stm32f103xb.o(STACK)

    Global Symbols

    Symbol Name                              Value     Ov Type        Size  Object(Section)

    BuildAttributes$$THM_ISAv4$P$D$K$B$S$PE$A:L22UL41UL21$X:L11$S22US41US21$IEEE1$IW$USESV6$~STKCKD$USESV7$~SHL$OTIME$ROPI$IEEEX$EBA8$MICROLIB$REQ8$PRES8$EABIv2 0x00000000   Number         0  anon$$obj.o ABSOLUTE
    __ARM_use_no_argv                        0x00000000   Number         0  main.o ABSOLUTE
    _printf_a                                0x00000000   Number         0  stubs.o ABSOLUTE
    _printf_c                                0x00000000   Number         0  stubs.o ABSOLUTE
    _printf_charcount                        0x00000000   Number         0  stubs.o ABSOLUTE
    _printf_d                                0x00000000   Number         0  stubs.o ABSOLUTE
    _printf_e                                0x00000000   Number         0  stubs.o ABSOLUTE
    _printf_f                                0x00000000   Number         0  stubs.o ABSOLUTE
    _printf_flags                            0x00000000   Number         0  stubs.o ABSOLUTE
    _printf_fp_dec                           0x00000000   Number         0  stubs.o ABSOLUTE
    _printf_fp_hex                           0x00000000   Number         0  stubs.o ABSOLUTE
    _printf_g                                0x00000000   Number         0  stubs.o ABSOLUTE
    _printf_i                                0x00000000   Number         0  stubs.o ABSOLUTE
    _printf_int_dec                          0x00000000   Number         0  stubs.o ABSOLUTE
    _printf_l                                0x00000000   Number         0  stubs.o ABSOLUTE
    _printf_lc                               0x00000000   Number         0  stubs.o ABSOLUTE
    _printf_ll                               0x00000000   Number         0  stubs.o ABSOLUTE
    _printf_lld                              0x00000000   Number         0  stubs.o ABSOLUTE
    _printf_lli                              0x00000000   Number         0  stubs.o ABSOLUTE
    _printf_llo                              0x00000000   Number         0  stubs.o ABSOLUTE
    _printf_llu                              0x00000000   Number         0  stubs.o ABSOLUTE
    _printf_llx                              0x00000000   Number         0  stubs.o ABSOLUTE
    _printf_longlong_dec                     0x00000000   Number         0  stubs.o ABSOLUTE
    _printf_longlong_hex                     0x00000000   Number         0  stubs.o ABSOLUTE
    _printf_longlong_oct                     0x00000000   Number         0  stubs.o ABSOLUTE
    _printf_ls                               0x00000000   Number         0  stubs.o ABSOLUTE
    _printf_mbtowc                           0x00000000   Number         0  stubs.o ABSOLUTE
    _printf_n                                0x00000000   Number         0  stubs.o ABSOLUTE
    _printf_o                                0x00000000   Number         0  stubs.o ABSOLUTE
    _printf_p                                0x00000000   Number         0  stubs.o ABSOLUTE
    _printf_percent                          0x00000000   Number         0  stubs.o ABSOLUTE
    _printf_pre_padding                      0x00000000   Number         0  stubs.o ABSOLUTE
    _printf_return_value                     0x00000000   Number         0  stubs.o ABSOLUTE
    _printf_s                                0x00000000   Number         0  stubs.o ABSOLUTE
    _printf_sizespec                         0x00000000   Number         0  stubs.o ABSOLUTE
    _printf_str                              0x00000000   Number         0  stubs.o ABSOLUTE
    _printf_truncate_signed                  0x00000000   Number         0  stubs.o ABSOLUTE
    _printf_truncate_unsigned                0x00000000   Number         0  stubs.o ABSOLUTE
    _printf_u                                0x00000000   Number         0  stubs.o ABSOLUTE
    _printf_wc                               0x00000000   Number         0  stubs.o ABSOLUTE
    _printf_wctomb                           0x00000000   Number         0  stubs.o ABSOLUTE
    _printf_widthprec                        0x00000000   Number         0  stubs.o ABSOLUTE
    _printf_x                                0x00000000   Number         0  stubs.o ABSOLUTE
    __cpp_initialize__aeabi_                  - Undefined Weak Reference
    __cxa_finalize                            - Undefined Weak Reference
    _clock_init                               - Undefined Weak Reference
    _microlib_exit                            - Undefined Weak Reference
    _scanf_longlong                           - Undefined Weak Reference
    _scanf_real                               - Undefined Weak Reference
    _scanf_string                             - Undefined Weak Reference
    __Vectors_Size                           0x000000ec   Number         0  startup_stm32f103xb.o ABSOLUTE
    __Vectors                                0x08000000   Data           4  startup_stm32f103xb.o(RESET)
    __Vectors_End                            0x080000ec   Data           0  startup_stm32f103xb.o(RESET)
    __main                                   0x080000ed   Thumb Code     0  entry.o(.ARM.Collect$$$$00000000)
    _main_stk                                0x080000ed   Thumb Code     0  entry2.o(.ARM.Collect$$$$00000001)
    _main_scatterload                        0x080000f1   Thumb Code     0  entry5.o(.ARM.Collect$$$$00000004)
    __main_after_scatterload                 0x080000f5   Thumb Code     0  entry5.o(.ARM.Collect$$$$00000004)
    _main_clock                              0x080000f5   Thumb Code     0  entry7b.o(.ARM.Collect$$$$00000008)
    _main_cpp_init                           0x080000f5   Thumb Code     0  entry8b.o(.ARM.Collect$$$$0000000A)
    _main_init                               0x080000f5   Thumb Code     0  entry9a.o(.ARM.Collect$$$$0000000B)
    __rt_final_cpp                           0x080000fd   Thumb Code     0  entry10a.o(.ARM.Collect$$$$0000000D)
    __rt_final_exit                          0x080000fd   Thumb Code     0  entry11a.o(.ARM.Collect$$$$0000000F)
    Reset_Handler                            0x08000101   Thumb Code     8  startup_stm32f103xb.o(.text)
    SVC_Handler                              0x08000113   Thumb Code     2  startup_stm32f103xb.o(.text)
    PendSV_Handler                           0x08000117   Thumb Code     2  startup_stm32f103xb.o(.text)
    ADC1_2_IRQHandler                        0x0800011b   Thumb Code     0  startup_stm32f103xb.o(.text)
    CAN1_RX1_IRQHandler                      0x0800011b   Thumb Code     0  startup_stm32f103xb.o(.text)
    CAN1_SCE_IRQHandler                      0x0800011b   Thumb Code     0  startup_stm32f103xb.o(.text)
    DMA1_Channel1_IRQHandler                 0x0800011b   Thumb Code     0  startup_stm32f103xb.o(.text)
    DMA1_Channel2_IRQHandler                 0x0800011b   Thumb Code     0  startup_stm32f103xb.o(.text)
    DMA1_Channel3_IRQHandler                 0x0800011b   Thumb Code     0  startup_stm32f103xb.o(.text)
    DMA1_Channel4_IRQHandler                 0x0800011b   Thumb Code     0  startup_stm32f103xb.o(.text)
    DMA1_Channel5_IRQHandler                 0x0800011b   Thumb Code     0  startup_stm32f103xb.o(.text)
    DMA1_Channel6_IRQHandler                 0x0800011b   Thumb Code     0  startup_stm32f103xb.o(.text)
    DMA1_Channel7_IRQHandler                 0x0800011b   Thumb Code     0  startup_stm32f103xb.o(.text)
    EXTI0_IRQHandler                         0x0800011b   Thumb Code     0  startup_stm32f103xb.o(.text)
    EXTI15_10_IRQHandler                     0x0800011b   Thumb Code     0  startup_stm32f103xb.o(.text)
    EXTI1_IRQHandler                         0x0800011b   Thumb Code     0  startup_stm32f103xb.o(.text)
    EXTI2_IRQHandler                         0x0800011b   Thumb Code     0  startup_stm32f103xb.o(.text)
    EXTI3_IRQHandler                         0x0800011b   Thumb Code     0  startup_stm32f103xb.o(.text)
    EXTI4_IRQHandler                         0x0800011b   Thumb Code     0  startup_stm32f103xb.o(.text)
    EXTI9_5_IRQHandler                       0x0800011b   Thumb Code     0  startup_stm32f103xb.o(.text)
    FLASH_IRQHandler                         0x0800011b   Thumb Code     0  startup_stm32f103xb.o(.text)
    I2C1_ER_IRQHandler                       0x0800011b   Thumb Code     0  startup_stm32f103xb.o(.text)
    I2C1_EV_IRQHandler                       0x0800011b   Thumb Code     0  startup_stm32f103xb.o(.text)
    I2C2_ER_IRQHandler                       0x0800011b   Thumb Code     0  startup_stm32f103xb.o(.text)
    I2C2_EV_IRQHandler                       0x0800011b   Thumb Code     0  startup_stm32f103xb.o(.text)
    PVD_IRQHandler                           0x0800011b   Thumb Code     0  startup_stm32f103xb.o(.text)
    RCC_IRQHandler                           0x0800011b   Thumb Code     0  startup_stm32f103xb.o(.text)
    RTC_Alarm_IRQHandler                     0x0800011b   Thumb Code     0  startup_stm32f103xb.o(.text)
    RTC_IRQHandler                           0x0800011b   Thumb Code     0  startup_stm32f103xb.o(.text)
    SPI1_IRQHandler                          0x0800011b   Thumb Code     0  startup_stm32f103xb.o(.text)
    SPI2_IRQHandler                          0x0800011b   Thumb Code     0  startup_stm32f103xb.o(.text)
    TAMPER_IRQHandler                        0x0800011b   Thumb Code     0  startup_stm32f103xb.o(.text)
    TIM1_BRK_IRQHandler                      0x0800011b   Thumb Code     0  startup_stm32f103xb.o(.text)
    TIM1_CC_IRQHandler                       0x0800011b   Thumb Code     0  startup_stm32f103xb.o(.text)
    TIM1_TRG_COM_IRQHandler                  0x0800011b   Thumb Code     0  startup_stm32f103xb.o(.text)
    TIM1_UP_IRQHandler                       0x0800011b   Thumb Code     0  startup_stm32f103xb.o(.text)
    TIM3_IRQHandler                          0x0800011b   Thumb Code     0  startup_stm32f103xb.o(.text)
    TIM4_IRQHandler                          0x0800011b   Thumb Code     0  startup_stm32f103xb.o(.text)
    USART1_IRQHandler                        0x0800011b   Thumb Code     0  startup_stm32f103xb.o(.text)
    USART2_IRQHandler                        0x0800011b   Thumb Code     0  startup_stm32f103xb.o(.text)
    USART3_IRQHandler                        0x0800011b   Thumb Code     0  startup_stm32f103xb.o(.text)
    USBWakeUp_IRQHandler                     0x0800011b   Thumb Code     0  startup_stm32f103xb.o(.text)
    USB_HP_CAN1_TX_IRQHandler                0x0800011b   Thumb Code     0  startup_stm32f103xb.o(.text)
    WWDG_IRQHandler                          0x0800011b   Thumb Code     0  startup_stm32f103xb.o(.text)
    __aeabi_llsr                             0x08000125   Thumb Code    32  llushr.o(.text)
    _ll_ushift_r                             0x08000125   Thumb Code     0  llushr.o(.text)
    __aeabi_memcpy                           0x08000145   Thumb Code    36  memcpya.o(.text)
    __aeabi_memcpy4                          0x08000145   Thumb Code     0  memcpya.o(.text)
    __aeabi_memcpy8                          0x08000145   Thumb Code     0  memcpya.o(.text)
    __aeabi_memset                           0x08000169   Thumb Code    14  memseta.o(.text)
    __aeabi_memset4                          0x08000169   Thumb Code     0  memseta.o(.text)
    __aeabi_memset8                          0x08000169   Thumb Code     0  memseta.o(.text)
    __aeabi_memclr                           0x08000177   Thumb Code     4  memseta.o(.text)
    __aeabi_memclr4                          0x08000177   Thumb Code     0  memseta.o(.text)
    __aeabi_memclr8                          0x08000177   Thumb Code     0  memseta.o(.text)
    _memset$wrapper                          0x0800017b   Thumb Code    18  memseta.o(.text)
    strcat                                   0x0800018d   Thumb Code    24  strcat.o(.text)
    strlen                                   0x080001a5   Thumb Code    14  strlen.o(.text)
    __0sscanf                                0x080001b5   Thumb Code    48  __0sscanf.o(.text)
    _scanf_int                               0x080001ed   Thumb Code   332  _scanf_int.o(.text)
    __aeabi_fadd                             0x08000339   Thumb Code   164  fadd.o(.text)
    __aeabi_fsub                             0x080003dd   Thumb Code     6  fadd.o(.text)
    __aeabi_frsub                            0x080003e3   Thumb Code     6  fadd.o(.text)
    __aeabi_fmul                             0x080003e9   Thumb Code   100  fmul.o(.text)
    __aeabi_fdiv                             0x0800044d   Thumb Code   124  fdiv.o(.text)
    __ARM_scalbnf                            0x080004c9   Thumb Code    24  fscalb.o(.text)
    scalbnf                                  0x080004c9   Thumb Code     0  fscalb.o(.text)
    __aeabi_f2d                              0x080004e1   Thumb Code    38  f2d.o(.text)
    __aeabi_d2f                              0x08000507   Thumb Code    56  d2f.o(.text)
    __aeabi_cfcmpeq                          0x08000541   Thumb Code     0  cfcmple.o(.text)
    __aeabi_cfcmple                          0x08000541   Thumb Code    20  cfcmple.o(.text)
    __aeabi_uidiv                            0x08000555   Thumb Code     0  uidiv.o(.text)
    __aeabi_uidivmod                         0x08000555   Thumb Code    44  uidiv.o(.text)
    __aeabi_uldivmod                         0x08000581   Thumb Code    98  uldiv.o(.text)
    _chval                                   0x080005e3   Thumb Code    28  _chval.o(.text)
    __vfscanf_char                           0x0800060d   Thumb Code    20  scanf_char.o(.text)
    _sgetc                                   0x08000629   Thumb Code    30  _sgetc.o(.text)
    _sbackspace                              0x08000647   Thumb Code    34  _sgetc.o(.text)
    __I$use$fp                               0x08000669   Thumb Code     0  iusefp.o(.text)
    _float_round                             0x08000669   Thumb Code    18  fepilogue.o(.text)
    _float_epilogue                          0x0800067b   Thumb Code    92  fepilogue.o(.text)
    __aeabi_dadd                             0x080006d7   Thumb Code   322  dadd.o(.text)
    __aeabi_dsub                             0x08000819   Thumb Code     6  dadd.o(.text)
    __aeabi_drsub                            0x0800081f   Thumb Code     6  dadd.o(.text)
    __aeabi_dmul                             0x08000825   Thumb Code   228  dmul.o(.text)
    __aeabi_ddiv                             0x08000909   Thumb Code   222  ddiv.o(.text)
    __ARM_scalbn                             0x080009e7   Thumb Code    46  dscalb.o(.text)
    scalbn                                   0x080009e7   Thumb Code     0  dscalb.o(.text)
    _dsqrt                                   0x08000a15   Thumb Code   162  dsqrt.o(.text)
    __aeabi_d2ulz                            0x08000ab7   Thumb Code    48  dfixul.o(.text)
    __aeabi_cdrcmple                         0x08000ae9   Thumb Code    48  cdrcmple.o(.text)
    __scatterload                            0x08000b19   Thumb Code    28  init.o(.text)
    __scatterload_rt2                        0x08000b19   Thumb Code     0  init.o(.text)
    __aeabi_llsl                             0x08000b3d   Thumb Code    30  llshl.o(.text)
    _ll_shift_l                              0x08000b3d   Thumb Code     0  llshl.o(.text)
    __aeabi_lasr                             0x08000b5b   Thumb Code    36  llsshr.o(.text)
    _ll_sshift_r                             0x08000b5b   Thumb Code     0  llsshr.o(.text)
    isspace                                  0x08000b7f   Thumb Code    10  isspace_c.o(.text)
    __vfscanf                                0x08000b89   Thumb Code   808  _scanf.o(.text)
    _double_round                            0x08000eb5   Thumb Code    30  depilogue.o(.text)
    _double_epilogue                         0x08000ed3   Thumb Code   156  depilogue.o(.text)
    __aeabi_i2d                              0x08000f6f   Thumb Code    34  dflti.o(.text)
    __aeabi_ui2d                             0x08000f91   Thumb Code    26  dfltui.o(.text)
    __aeabi_d2iz                             0x08000fab   Thumb Code    62  dfixi.o(.text)
    __ctype_lookup                           0x08000fe9   Thumb Code    34  ctype_c.o(.text)
    __decompress                             0x08001011   Thumb Code     0  __dczerorl2.o(.text)
    __decompress1                            0x08001011   Thumb Code    86  __dczerorl2.o(.text)
    BusFault_Handler                         0x08001067   Thumb Code     2  stm32f1xx_it.o(i.BusFault_Handler)
    CDC_Transmit_FS                          0x08001115   Thumb Code    40  usbd_cdc_if.o(i.CDC_Transmit_FS)
    DebugMon_Handler                         0x08001141   Thumb Code     2  stm32f1xx_it.o(i.DebugMon_Handler)
    HAL_Delay                                0x08001143   Thumb Code    22  stm32f1xx_hal.o(i.HAL_Delay)
    HAL_GPIO_Init                            0x08001159   Thumb Code   408  stm32f1xx_hal_gpio.o(i.HAL_GPIO_Init)
    HAL_GPIO_TogglePin                       0x08001315   Thumb Code     8  stm32f1xx_hal_gpio.o(i.HAL_GPIO_TogglePin)
    HAL_GPIO_WritePin                        0x0800131d   Thumb Code    10  stm32f1xx_hal_gpio.o(i.HAL_GPIO_WritePin)
    HAL_GetTick                              0x08001329   Thumb Code     6  stm32f1xx_hal.o(i.HAL_GetTick)
    HAL_IncTick                              0x08001335   Thumb Code    10  stm32f1xx_hal.o(i.HAL_IncTick)
    HAL_Init                                 0x08001345   Thumb Code    32  stm32f1xx_hal.o(i.HAL_Init)
    HAL_InitTick                             0x08001369   Thumb Code    34  stm32f1xx_hal.o(i.HAL_InitTick)
    HAL_MspInit                              0x0800138d   Thumb Code    98  stm32f1xx_hal_msp.o(i.HAL_MspInit)
    HAL_NVIC_EnableIRQ                       0x080013f9   Thumb Code    22  stm32f1xx_hal_cortex.o(i.HAL_NVIC_EnableIRQ)
    HAL_NVIC_SetPriority                     0x08001411   Thumb Code    60  stm32f1xx_hal_cortex.o(i.HAL_NVIC_SetPriority)
    HAL_NVIC_SetPriorityGrouping             0x08001451   Thumb Code    26  stm32f1xx_hal_cortex.o(i.HAL_NVIC_SetPriorityGrouping)
    HAL_PCDEx_PMAConfig                      0x08001475   Thumb Code    52  stm32f1xx_hal_pcd_ex.o(i.HAL_PCDEx_PMAConfig)
    HAL_PCDEx_SetConnectionState             0x080014a9   Thumb Code     2  usbd_conf.o(i.HAL_PCDEx_SetConnectionState)
    HAL_PCD_DataInStageCallback              0x080014ab   Thumb Code    14  usbd_conf.o(i.HAL_PCD_DataInStageCallback)
    HAL_PCD_DataOutStageCallback             0x080014b9   Thumb Code    16  usbd_conf.o(i.HAL_PCD_DataOutStageCallback)
    HAL_PCD_EP_Close                         0x080014c9   Thumb Code    64  stm32f1xx_hal_pcd.o(i.HAL_PCD_EP_Close)
    HAL_PCD_EP_ClrStall                      0x08001509   Thumb Code    72  stm32f1xx_hal_pcd.o(i.HAL_PCD_EP_ClrStall)
    HAL_PCD_EP_GetRxCount                    0x08001551   Thumb Code    16  stm32f1xx_hal_pcd.o(i.HAL_PCD_EP_GetRxCount)
    HAL_PCD_EP_Open                          0x08001561   Thumb Code    68  stm32f1xx_hal_pcd.o(i.HAL_PCD_EP_Open)
    HAL_PCD_EP_Receive                       0x080015a5   Thumb Code    64  stm32f1xx_hal_pcd.o(i.HAL_PCD_EP_Receive)
    HAL_PCD_EP_SetStall                      0x080015e5   Thumb Code    86  stm32f1xx_hal_pcd.o(i.HAL_PCD_EP_SetStall)
    HAL_PCD_EP_Transmit                      0x0800163b   Thumb Code    62  stm32f1xx_hal_pcd.o(i.HAL_PCD_EP_Transmit)
    HAL_PCD_IRQHandler                       0x08001679   Thumb Code   266  stm32f1xx_hal_pcd.o(i.HAL_PCD_IRQHandler)
    HAL_PCD_Init                             0x08001785   Thumb Code   192  stm32f1xx_hal_pcd.o(i.HAL_PCD_Init)
    HAL_PCD_MspInit                          0x08001845   Thumb Code    50  usbd_conf.o(i.HAL_PCD_MspInit)
    HAL_PCD_ResetCallback                    0x08001881   Thumb Code    26  usbd_conf.o(i.HAL_PCD_ResetCallback)
    HAL_PCD_ResumeCallback                   0x0800189b   Thumb Code     8  usbd_conf.o(i.HAL_PCD_ResumeCallback)
    HAL_PCD_SOFCallback                      0x080018a3   Thumb Code     8  usbd_conf.o(i.HAL_PCD_SOFCallback)
    HAL_PCD_SetAddress                       0x080018ab   Thumb Code    40  stm32f1xx_hal_pcd.o(i.HAL_PCD_SetAddress)
    HAL_PCD_SetupStageCallback               0x080018d3   Thumb Code    14  usbd_conf.o(i.HAL_PCD_SetupStageCallback)
    HAL_PCD_Start                            0x080018e1   Thumb Code    50  stm32f1xx_hal_pcd.o(i.HAL_PCD_Start)
    HAL_PCD_SuspendCallback                  0x08001915   Thumb Code    30  usbd_conf.o(i.HAL_PCD_SuspendCallback)
    HAL_RCCEx_PeriphCLKConfig                0x08001939   Thumb Code   282  stm32f1xx_hal_rcc_ex.o(i.HAL_RCCEx_PeriphCLKConfig)
    HAL_RCC_ClockConfig                      0x08001a61   Thumb Code   638  stm32f1xx_hal_rcc.o(i.HAL_RCC_ClockConfig)
    HAL_RCC_GetHCLKFreq                      0x08001ce9   Thumb Code    38  stm32f1xx_hal_rcc.o(i.HAL_RCC_GetHCLKFreq)
    HAL_RCC_GetSysClockFreq                  0x08001d1d   Thumb Code   102  stm32f1xx_hal_rcc.o(i.HAL_RCC_GetSysClockFreq)
    HAL_RCC_OscConfig                        0x08001da5   Thumb Code  1586  stm32f1xx_hal_rcc.o(i.HAL_RCC_OscConfig)
    HAL_SYSTICK_CLKSourceConfig              0x080023d7   Thumb Code    24  stm32f1xx_hal_cortex.o(i.HAL_SYSTICK_CLKSourceConfig)
    HAL_SYSTICK_Callback                     0x080023ef   Thumb Code     2  stm32f1xx_hal_cortex.o(i.HAL_SYSTICK_Callback)
    HAL_SYSTICK_Config                       0x080023f1   Thumb Code    40  stm32f1xx_hal_cortex.o(i.HAL_SYSTICK_Config)
    HAL_SYSTICK_IRQHandler                   0x08002419   Thumb Code     8  stm32f1xx_hal_cortex.o(i.HAL_SYSTICK_IRQHandler)
    HAL_TIMEx_BreakCallback                  0x08002421   Thumb Code     2  stm32f1xx_hal_tim_ex.o(i.HAL_TIMEx_BreakCallback)
    HAL_TIMEx_CommutationCallback            0x08002423   Thumb Code     2  stm32f1xx_hal_tim_ex.o(i.HAL_TIMEx_CommutationCallback)
    HAL_TIMEx_MasterConfigSynchronization    0x08002425   Thumb Code    80  stm32f1xx_hal_tim_ex.o(i.HAL_TIMEx_MasterConfigSynchronization)
    HAL_TIM_Base_Init                        0x08002475   Thumb Code    54  stm32f1xx_hal_tim.o(i.HAL_TIM_Base_Init)
    HAL_TIM_Base_MspInit                     0x080024ad   Thumb Code    50  stm32f1xx_hal_msp.o(i.HAL_TIM_Base_MspInit)
    HAL_TIM_ConfigClockSource                0x080024e5   Thumb Code   242  stm32f1xx_hal_tim.o(i.HAL_TIM_ConfigClockSource)
    HAL_TIM_IC_CaptureCallback               0x080025d7   Thumb Code     2  stm32f1xx_hal_tim.o(i.HAL_TIM_IC_CaptureCallback)
    HAL_TIM_IRQHandler                       0x080025d9   Thumb Code   358  stm32f1xx_hal_tim.o(i.HAL_TIM_IRQHandler)
    HAL_TIM_OC_DelayElapsedCallback          0x0800273f   Thumb Code     2  stm32f1xx_hal_tim.o(i.HAL_TIM_OC_DelayElapsedCallback)
    HAL_TIM_PWM_PulseFinishedCallback        0x08002741   Thumb Code     2  stm32f1xx_hal_tim.o(i.HAL_TIM_PWM_PulseFinishedCallback)
    HAL_TIM_PeriodElapsedCallback            0x08002745   Thumb Code    18  main.o(i.HAL_TIM_PeriodElapsedCallback)
    HAL_TIM_TriggerCallback                  0x0800275d   Thumb Code     2  stm32f1xx_hal_tim.o(i.HAL_TIM_TriggerCallback)
    HIL_BreakString                          0x08002761   Thumb Code   166  hil_lib.o(i.HIL_BreakString)
    HIL_CheckString                          0x08002815   Thumb Code    22  hil_lib.o(i.HIL_CheckString)
    HIL_Double2String                        0x0800282d   Thumb Code    70  hil_lib.o(i.HIL_Double2String)
    HIL_Int2Hex                              0x08002889   Thumb Code    14  hil_lib.o(i.HIL_Int2Hex)
    HIL_Read                                 0x08002899   Thumb Code   250  hil_lib.o(i.HIL_Read)
    HardFault_Handler                        0x080029b9   Thumb Code     2  stm32f1xx_it.o(i.HardFault_Handler)
    MX_USB_DEVICE_Init                       0x080029bd   Thumb Code    38  usb_device.o(i.MX_USB_DEVICE_Init)
    MemManage_Handler                        0x080029f5   Thumb Code     2  stm32f1xx_it.o(i.MemManage_Handler)
    NMI_Handler                              0x080029f7   Thumb Code     2  stm32f1xx_it.o(i.NMI_Handler)
    SysTick_Handler                          0x08002d7b   Thumb Code    14  stm32f1xx_it.o(i.SysTick_Handler)
    SystemClock_Config                       0x08002d89   Thumb Code   104  main.o(i.SystemClock_Config)
    SystemInit                               0x08002df1   Thumb Code    56  system_stm32f1xx.o(i.SystemInit)
    TIM2_IRQHandler                          0x08002e39   Thumb Code     6  stm32f1xx_it.o(i.TIM2_IRQHandler)
    TIM_Base_SetConfig                       0x08002e45   Thumb Code    86  stm32f1xx_hal_tim.o(i.TIM_Base_SetConfig)
    USBD_CDC_GetDeviceQualifierDescriptor    0x08002fb5   Thumb Code     8  usbd_cdc.o(i.USBD_CDC_GetDeviceQualifierDescriptor)
    USBD_CDC_ReceivePacket                   0x0800306d   Thumb Code    40  usbd_cdc.o(i.USBD_CDC_ReceivePacket)
    USBD_CDC_RegisterInterface               0x08003095   Thumb Code    16  usbd_cdc.o(i.USBD_CDC_RegisterInterface)
    USBD_CDC_SetRxBuffer                     0x080030a5   Thumb Code    12  usbd_cdc.o(i.USBD_CDC_SetRxBuffer)
    USBD_CDC_SetTxBuffer                     0x080030b1   Thumb Code    16  usbd_cdc.o(i.USBD_CDC_SetTxBuffer)
    USBD_CDC_TransmitPacket                  0x08003131   Thumb Code    48  usbd_cdc.o(i.USBD_CDC_TransmitPacket)
    USBD_ClrClassConfig                      0x08003161   Thumb Code    14  usbd_core.o(i.USBD_ClrClassConfig)
    USBD_CtlContinueRx                       0x0800316f   Thumb Code    16  usbd_ioreq.o(i.USBD_CtlContinueRx)
    USBD_CtlContinueSendData                 0x0800317f   Thumb Code    16  usbd_ioreq.o(i.USBD_CtlContinueSendData)
    USBD_CtlError                            0x0800318f   Thumb Code    22  usbd_ctlreq.o(i.USBD_CtlError)
    USBD_CtlPrepareRx                        0x080031a5   Thumb Code    30  usbd_ioreq.o(i.USBD_CtlPrepareRx)
    USBD_CtlReceiveStatus                    0x080031c3   Thumb Code    22  usbd_ioreq.o(i.USBD_CtlReceiveStatus)
    USBD_CtlSendData                         0x080031d9   Thumb Code    26  usbd_ioreq.o(i.USBD_CtlSendData)
    USBD_CtlSendStatus                       0x080031f3   Thumb Code    22  usbd_ioreq.o(i.USBD_CtlSendStatus)
    USBD_FS_ConfigStrDescriptor              0x08003209   Thumb Code    16  usbd_desc.o(i.USBD_FS_ConfigStrDescriptor)
    USBD_FS_DeviceDescriptor                 0x08003229   Thumb Code     8  usbd_desc.o(i.USBD_FS_DeviceDescriptor)
    USBD_FS_InterfaceStrDescriptor           0x08003235   Thumb Code    16  usbd_desc.o(i.USBD_FS_InterfaceStrDescriptor)
    USBD_FS_LangIDStrDescriptor              0x08003259   Thumb Code     8  usbd_desc.o(i.USBD_FS_LangIDStrDescriptor)
    USBD_FS_ManufacturerStrDescriptor        0x08003265   Thumb Code    16  usbd_desc.o(i.USBD_FS_ManufacturerStrDescriptor)
    USBD_FS_ProductStrDescriptor             0x0800328d   Thumb Code    16  usbd_desc.o(i.USBD_FS_ProductStrDescriptor)
    USBD_FS_SerialStrDescriptor              0x080032b9   Thumb Code    16  usbd_desc.o(i.USBD_FS_SerialStrDescriptor)
    USBD_GetString                           0x080033bd   Thumb Code    70  usbd_ctlreq.o(i.USBD_GetString)
    USBD_Init                                0x08003403   Thumb Code    42  usbd_core.o(i.USBD_Init)
    USBD_LL_ClearStallEP                     0x0800342d   Thumb Code    14  usbd_conf.o(i.USBD_LL_ClearStallEP)
    USBD_LL_CloseEP                          0x0800343b   Thumb Code    14  usbd_conf.o(i.USBD_LL_CloseEP)
    USBD_LL_DataInStage                      0x08003449   Thumb Code   170  usbd_core.o(i.USBD_LL_DataInStage)
    USBD_LL_DataOutStage                     0x080034f3   Thumb Code   106  usbd_core.o(i.USBD_LL_DataOutStage)
    USBD_LL_GetRxDataSize                    0x0800355d   Thumb Code     8  usbd_conf.o(i.USBD_LL_GetRxDataSize)
    USBD_LL_Init                             0x08003565   Thumb Code   116  usbd_conf.o(i.USBD_LL_Init)
    USBD_LL_IsStallEP                        0x080035e1   Thumb Code    28  usbd_conf.o(i.USBD_LL_IsStallEP)
    USBD_LL_OpenEP                           0x080035fd   Thumb Code    20  usbd_conf.o(i.USBD_LL_OpenEP)
    USBD_LL_PrepareReceive                   0x08003611   Thumb Code    14  usbd_conf.o(i.USBD_LL_PrepareReceive)
    USBD_LL_Reset                            0x0800361f   Thumb Code    62  usbd_core.o(i.USBD_LL_Reset)
    USBD_LL_Resume                           0x0800365d   Thumb Code    12  usbd_core.o(i.USBD_LL_Resume)
    USBD_LL_SOF                              0x08003669   Thumb Code    24  usbd_core.o(i.USBD_LL_SOF)
    USBD_LL_SetSpeed                         0x08003681   Thumb Code     6  usbd_core.o(i.USBD_LL_SetSpeed)
    USBD_LL_SetUSBAddress                    0x08003687   Thumb Code    14  usbd_conf.o(i.USBD_LL_SetUSBAddress)
    USBD_LL_SetupStage                       0x08003695   Thumb Code    90  usbd_core.o(i.USBD_LL_SetupStage)
    USBD_LL_StallEP                          0x080036ef   Thumb Code    14  usbd_conf.o(i.USBD_LL_StallEP)
    USBD_LL_Start                            0x080036fd   Thumb Code    14  usbd_conf.o(i.USBD_LL_Start)
    USBD_LL_Suspend                          0x0800370b   Thumb Code    18  usbd_core.o(i.USBD_LL_Suspend)
    USBD_LL_Transmit                         0x0800371d   Thumb Code    14  usbd_conf.o(i.USBD_LL_Transmit)
    USBD_ParseSetupRequest                   0x0800372b   Thumb Code    40  usbd_ctlreq.o(i.USBD_ParseSetupRequest)
    USBD_RegisterClass                       0x08003753   Thumb Code    16  usbd_core.o(i.USBD_RegisterClass)
    USBD_SetClassConfig                      0x08003763   Thumb Code    22  usbd_core.o(i.USBD_SetClassConfig)
    USBD_Start                               0x080037ed   Thumb Code    10  usbd_core.o(i.USBD_Start)
    USBD_StdDevReq                           0x080037f7   Thumb Code   242  usbd_ctlreq.o(i.USBD_StdDevReq)
    USBD_StdEPReq                            0x080038e9   Thumb Code   220  usbd_ctlreq.o(i.USBD_StdEPReq)
    USBD_StdItfReq                           0x080039c5   Thumb Code    52  usbd_ctlreq.o(i.USBD_StdItfReq)
    USBD_static_free                         0x080039f9   Thumb Code     4  usbd_conf.o(i.USBD_static_free)
    USBD_static_malloc                       0x080039fd   Thumb Code     4  usbd_conf.o(i.USBD_static_malloc)
    USB_ActivateEndpoint                     0x08003a05   Thumb Code   604  stm32f1xx_ll_usb.o(i.USB_ActivateEndpoint)
    USB_CoreInit                             0x08003c61   Thumb Code     4  stm32f1xx_ll_usb.o(i.USB_CoreInit)
    USB_DeactivateEndpoint                   0x08003c65   Thumb Code   292  stm32f1xx_ll_usb.o(i.USB_DeactivateEndpoint)
    USB_DevConnect                           0x08003d89   Thumb Code     4  stm32f1xx_ll_usb.o(i.USB_DevConnect)
    USB_DevDisconnect                        0x08003d8d   Thumb Code     4  stm32f1xx_ll_usb.o(i.USB_DevDisconnect)
    USB_DevInit                              0x08003d91   Thumb Code    18  stm32f1xx_ll_usb.o(i.USB_DevInit)
    USB_DisableGlobalInt                     0x08003da3   Thumb Code    14  stm32f1xx_ll_usb.o(i.USB_DisableGlobalInt)
    USB_EP0_OutStart                         0x08003db1   Thumb Code     4  stm32f1xx_ll_usb.o(i.USB_EP0_OutStart)
    USB_EPClearStall                         0x08003db5   Thumb Code   106  stm32f1xx_ll_usb.o(i.USB_EPClearStall)
    USB_EPSetStall                           0x08003e1f   Thumb Code    74  stm32f1xx_ll_usb.o(i.USB_EPSetStall)
    USB_EPStartXfer                          0x08003e69   Thumb Code   426  stm32f1xx_ll_usb.o(i.USB_EPStartXfer)
    USB_EnableGlobalInt                      0x08004013   Thumb Code    14  stm32f1xx_ll_usb.o(i.USB_EnableGlobalInt)
    USB_LP_CAN1_RX0_IRQHandler               0x08004021   Thumb Code     6  stm32f1xx_it.o(i.USB_LP_CAN1_RX0_IRQHandler)
    USB_ReadInterrupts                       0x0800402d   Thumb Code     6  stm32f1xx_ll_usb.o(i.USB_ReadInterrupts)
    USB_ReadPMA                              0x08004035   Thumb Code    30  stm32f1xx_ll_usb.o(i.USB_ReadPMA)
    USB_SetCurrentMode                       0x08004053   Thumb Code     4  stm32f1xx_ll_usb.o(i.USB_SetCurrentMode)
    USB_SetDevAddress                        0x08004057   Thumb Code    12  stm32f1xx_ll_usb.o(i.USB_SetDevAddress)
    USB_WritePMA                             0x08004063   Thumb Code    38  stm32f1xx_ll_usb.o(i.USB_WritePMA)
    UsageFault_Handler                       0x08004089   Thumb Code     2  stm32f1xx_it.o(i.UsageFault_Handler)
    __0snprintf                              0x0800408d   Thumb Code    44  printfa.o(i.__0snprintf)
    __1snprintf                              0x0800408d   Thumb Code     0  printfa.o(i.__0snprintf)
    __2snprintf                              0x0800408d   Thumb Code     0  printfa.o(i.__0snprintf)
    __c89snprintf                            0x0800408d   Thumb Code     0  printfa.o(i.__0snprintf)
    snprintf                                 0x0800408d   Thumb Code     0  printfa.o(i.__0snprintf)
    __ARM_fpclassify                         0x080040bd   Thumb Code    40  fpclassify.o(i.__ARM_fpclassify)
    __ieee754_rem_pio2                       0x080040e5   Thumb Code   828  rred.o(i.__ieee754_rem_pio2)
    __kernel_cos                             0x0800446d   Thumb Code   230  cos_i.o(i.__kernel_cos)
    __kernel_poly                            0x08004569   Thumb Code   170  poly.o(i.__kernel_poly)
    __kernel_sin                             0x08004615   Thumb Code   224  sin_i.o(i.__kernel_sin)
    __kernel_tan                             0x08004701   Thumb Code   586  tan_i.o(i.__kernel_tan)
    __mathlib_dbl_infnan                     0x0800497d   Thumb Code     6  dunder.o(i.__mathlib_dbl_infnan)
    __mathlib_dbl_invalid                    0x08004983   Thumb Code    12  dunder.o(i.__mathlib_dbl_invalid)
    __mathlib_dbl_underflow                  0x08004991   Thumb Code    10  dunder.o(i.__mathlib_dbl_underflow)
    __scatterload_copy                       0x080049a1   Thumb Code    14  handlers.o(i.__scatterload_copy)
    __scatterload_null                       0x080049af   Thumb Code     2  handlers.o(i.__scatterload_null)
    __scatterload_zeroinit                   0x080049b1   Thumb Code    14  handlers.o(i.__scatterload_zeroinit)
    __set_errno                              0x080049c1   Thumb Code     6  errno.o(i.__set_errno)
    asin                                     0x08005295   Thumb Code   572  asin.o(i.asin)
    cos                                      0x08005505   Thumb Code   148  cos.o(i.cos)
    free                                     0x080055a1   Thumb Code    76  malloc.o(i.free)
    main                                     0x080055f1   Thumb Code   142  main.o(i.main)
    rt_OneStep                               0x0800568d   Thumb Code    32  hil_lib.o(i.rt_OneStep)
    sin                                      0x080056bd   Thumb Code   150  sin.o(i.sin)
    sistema_initialize                       0x0800575d   Thumb Code    34  sistema.o(i.sistema_initialize)
    sistema_step                             0x0800578d   Thumb Code  3944  sistema.o(i.sistema_step)
    sqrt                                     0x08006709   Thumb Code    76  sqrt.o(i.sqrt)
    tan                                      0x08006755   Thumb Code    90  tan.o(i.tan)
    aAPBAHBPrescTable                        0x080067b8   Data          16  stm32f1xx_hal_rcc.o(.constdata)
    sistema_M                                0x080067c8   Data           4  sistema.o(.constdata)
    __ctype_categories                       0x080069a0   Data          64  ctype_c.o(.constdata)
    Region$$Table$$Base                      0x080069e0   Number         0  anon$$obj.o(Region$$Table)
    Region$$Table$$Limit                     0x08006a00   Number         0  anon$$obj.o(Region$$Table)
    SystemCoreClock                          0x20000004   Data           4  system_stm32f1xx.o(.data)
    USBD_CDC_CfgHSDesc                       0x20000018   Data          67  usbd_cdc.o(.data)
    USBD_CDC_CfgFSDesc                       0x2000005c   Data          67  usbd_cdc.o(.data)
    USBD_CDC_OtherSpeedCfgDesc               0x200000a0   Data          67  usbd_cdc.o(.data)
    USBD_CDC                                 0x200000e4   Data          56  usbd_cdc.o(.data)
    FS_Desc                                  0x20000120   Data          28  usbd_desc.o(.data)
    USBD_LangIDDesc                          0x2000013c   Data           4  usbd_desc.o(.data)
    USBD_FS_DeviceDesc                       0x20000140   Data          18  usbd_desc.o(.data)
    bufLengIn                                0x20000154   Data           4  usbd_cdc_if.o(.data)
    bufLengOut                               0x20000158   Data           4  usbd_cdc_if.o(.data)
    hUsbDevice_0                             0x2000015c   Data           4  usbd_cdc_if.o(.data)
    LineCoding                               0x20000160   Data           8  usbd_cdc_if.o(.data)
    USBD_Interface_fops_FS                   0x20000168   Data          16  usbd_cdc_if.o(.data)
    atualCharString                          0x20000179   Data           1  hil_lib.o(.data)
    indexCampo                               0x2000017c   Data           4  hil_lib.o(.data)
    indexTemp                                0x20000180   Data           4  hil_lib.o(.data)
    pacoteValido                             0x20000184   Data           4  hil_lib.o(.data)
    tempCampoBytes                           0x2000018c   Data          11  hil_lib.o(.data)
    sistema_DW                               0x20000198   Data           4  sistema.o(.data)
    sistema_M_                               0x2000019c   Data           4  sistema.o(.data)
    sistema_P                                0x200001a0   Data          60  sistema_data.o(.data)
    __microlib_freelist                      0x200001dc   Data           4  mvars.o(.data)
    htim2                                    0x200001e4   Data          60  main.o(.bss)
    USBD_StrDesc                             0x20000220   Data         512  usbd_desc.o(.bss)
    hUsbDeviceFS                             0x20000420   Data         548  usb_device.o(.bss)
    hpcd_USB_FS                              0x20000864   Data        1056  usbd_conf.o(.bss)
    UserRxBufferFS                           0x20000c84   Data        1024  usbd_cdc_if.o(.bss)
    UserTxBufferFS                           0x20001084   Data        1024  usbd_cdc_if.o(.bss)
    dataFieldIn                              0x20001484   Data          64  hil_lib.o(.bss)
    dataFieldOut                             0x200014c4   Data          16  hil_lib.o(.bss)
    strHilOut                                0x200018d4   Data        1024  hil_lib.o(.bss)
    sistema_U                                0x20001cd4   Data          64  sistema.o(.bss)
    sistema_Y                                0x20001d14   Data          16  sistema.o(.bss)
    __initial_sp                             0x20002128   Data           0  startup_stm32f103xb.o(STACK)



==============================================================================

Memory Map of the image

  Image Entry point : 0x080000ed

  Load Region LR_IROM1 (Base: 0x08000000, Size: 0x00006be4, Max: 0x00010000, ABSOLUTE, COMPRESSED[0x00006af4])

    Execution Region ER_IROM1 (Base: 0x08000000, Size: 0x00006a00, Max: 0x00010000, ABSOLUTE)

    Base Addr    Size         Type   Attr      Idx    E Section Name        Object

    0x08000000   0x000000ec   Data   RO         2242    RESET               startup_stm32f103xb.o
    0x080000ec   0x00000000   Code   RO         3383  * .ARM.Collect$$$$00000000  mc_w.l(entry.o)
    0x080000ec   0x00000004   Code   RO         3743    .ARM.Collect$$$$00000001  mc_w.l(entry2.o)
    0x080000f0   0x00000004   Code   RO         3746    .ARM.Collect$$$$00000004  mc_w.l(entry5.o)
    0x080000f4   0x00000000   Code   RO         3748    .ARM.Collect$$$$00000008  mc_w.l(entry7b.o)
    0x080000f4   0x00000000   Code   RO         3750    .ARM.Collect$$$$0000000A  mc_w.l(entry8b.o)
    0x080000f4   0x00000008   Code   RO         3751    .ARM.Collect$$$$0000000B  mc_w.l(entry9a.o)
    0x080000fc   0x00000000   Code   RO         3753    .ARM.Collect$$$$0000000D  mc_w.l(entry10a.o)
    0x080000fc   0x00000000   Code   RO         3755    .ARM.Collect$$$$0000000F  mc_w.l(entry11a.o)
    0x080000fc   0x00000004   Code   RO         3744    .ARM.Collect$$$$00002712  mc_w.l(entry2.o)
    0x08000100   0x00000024   Code   RO         2243    .text               startup_stm32f103xb.o
    0x08000124   0x00000020   Code   RO         3386    .text               mc_w.l(llushr.o)
    0x08000144   0x00000024   Code   RO         3388    .text               mc_w.l(memcpya.o)
    0x08000168   0x00000024   Code   RO         3390    .text               mc_w.l(memseta.o)
    0x0800018c   0x00000018   Code   RO         3392    .text               mc_w.l(strcat.o)
    0x080001a4   0x0000000e   Code   RO         3394    .text               mc_w.l(strlen.o)
    0x080001b2   0x00000002   PAD
    0x080001b4   0x00000038   Code   RO         3687    .text               mc_w.l(__0sscanf.o)
    0x080001ec   0x0000014c   Code   RO         3689    .text               mc_w.l(_scanf_int.o)
    0x08000338   0x000000b0   Code   RO         3691    .text               mf_w.l(fadd.o)
    0x080003e8   0x00000064   Code   RO         3693    .text               mf_w.l(fmul.o)
    0x0800044c   0x0000007c   Code   RO         3695    .text               mf_w.l(fdiv.o)
    0x080004c8   0x00000018   Code   RO         3697    .text               mf_w.l(fscalb.o)
    0x080004e0   0x00000026   Code   RO         3699    .text               mf_w.l(f2d.o)
    0x08000506   0x00000038   Code   RO         3701    .text               mf_w.l(d2f.o)
    0x0800053e   0x00000002   PAD
    0x08000540   0x00000014   Code   RO         3703    .text               mf_w.l(cfcmple.o)
    0x08000554   0x0000002c   Code   RO         3760    .text               mc_w.l(uidiv.o)
    0x08000580   0x00000062   Code   RO         3762    .text               mc_w.l(uldiv.o)
    0x080005e2   0x0000001c   Code   RO         3773    .text               mc_w.l(_chval.o)
    0x080005fe   0x00000002   PAD
    0x08000600   0x00000028   Code   RO         3775    .text               mc_w.l(scanf_char.o)
    0x08000628   0x00000040   Code   RO         3777    .text               mc_w.l(_sgetc.o)
    0x08000668   0x00000000   Code   RO         3779    .text               mc_w.l(iusefp.o)
    0x08000668   0x0000006e   Code   RO         3780    .text               mf_w.l(fepilogue.o)
    0x080006d6   0x0000014e   Code   RO         3782    .text               mf_w.l(dadd.o)
    0x08000824   0x000000e4   Code   RO         3784    .text               mf_w.l(dmul.o)
    0x08000908   0x000000de   Code   RO         3786    .text               mf_w.l(ddiv.o)
    0x080009e6   0x0000002e   Code   RO         3788    .text               mf_w.l(dscalb.o)
    0x08000a14   0x000000a2   Code   RO         3790    .text               mf_w.l(dsqrt.o)
    0x08000ab6   0x00000030   Code   RO         3792    .text               mf_w.l(dfixul.o)
    0x08000ae6   0x00000002   PAD
    0x08000ae8   0x00000030   Code   RO         3796    .text               mf_w.l(cdrcmple.o)
    0x08000b18   0x00000024   Code   RO         3798    .text               mc_w.l(init.o)
    0x08000b3c   0x0000001e   Code   RO         3801    .text               mc_w.l(llshl.o)
    0x08000b5a   0x00000024   Code   RO         3803    .text               mc_w.l(llsshr.o)
    0x08000b7e   0x0000000a   Code   RO         3805    .text               mc_w.l(isspace_c.o)
    0x08000b88   0x0000032c   Code   RO         3807    .text               mc_w.l(_scanf.o)
    0x08000eb4   0x000000ba   Code   RO         3810    .text               mf_w.l(depilogue.o)
    0x08000f6e   0x00000022   Code   RO         3812    .text               mf_w.l(dflti.o)
    0x08000f90   0x0000001a   Code   RO         3814    .text               mf_w.l(dfltui.o)
    0x08000faa   0x0000003e   Code   RO         3816    .text               mf_w.l(dfixi.o)
    0x08000fe8   0x00000028   Code   RO         3818    .text               mc_w.l(ctype_c.o)
    0x08001010   0x00000056   Code   RO         3829    .text               mc_w.l(__dczerorl2.o)
    0x08001066   0x00000002   Code   RO         2850    i.BusFault_Handler  stm32f1xx_it.o
    0x08001068   0x00000034   Code   RO         3169    i.CDC_Control_FS    usbd_cdc_if.o
    0x0800109c   0x00000004   Code   RO         3170    i.CDC_DeInit_FS     usbd_cdc_if.o
    0x080010a0   0x0000002c   Code   RO         3171    i.CDC_Init_FS       usbd_cdc_if.o
    0x080010cc   0x00000048   Code   RO         3172    i.CDC_Receive_FS    usbd_cdc_if.o
    0x08001114   0x0000002c   Code   RO         3173    i.CDC_Transmit_FS   usbd_cdc_if.o
    0x08001140   0x00000002   Code   RO         2851    i.DebugMon_Handler  stm32f1xx_it.o
    0x08001142   0x00000016   Code   RO          226    i.HAL_Delay         stm32f1xx_hal.o
    0x08001158   0x000001bc   Code   RO         1109    i.HAL_GPIO_Init     stm32f1xx_hal_gpio.o
    0x08001314   0x00000008   Code   RO         1112    i.HAL_GPIO_TogglePin  stm32f1xx_hal_gpio.o
    0x0800131c   0x0000000a   Code   RO         1113    i.HAL_GPIO_WritePin  stm32f1xx_hal_gpio.o
    0x08001326   0x00000002   PAD
    0x08001328   0x0000000c   Code   RO          230    i.HAL_GetTick       stm32f1xx_hal.o
    0x08001334   0x00000010   Code   RO          231    i.HAL_IncTick       stm32f1xx_hal.o
    0x08001344   0x00000024   Code   RO          232    i.HAL_Init          stm32f1xx_hal.o
    0x08001368   0x00000022   Code   RO          233    i.HAL_InitTick      stm32f1xx_hal.o
    0x0800138a   0x00000002   PAD
    0x0800138c   0x0000006c   Code   RO         3133    i.HAL_MspInit       stm32f1xx_hal_msp.o
    0x080013f8   0x00000016   Code   RO         1805    i.HAL_NVIC_EnableIRQ  stm32f1xx_hal_cortex.o
    0x0800140e   0x00000002   PAD
    0x08001410   0x00000040   Code   RO         1811    i.HAL_NVIC_SetPriority  stm32f1xx_hal_cortex.o
    0x08001450   0x00000024   Code   RO         1812    i.HAL_NVIC_SetPriorityGrouping  stm32f1xx_hal_cortex.o
    0x08001474   0x00000034   Code   RO         2213    i.HAL_PCDEx_PMAConfig  stm32f1xx_hal_pcd_ex.o
    0x080014a8   0x00000002   Code   RO         2926    i.HAL_PCDEx_SetConnectionState  usbd_conf.o
    0x080014aa   0x0000000e   Code   RO         2928    i.HAL_PCD_DataInStageCallback  usbd_conf.o
    0x080014b8   0x00000010   Code   RO         2929    i.HAL_PCD_DataOutStageCallback  usbd_conf.o
    0x080014c8   0x00000040   Code   RO          362    i.HAL_PCD_EP_Close  stm32f1xx_hal_pcd.o
    0x08001508   0x00000048   Code   RO          363    i.HAL_PCD_EP_ClrStall  stm32f1xx_hal_pcd.o
    0x08001550   0x00000010   Code   RO          365    i.HAL_PCD_EP_GetRxCount  stm32f1xx_hal_pcd.o
    0x08001560   0x00000044   Code   RO          366    i.HAL_PCD_EP_Open   stm32f1xx_hal_pcd.o
    0x080015a4   0x00000040   Code   RO          367    i.HAL_PCD_EP_Receive  stm32f1xx_hal_pcd.o
    0x080015e4   0x00000056   Code   RO          368    i.HAL_PCD_EP_SetStall  stm32f1xx_hal_pcd.o
    0x0800163a   0x0000003e   Code   RO          369    i.HAL_PCD_EP_Transmit  stm32f1xx_hal_pcd.o
    0x08001678   0x0000010a   Code   RO          371    i.HAL_PCD_IRQHandler  stm32f1xx_hal_pcd.o
    0x08001782   0x00000002   PAD
    0x08001784   0x000000c0   Code   RO          374    i.HAL_PCD_Init      stm32f1xx_hal_pcd.o
    0x08001844   0x0000003c   Code   RO         2934    i.HAL_PCD_MspInit   usbd_conf.o
    0x08001880   0x0000001a   Code   RO         2935    i.HAL_PCD_ResetCallback  usbd_conf.o
    0x0800189a   0x00000008   Code   RO         2936    i.HAL_PCD_ResumeCallback  usbd_conf.o
    0x080018a2   0x00000008   Code   RO         2937    i.HAL_PCD_SOFCallback  usbd_conf.o
    0x080018aa   0x00000028   Code   RO          380    i.HAL_PCD_SetAddress  stm32f1xx_hal_pcd.o
    0x080018d2   0x0000000e   Code   RO         2938    i.HAL_PCD_SetupStageCallback  usbd_conf.o
    0x080018e0   0x00000032   Code   RO          382    i.HAL_PCD_Start     stm32f1xx_hal_pcd.o
    0x08001912   0x00000002   PAD
    0x08001914   0x00000024   Code   RO         2939    i.HAL_PCD_SuspendCallback  usbd_conf.o
    0x08001938   0x00000128   Code   RO         1072    i.HAL_RCCEx_PeriphCLKConfig  stm32f1xx_hal_rcc_ex.o
    0x08001a60   0x00000288   Code   RO         1921    i.HAL_RCC_ClockConfig  stm32f1xx_hal_rcc.o
    0x08001ce8   0x00000034   Code   RO         1926    i.HAL_RCC_GetHCLKFreq  stm32f1xx_hal_rcc.o
    0x08001d1c   0x00000088   Code   RO         1930    i.HAL_RCC_GetSysClockFreq  stm32f1xx_hal_rcc.o
    0x08001da4   0x00000632   Code   RO         1933    i.HAL_RCC_OscConfig  stm32f1xx_hal_rcc.o
    0x080023d6   0x00000018   Code   RO         1814    i.HAL_SYSTICK_CLKSourceConfig  stm32f1xx_hal_cortex.o
    0x080023ee   0x00000002   Code   RO         1815    i.HAL_SYSTICK_Callback  stm32f1xx_hal_cortex.o
    0x080023f0   0x00000028   Code   RO         1816    i.HAL_SYSTICK_Config  stm32f1xx_hal_cortex.o
    0x08002418   0x00000008   Code   RO         1817    i.HAL_SYSTICK_IRQHandler  stm32f1xx_hal_cortex.o
    0x08002420   0x00000002   Code   RO          760    i.HAL_TIMEx_BreakCallback  stm32f1xx_hal_tim_ex.o
    0x08002422   0x00000002   Code   RO          761    i.HAL_TIMEx_CommutationCallback  stm32f1xx_hal_tim_ex.o
    0x08002424   0x00000050   Code   RO          777    i.HAL_TIMEx_MasterConfigSynchronization  stm32f1xx_hal_tim_ex.o
    0x08002474   0x00000036   Code   RO         1174    i.HAL_TIM_Base_Init  stm32f1xx_hal_tim.o
    0x080024aa   0x00000002   PAD
    0x080024ac   0x00000038   Code   RO         3135    i.HAL_TIM_Base_MspInit  stm32f1xx_hal_msp.o
    0x080024e4   0x000000f2   Code   RO         1183    i.HAL_TIM_ConfigClockSource  stm32f1xx_hal_tim.o
    0x080025d6   0x00000002   Code   RO         1203    i.HAL_TIM_IC_CaptureCallback  stm32f1xx_hal_tim.o
    0x080025d8   0x00000166   Code   RO         1216    i.HAL_TIM_IRQHandler  stm32f1xx_hal_tim.o
    0x0800273e   0x00000002   Code   RO         1219    i.HAL_TIM_OC_DelayElapsedCallback  stm32f1xx_hal_tim.o
    0x08002740   0x00000002   Code   RO         1246    i.HAL_TIM_PWM_PulseFinishedCallback  stm32f1xx_hal_tim.o
    0x08002742   0x00000002   PAD
    0x08002744   0x00000018   Code   RO         2681    i.HAL_TIM_PeriodElapsedCallback  main.o
    0x0800275c   0x00000002   Code   RO         1257    i.HAL_TIM_TriggerCallback  stm32f1xx_hal_tim.o
    0x0800275e   0x00000002   PAD
    0x08002760   0x000000b4   Code   RO         3224    i.HIL_BreakString   hil_lib.o
    0x08002814   0x00000016   Code   RO         3225    i.HIL_CheckString   hil_lib.o
    0x0800282a   0x00000002   PAD
    0x0800282c   0x0000005c   Code   RO         3226    i.HIL_Double2String  hil_lib.o
    0x08002888   0x0000000e   Code   RO         3227    i.HIL_Int2Hex       hil_lib.o
    0x08002896   0x00000002   PAD
    0x08002898   0x00000120   Code   RO         3228    i.HIL_Read          hil_lib.o
    0x080029b8   0x00000002   Code   RO         2852    i.HardFault_Handler  stm32f1xx_it.o
    0x080029ba   0x00000002   PAD
    0x080029bc   0x00000038   Code   RO         2820    i.MX_USB_DEVICE_Init  usb_device.o
    0x080029f4   0x00000002   Code   RO         2853    i.MemManage_Handler  stm32f1xx_it.o
    0x080029f6   0x00000002   Code   RO         2854    i.NMI_Handler       stm32f1xx_it.o
    0x080029f8   0x00000020   Code   RO         1818    i.NVIC_SetPriority  stm32f1xx_hal_cortex.o
    0x08002a18   0x00000362   Code   RO          385    i.PCD_EP_ISR_Handler  stm32f1xx_hal_pcd.o
    0x08002d7a   0x0000000e   Code   RO         2855    i.SysTick_Handler   stm32f1xx_it.o
    0x08002d88   0x00000068   Code   RO         2682    i.SystemClock_Config  main.o
    0x08002df0   0x00000048   Code   RO         2251    i.SystemInit        system_stm32f1xx.o
    0x08002e38   0x0000000c   Code   RO         2856    i.TIM2_IRQHandler   stm32f1xx_it.o
    0x08002e44   0x00000064   Code   RO         1258    i.TIM_Base_SetConfig  stm32f1xx_hal_tim.o
    0x08002ea8   0x00000014   Code   RO         1265    i.TIM_ETR_SetConfig  stm32f1xx_hal_tim.o
    0x08002ebc   0x00000010   Code   RO         1266    i.TIM_ITRx_SetConfig  stm32f1xx_hal_tim.o
    0x08002ecc   0x00000022   Code   RO         1272    i.TIM_TI1_ConfigInputStage  stm32f1xx_hal_tim.o
    0x08002eee   0x00000024   Code   RO         1274    i.TIM_TI2_ConfigInputStage  stm32f1xx_hal_tim.o
    0x08002f12   0x00000014   Code   RO         2506    i.USBD_CDC_DataIn   usbd_cdc.o
    0x08002f26   0x0000002e   Code   RO         2507    i.USBD_CDC_DataOut  usbd_cdc.o
    0x08002f54   0x0000003c   Code   RO         2508    i.USBD_CDC_DeInit   usbd_cdc.o
    0x08002f90   0x00000024   Code   RO         2509    i.USBD_CDC_EP0_RxReady  usbd_cdc.o
    0x08002fb4   0x0000000c   Code   RO         2510    i.USBD_CDC_GetDeviceQualifierDescriptor  usbd_cdc.o
    0x08002fc0   0x0000000c   Code   RO         2511    i.USBD_CDC_GetFSCfgDesc  usbd_cdc.o
    0x08002fcc   0x0000000c   Code   RO         2512    i.USBD_CDC_GetHSCfgDesc  usbd_cdc.o
    0x08002fd8   0x0000000c   Code   RO         2513    i.USBD_CDC_GetOtherSpeedCfgDesc  usbd_cdc.o
    0x08002fe4   0x00000088   Code   RO         2514    i.USBD_CDC_Init     usbd_cdc.o
    0x0800306c   0x00000028   Code   RO         2515    i.USBD_CDC_ReceivePacket  usbd_cdc.o
    0x08003094   0x00000010   Code   RO         2516    i.USBD_CDC_RegisterInterface  usbd_cdc.o
    0x080030a4   0x0000000c   Code   RO         2517    i.USBD_CDC_SetRxBuffer  usbd_cdc.o
    0x080030b0   0x00000010   Code   RO         2518    i.USBD_CDC_SetTxBuffer  usbd_cdc.o
    0x080030c0   0x00000070   Code   RO         2519    i.USBD_CDC_Setup    usbd_cdc.o
    0x08003130   0x00000030   Code   RO         2520    i.USBD_CDC_TransmitPacket  usbd_cdc.o
    0x08003160   0x0000000e   Code   RO         2368    i.USBD_ClrClassConfig  usbd_core.o
    0x0800316e   0x00000010   Code   RO         2287    i.USBD_CtlContinueRx  usbd_ioreq.o
    0x0800317e   0x00000010   Code   RO         2288    i.USBD_CtlContinueSendData  usbd_ioreq.o
    0x0800318e   0x00000016   Code   RO         2616    i.USBD_CtlError     usbd_ctlreq.o
    0x080031a4   0x0000001e   Code   RO         2289    i.USBD_CtlPrepareRx  usbd_ioreq.o
    0x080031c2   0x00000016   Code   RO         2290    i.USBD_CtlReceiveStatus  usbd_ioreq.o
    0x080031d8   0x0000001a   Code   RO         2291    i.USBD_CtlSendData  usbd_ioreq.o
    0x080031f2   0x00000016   Code   RO         2292    i.USBD_CtlSendStatus  usbd_ioreq.o
    0x08003208   0x00000020   Code   RO         2752    i.USBD_FS_ConfigStrDescriptor  usbd_desc.o
    0x08003228   0x0000000c   Code   RO         2753    i.USBD_FS_DeviceDescriptor  usbd_desc.o
    0x08003234   0x00000024   Code   RO         2754    i.USBD_FS_InterfaceStrDescriptor  usbd_desc.o
    0x08003258   0x0000000c   Code   RO         2755    i.USBD_FS_LangIDStrDescriptor  usbd_desc.o
    0x08003264   0x00000028   Code   RO         2756    i.USBD_FS_ManufacturerStrDescriptor  usbd_desc.o
    0x0800328c   0x0000002c   Code   RO         2757    i.USBD_FS_ProductStrDescriptor  usbd_desc.o
    0x080032b8   0x00000024   Code   RO         2758    i.USBD_FS_SerialStrDescriptor  usbd_desc.o
    0x080032dc   0x000000e0   Code   RO         2617    i.USBD_GetDescriptor  usbd_ctlreq.o
    0x080033bc   0x00000046   Code   RO         2618    i.USBD_GetString    usbd_ctlreq.o
    0x08003402   0x0000002a   Code   RO         2370    i.USBD_Init         usbd_core.o
    0x0800342c   0x0000000e   Code   RO         2940    i.USBD_LL_ClearStallEP  usbd_conf.o
    0x0800343a   0x0000000e   Code   RO         2941    i.USBD_LL_CloseEP   usbd_conf.o
    0x08003448   0x000000aa   Code   RO         2371    i.USBD_LL_DataInStage  usbd_core.o
    0x080034f2   0x0000006a   Code   RO         2372    i.USBD_LL_DataOutStage  usbd_core.o
    0x0800355c   0x00000008   Code   RO         2945    i.USBD_LL_GetRxDataSize  usbd_conf.o
    0x08003564   0x0000007c   Code   RO         2946    i.USBD_LL_Init      usbd_conf.o
    0x080035e0   0x0000001c   Code   RO         2947    i.USBD_LL_IsStallEP  usbd_conf.o
    0x080035fc   0x00000014   Code   RO         2948    i.USBD_LL_OpenEP    usbd_conf.o
    0x08003610   0x0000000e   Code   RO         2949    i.USBD_LL_PrepareReceive  usbd_conf.o
    0x0800361e   0x0000003e   Code   RO         2377    i.USBD_LL_Reset     usbd_core.o
    0x0800365c   0x0000000c   Code   RO         2378    i.USBD_LL_Resume    usbd_core.o
    0x08003668   0x00000018   Code   RO         2379    i.USBD_LL_SOF       usbd_core.o
    0x08003680   0x00000006   Code   RO         2380    i.USBD_LL_SetSpeed  usbd_core.o
    0x08003686   0x0000000e   Code   RO         2950    i.USBD_LL_SetUSBAddress  usbd_conf.o
    0x08003694   0x0000005a   Code   RO         2381    i.USBD_LL_SetupStage  usbd_core.o
    0x080036ee   0x0000000e   Code   RO         2951    i.USBD_LL_StallEP   usbd_conf.o
    0x080036fc   0x0000000e   Code   RO         2952    i.USBD_LL_Start     usbd_conf.o
    0x0800370a   0x00000012   Code   RO         2382    i.USBD_LL_Suspend   usbd_core.o
    0x0800371c   0x0000000e   Code   RO         2954    i.USBD_LL_Transmit  usbd_conf.o
    0x0800372a   0x00000028   Code   RO         2619    i.USBD_ParseSetupRequest  usbd_ctlreq.o
    0x08003752   0x00000010   Code   RO         2383    i.USBD_RegisterClass  usbd_core.o
    0x08003762   0x00000016   Code   RO         2385    i.USBD_SetClassConfig  usbd_core.o
    0x08003778   0x00000074   Code   RO         2620    i.USBD_SetConfig    usbd_ctlreq.o
    0x080037ec   0x0000000a   Code   RO         2386    i.USBD_Start        usbd_core.o
    0x080037f6   0x000000f2   Code   RO         2621    i.USBD_StdDevReq    usbd_ctlreq.o
    0x080038e8   0x000000dc   Code   RO         2622    i.USBD_StdEPReq     usbd_ctlreq.o
    0x080039c4   0x00000034   Code   RO         2623    i.USBD_StdItfReq    usbd_ctlreq.o
    0x080039f8   0x00000004   Code   RO         2955    i.USBD_static_free  usbd_conf.o
    0x080039fc   0x00000008   Code   RO         2956    i.USBD_static_malloc  usbd_conf.o
    0x08003a04   0x0000025c   Code   RO          568    i.USB_ActivateEndpoint  stm32f1xx_ll_usb.o
    0x08003c60   0x00000004   Code   RO          571    i.USB_CoreInit      stm32f1xx_ll_usb.o
    0x08003c64   0x00000124   Code   RO          573    i.USB_DeactivateEndpoint  stm32f1xx_ll_usb.o
    0x08003d88   0x00000004   Code   RO          574    i.USB_DevConnect    stm32f1xx_ll_usb.o
    0x08003d8c   0x00000004   Code   RO          575    i.USB_DevDisconnect  stm32f1xx_ll_usb.o
    0x08003d90   0x00000012   Code   RO          576    i.USB_DevInit       stm32f1xx_ll_usb.o
    0x08003da2   0x0000000e   Code   RO          577    i.USB_DisableGlobalInt  stm32f1xx_ll_usb.o
    0x08003db0   0x00000004   Code   RO          578    i.USB_EP0_OutStart  stm32f1xx_ll_usb.o
    0x08003db4   0x0000006a   Code   RO          579    i.USB_EPClearStall  stm32f1xx_ll_usb.o
    0x08003e1e   0x0000004a   Code   RO          580    i.USB_EPSetStall    stm32f1xx_ll_usb.o
    0x08003e68   0x000001aa   Code   RO          581    i.USB_EPStartXfer   stm32f1xx_ll_usb.o
    0x08004012   0x0000000e   Code   RO          582    i.USB_EnableGlobalInt  stm32f1xx_ll_usb.o
    0x08004020   0x0000000c   Code   RO         2857    i.USB_LP_CAN1_RX0_IRQHandler  stm32f1xx_it.o
    0x0800402c   0x00000006   Code   RO          589    i.USB_ReadInterrupts  stm32f1xx_ll_usb.o
    0x08004032   0x00000002   PAD
    0x08004034   0x0000001e   Code   RO          590    i.USB_ReadPMA       stm32f1xx_ll_usb.o
    0x08004052   0x00000004   Code   RO          592    i.USB_SetCurrentMode  stm32f1xx_ll_usb.o
    0x08004056   0x0000000c   Code   RO          593    i.USB_SetDevAddress  stm32f1xx_ll_usb.o
    0x08004062   0x00000026   Code   RO          595    i.USB_WritePMA      stm32f1xx_ll_usb.o
    0x08004088   0x00000002   Code   RO         2858    i.UsageFault_Handler  stm32f1xx_it.o
    0x0800408a   0x00000002   PAD
    0x0800408c   0x00000030   Code   RO         3632    i.__0snprintf       mc_w.l(printfa.o)
    0x080040bc   0x00000028   Code   RO         3722    i.__ARM_fpclassify  m_ws.l(fpclassify.o)
    0x080040e4   0x00000388   Code   RO         3726    i.__ieee754_rem_pio2  m_ws.l(rred.o)
    0x0800446c   0x000000fc   Code   RO         3705    i.__kernel_cos      m_ws.l(cos_i.o)
    0x08004568   0x000000aa   Code   RO         3724    i.__kernel_poly     m_ws.l(poly.o)
    0x08004612   0x00000002   PAD
    0x08004614   0x000000ec   Code   RO         3731    i.__kernel_sin      m_ws.l(sin_i.o)
    0x08004700   0x0000027c   Code   RO         3737    i.__kernel_tan      m_ws.l(tan_i.o)
    0x0800497c   0x00000006   Code   RO         3709    i.__mathlib_dbl_infnan  m_ws.l(dunder.o)
    0x08004982   0x0000000c   Code   RO         3711    i.__mathlib_dbl_invalid  m_ws.l(dunder.o)
    0x0800498e   0x00000002   PAD
    0x08004990   0x00000010   Code   RO         3714    i.__mathlib_dbl_underflow  m_ws.l(dunder.o)
    0x080049a0   0x0000000e   Code   RO         3823    i.__scatterload_copy  mc_w.l(handlers.o)
    0x080049ae   0x00000002   Code   RO         3824    i.__scatterload_null  mc_w.l(handlers.o)
    0x080049b0   0x0000000e   Code   RO         3825    i.__scatterload_zeroinit  mc_w.l(handlers.o)
    0x080049be   0x00000002   PAD
    0x080049c0   0x0000000c   Code   RO         3768    i.__set_errno       mc_w.l(errno.o)
    0x080049cc   0x00000184   Code   RO         3638    i._fp_digits        mc_w.l(printfa.o)
    0x08004b50   0x000006dc   Code   RO         3639    i._printf_core      mc_w.l(printfa.o)
    0x0800522c   0x00000024   Code   RO         3640    i._printf_post_padding  mc_w.l(printfa.o)
    0x08005250   0x0000002e   Code   RO         3641    i._printf_pre_padding  mc_w.l(printfa.o)
    0x0800527e   0x00000016   Code   RO         3642    i._snputc           mc_w.l(printfa.o)
    0x08005294   0x00000270   Code   RO         3342    i.asin              m_ws.l(asin.o)
    0x08005504   0x0000009c   Code   RO         3352    i.cos               m_ws.l(cos.o)
    0x080055a0   0x00000050   Code   RO         3659    i.free              mc_w.l(malloc.o)
    0x080055f0   0x0000009c   Code   RO         2683    i.main              main.o
    0x0800568c   0x00000030   Code   RO         3229    i.rt_OneStep        hil_lib.o
    0x080056bc   0x000000a0   Code   RO         3360    i.sin               m_ws.l(sin.o)
    0x0800575c   0x00000030   Code   RO         3279    i.sistema_initialize  sistema.o
    0x0800578c   0x00000f7c   Code   RO         3280    i.sistema_step      sistema.o
    0x08006708   0x0000004c   Code   RO         3368    i.sqrt              m_ws.l(sqrt.o)
    0x08006754   0x00000064   Code   RO         3376    i.tan               m_ws.l(tan.o)
    0x080067b8   0x00000010   Data   RO         1934    .constdata          stm32f1xx_hal_rcc.o
    0x080067c8   0x00000004   Data   RO         3283    .constdata          sistema.o
    0x080067cc   0x00000004   PAD
    0x080067d0   0x00000050   Data   RO         3343    .constdata          m_ws.l(asin.o)
    0x08006820   0x00000030   Data   RO         3706    .constdata          m_ws.l(cos_i.o)
    0x08006850   0x000000c8   Data   RO         3728    .constdata          m_ws.l(rred.o)
    0x08006918   0x00000028   Data   RO         3732    .constdata          m_ws.l(sin_i.o)
    0x08006940   0x00000060   Data   RO         3738    .constdata          m_ws.l(tan_i.o)
    0x080069a0   0x00000040   Data   RO         3819    .constdata          mc_w.l(ctype_c.o)
    0x080069e0   0x00000020   Data   RO         3821    Region$$Table       anon$$obj.o


    Execution Region RW_IRAM1 (Base: 0x20000000, Size: 0x00002128, Max: 0x00005000, ABSOLUTE, COMPRESSED[0x000000f4])

    Base Addr    Size         Type   Attr      Idx    E Section Name        Object

    0x20000000   0x00000004   Data   RW          238    .data               stm32f1xx_hal.o
    0x20000004   0x00000004   Data   RW         2253    .data               system_stm32f1xx.o
    0x20000008   0x000000db   Data   RW         2521    .data               usbd_cdc.o
    0x200000e3   0x00000001   PAD
    0x200000e4   0x00000038   Data   RW         2522    .data               usbd_cdc.o
    0x2000011c   0x00000001   Data   RW         2624    .data               usbd_ctlreq.o
    0x2000011d   0x00000003   PAD
    0x20000120   0x0000001c   Data   RW         2760    .data               usbd_desc.o
    0x2000013c   0x00000016   Data   RW         2761    .data               usbd_desc.o
    0x20000152   0x00000002   PAD
    0x20000154   0x00000014   Data   RW         3177    .data               usbd_cdc_if.o
    0x20000168   0x00000010   Data   RW         3178    .data               usbd_cdc_if.o
    0x20000178   0x0000001f   Data   RW         3232    .data               hil_lib.o
    0x20000197   0x00000001   PAD
    0x20000198   0x00000004   Data   RW         3284    .data               sistema.o
    0x2000019c   0x00000004   Data   RW         3285    .data               sistema.o
    0x200001a0   0x0000003c   Data   RW         3325    .data               sistema_data.o
    0x200001dc   0x00000004   Data   RW         3764    .data               mc_w.l(mvars.o)
    0x200001e0   0x00000004   Data   RW         3769    .data               mc_w.l(errno.o)
    0x200001e4   0x0000003c   Zero   RW         2684    .bss                main.o
    0x20000220   0x00000200   Zero   RW         2759    .bss                usbd_desc.o
    0x20000420   0x00000224   Zero   RW         2821    .bss                usb_device.o
    0x20000644   0x00000640   Zero   RW         2957    .bss                usbd_conf.o
    0x20000c84   0x00000800   Zero   RW         3174    .bss                usbd_cdc_if.o
    0x20001484   0x00000850   Zero   RW         3230    .bss                hil_lib.o
    0x20001cd4   0x00000050   Zero   RW         3282    .bss                sistema.o
    0x20001d24   0x00000004   PAD
    0x20001d28   0x00000400   Zero   RW         2240    STACK               startup_stm32f103xb.o


==============================================================================

Image component sizes


      Code (inc. data)   RO Data    RW Data    ZI Data      Debug   Object Name

       644         90          0         31       2128       4956   hil_lib.o
       284         20          0          0         60       5839   main.o
      4012        118          4          8         80       5354   sistema.o
         0          0          0         60          0       1943   sistema_data.o
        36          8        236          0       1024        780   startup_stm32f103xb.o
       120         16          0          4          0       3674   stm32f1xx_hal.o
       228         14          0          0          0      27481   stm32f1xx_hal_cortex.o
       462         36          0          0          0       3669   stm32f1xx_hal_gpio.o
       164         16          0          0          0       1461   stm32f1xx_hal_msp.o
      1846          0          0          0          0      10393   stm32f1xx_hal_pcd.o
        52          0          0          0          0       1194   stm32f1xx_hal_pcd_ex.o
         0          0          0          0          0     255912   stm32f1xx_hal_pwr.o
      2422         70         16          0          0       5142   stm32f1xx_hal_rcc.o
       296         14          0          0          0       1364   stm32f1xx_hal_rcc_ex.o
       868         14          0          0          0       8979   stm32f1xx_hal_tim.o
        84          0          0          0          0       2366   stm32f1xx_hal_tim_ex.o
        50         12          0          0          0       3950   stm32f1xx_it.o
      1654          0          0          0          0      12755   stm32f1xx_ll_usb.o
        72         16          0          4          0       1365   system_stm32f1xx.o
        56         18          0          0        548        720   usb_device.o
       590         22          0        275          0      12846   usbd_cdc.o
       216         34          0         36       2048       3731   usbd_cdc_if.o
       474         28          0          0       1600      12649   usbd_conf.o
       592          0          0          0          0       9288   usbd_core.o
       986         30          0          1          0       7836   usbd_ctlreq.o
       212        116          0         50        512       5007   usbd_desc.o
       132          0          0          0          0       8784   usbd_ioreq.o

    ----------------------------------------------------------------------
     16578        692        292        476       8004     419438   Object Totals
         0          0         32          0          0          0   (incl. Generated)
        26          0          4          7          4          0   (incl. Padding)

    ----------------------------------------------------------------------

      Code (inc. data)   RO Data    RW Data    ZI Data      Debug   Library Member Name

       624         52         80          0          0        168   asin.o
       156          8          0          0          0        104   cos.o
       252         22         48          0          0        124   cos_i.o
        34          6          0          0          0        204   dunder.o
        40          0          0          0          0         68   fpclassify.o
       170          0          0          0          0         96   poly.o
       904         76        200          0          0        140   rred.o
       160         10          0          0          0        108   sin.o
       236         12         40          0          0        128   sin_i.o
        76          0          0          0          0         84   sqrt.o
       100         10          0          0          0         96   tan.o
       636         50         96          0          0        168   tan_i.o
        56          8          0          0          0         84   __0sscanf.o
        86          0          0          0          0          0   __dczerorl2.o
        28          0          0          0          0         68   _chval.o
       812          4          0          0          0        112   _scanf.o
       332          0          0          0          0         96   _scanf_int.o
        64          0          0          0          0         84   _sgetc.o
        40          6         64          0          0         68   ctype_c.o
         0          0          0          0          0          0   entry.o
         0          0          0          0          0          0   entry10a.o
         0          0          0          0          0          0   entry11a.o
         8          4          0          0          0          0   entry2.o
         4          0          0          0          0          0   entry5.o
         0          0          0          0          0          0   entry7b.o
         0          0          0          0          0          0   entry8b.o
         8          4          0          0          0          0   entry9a.o
        12          6          0          4          0         68   errno.o
        30          0          0          0          0          0   handlers.o
        36          8          0          0          0         68   init.o
        10          0          0          0          0         68   isspace_c.o
         0          0          0          0          0          0   iusefp.o
        30          0          0          0          0         68   llshl.o
        36          0          0          0          0         68   llsshr.o
        32          0          0          0          0         68   llushr.o
        80          4          0          0          0         76   malloc.o
        36          0          0          0          0         68   memcpya.o
        36          0          0          0          0        108   memseta.o
         0          0          0          4          0          0   mvars.o
      2296         84          0          0          0        520   printfa.o
        40          8          0          0          0         84   scanf_char.o
        24          0          0          0          0         68   strcat.o
        14          0          0          0          0         68   strlen.o
        44          0          0          0          0         80   uidiv.o
        98          0          0          0          0         92   uldiv.o
        48          0          0          0          0         68   cdrcmple.o
        20          0          0          0          0         68   cfcmple.o
        56          0          0          0          0         88   d2f.o
       334          0          0          0          0        148   dadd.o
       222          0          0          0          0        100   ddiv.o
       186          0          0          0          0        176   depilogue.o
        62          0          0          0          0         80   dfixi.o
        48          0          0          0          0         68   dfixul.o
        34          0          0          0          0         76   dflti.o
        26          0          0          0          0         76   dfltui.o
       228          0          0          0          0         96   dmul.o
        46          0          0          0          0         80   dscalb.o
       162          0          0          0          0        100   dsqrt.o
        38          0          0          0          0         68   f2d.o
       176          0          0          0          0        140   fadd.o
       124          0          0          0          0         88   fdiv.o
       110          0          0          0          0        168   fepilogue.o
       100          0          0          0          0         76   fmul.o
        24          0          0          0          0         68   fscalb.o

    ----------------------------------------------------------------------
      9738        382        528          8          0       5404   Library Totals
        14          0          0          0          0          0   (incl. Padding)

    ----------------------------------------------------------------------

      Code (inc. data)   RO Data    RW Data    ZI Data      Debug   Library Name

      3388        246        464          0          0       1488   m_ws.l
      4292        136         64          8          0       2084   mc_w.l
      2044          0          0          0          0       1832   mf_w.l

    ----------------------------------------------------------------------
      9738        382        528          8          0       5404   Library Totals

    ----------------------------------------------------------------------

==============================================================================


      Code (inc. data)   RO Data    RW Data    ZI Data      Debug   

     26316       1074        820        484       8004     413634   Grand Totals
     26316       1074        820        244       8004     413634   ELF Image Totals (compressed)
     26316       1074        820        244          0          0   ROM Totals

==============================================================================

    Total RO  Size (Code + RO Data)                27136 (  26.50kB)
    Total RW  Size (RW Data + ZI Data)              8488 (   8.29kB)
    Total ROM Size (Code + RO Data + RW Data)      27380 (  26.74kB)

==============================================================================

