<html>
<body>
<pre>
<h1>µVision Build Log</h1>
<h2>Tool Versions:</h2>
IDE-Version: µVision V5.22.0.0
Copyright (C) 2016 ARM Ltd and ARM Germany GmbH. All rights reserved.
License Information: dani Microsoft, Microsoft, LIC=----
 
Tool Versions:
Toolchain:       MDK-Lite  Version: 5.22
Toolchain Path:  C:\Keil_v5\ARM\ARMCC\Bin
C Compiler:      Armcc.exe V5.06 update 4 (build 422)
Assembler:       Armasm.exe V5.06 update 4 (build 422)
Linker/Locator:  ArmLink.exe V5.06 update 4 (build 422)
Library Manager: ArmAr.exe V5.06 update 4 (build 422)
Hex Converter:   FromElf.exe V5.06 update 4 (build 422)
CPU DLL:         SARMCM3.DLL V5.22
Dialog DLL:      DCM.DLL V1.13.9.0
Target DLL:      STLink\ST-LINKIII-KEIL_SWO.dll V2.0.18.0
Dialog DLL:      TCM.DLL V1.21.0.0
 
<h2>Project:</h2>
C:\Users\nesvera\Documents\GitHub\tcc-lucas\stm\hil_tcc_lucas\MDK-ARM\hil_tcc_lucas.uvprojx
Project File Date:  01/10/2017

<h2>Output:</h2>
*** Using Compiler 'V5.06 update 4 (build 422)', folder: 'C:\Keil_v5\ARM\ARMCC\Bin'
Rebuild target 'hil_tcc_lucas'
compiling stm32f1xx_hal.c...
compiling stm32f1xx_hal_pwr.c...
compiling stm32f1xx_hal_pcd.c...
compiling stm32f1xx_ll_usb.c...
compiling stm32f1xx_hal_dma.c...
compiling stm32f1xx_hal_tim_ex.c...
compiling stm32f1xx_hal_rcc_ex.c...
compiling stm32f1xx_hal_gpio.c...
compiling stm32f1xx_hal_tim.c...
compiling stm32f1xx_hal_cortex.c...
compiling stm32f1xx_hal_rcc.c...
compiling stm32f1xx_hal_flash.c...
compiling stm32f1xx_hal_flash_ex.c...
assembling startup_stm32f103xb.s...
compiling stm32f1xx_hal_pcd_ex.c...
compiling system_stm32f1xx.c...
compiling usbd_ioreq.c...
compiling usbd_core.c...
compiling usbd_cdc.c...
compiling usbd_ctlreq.c...
compiling main.c...
compiling usbd_desc.c...
compiling stm32f1xx_it.c...
compiling usb_device.c...
compiling stm32f1xx_hal_msp.c...
compiling usbd_cdc_if.c...
compiling usbd_conf.c...
compiling sistema_data.c...
compiling hil_lib.c...
..\Src\library\hil_lib.c(208): warning:  #188-D: enumerated type mixed with another type
  					HAL_GPIO_WritePin( 
PIOA, 
PIO_PIN_9, SET );				// Liga o led antes do calculo 
..\Src\library\hil_lib.c(213): warning:  #188-D: enumerated type mixed with another type
  					HAL_GPIO_WritePin( 
PIOA, 
PIO_PIN_9, RESET );			// Desliga apos o calculo
..\Src\library\hil_lib.c: 2 warnings, 0 errors
compiling sistema.c...
linking...
Program Size: Code=26316 RO-data=820 RW-data=484 ZI-data=8004  
"hil_tcc_lucas\hil_tcc_lucas.axf" - 0 Error(s), 2 Warning(s).

<h2>Software Packages used:</h2>

Package Vendor: ARM
                http://www.keil.com/pack/ARM.CMSIS.5.0.0.pack
                ARM::CMSIS:CORE:5.0.0
                CMSIS (Cortex Microcontroller Software Interface Standard)
   * Component: CORE Version: 5.0.0

<h2>Collection of Component include folders:</h2>
  C:\Users\nesvera\Documents\GitHub\tcc-lucas\stm\hil_tcc_lucas\MDK-ARM\RTE\_hil_tcc_lucas
  C:\Keil_v5\ARM\PACK\ARM\CMSIS\5.0.0\CMSIS\Include
  C:\Keil_v5\ARM\PACK\Keil\STM32F1xx_DFP\2.1.0\Device\Include

<h2>Collection of Component Files used:</h2>

   * Component: ARM::CMSIS:CORE:5.0.0
Build Time Elapsed:  00:00:11
</pre>
</body>
</html>
